Archive member included to satisfy reference by file (symbol)

/opt/devkitpro/wups/lib/libwups.a(config.o)
                              main.o (WUPSConfig_Create)
/opt/devkitpro/wups/lib/libwups.a(storage.o)
                              main.o (WUPS_InitStorage)
/opt/devkitpro/wups/lib/libwups.a(WUPSConfigItemBoolean.o)
                              main.o (WUPSConfigItemBoolean_AddToCategory)
/opt/devkitpro/wups/lib/libwups.a(main.o)
                              (__wups_start)
/opt/devkitpro/wups/lib/libwups.a(base64.o)
                              /opt/devkitpro/wups/lib/libwups.a(storage.o) (b64_encode)
/opt/devkitpro/wut/lib/libwut.a(coreinit.o)
                              main.o (OSFatal)
/opt/devkitpro/wut/lib/libwut.a(wut_newlib.o)
                              main.o (__init_wut_newlib)
/opt/devkitpro/wut/lib/libwut.a(wut_gettod_r.o)
                              /opt/devkitpro/wut/lib/libwut.a(wut_newlib.o) (__wut_gettod_r)
/opt/devkitpro/wut/lib/libwut.a(wut_nanosleep.o)
                              /opt/devkitpro/wut/lib/libwut.a(wut_newlib.o) (__wut_nanosleep)
/opt/devkitpro/wut/lib/libwut.a(wut_sbrk.o)
                              /opt/devkitpro/wut/lib/libwut.a(wut_newlib.o) (__wut_sbrk_r)
/opt/devkitpro/wut/lib/libwut.a(wut_malloc_lock.o)
                              /opt/devkitpro/wut/lib/libwut.a(wut_newlib.o) (__wut_malloc_lock)
/opt/devkitpro/wut/lib/libwut.a(wut_malloc.o)
                              main.o (__init_wut_malloc)
/opt/devkitpro/wut/lib/libwut.a(devoptab_fs.o)
                              main.o (__init_wut_devoptab)
/opt/devkitpro/wut/lib/libwut.a(devoptab_fs_chdir.o)
                              /opt/devkitpro/wut/lib/libwut.a(devoptab_fs.o) (__wut_fs_chdir)
/opt/devkitpro/wut/lib/libwut.a(devoptab_fs_fstat.o)
                              /opt/devkitpro/wut/lib/libwut.a(devoptab_fs.o) (__wut_fs_fstat)
/opt/devkitpro/wut/lib/libwut.a(devoptab_fs_mkdir.o)
                              /opt/devkitpro/wut/lib/libwut.a(devoptab_fs.o) (__wut_fs_mkdir)
/opt/devkitpro/wut/lib/libwut.a(devoptab_fs_read.o)
                              /opt/devkitpro/wut/lib/libwut.a(devoptab_fs.o) (__wut_fs_read)
/opt/devkitpro/wut/lib/libwut.a(devoptab_fs_utils.o)
                              /opt/devkitpro/wut/lib/libwut.a(devoptab_fs_chdir.o) (__wut_fs_fixpath)
/opt/devkitpro/wut/lib/libwut.a(devoptab_fs_unlink.o)
                              /opt/devkitpro/wut/lib/libwut.a(devoptab_fs.o) (__wut_fs_unlink)
/opt/devkitpro/wut/lib/libwut.a(devoptab_fs_fsync.o)
                              /opt/devkitpro/wut/lib/libwut.a(devoptab_fs.o) (__wut_fs_fsync)
/opt/devkitpro/wut/lib/libwut.a(devoptab_fs_diropen.o)
                              /opt/devkitpro/wut/lib/libwut.a(devoptab_fs.o) (__wut_fs_diropen)
/opt/devkitpro/wut/lib/libwut.a(devoptab_fs_link.o)
                              /opt/devkitpro/wut/lib/libwut.a(devoptab_fs.o) (__wut_fs_link)
/opt/devkitpro/wut/lib/libwut.a(devoptab_fs_dirclose.o)
                              /opt/devkitpro/wut/lib/libwut.a(devoptab_fs.o) (__wut_fs_dirclose)
/opt/devkitpro/wut/lib/libwut.a(devoptab_fs_utimes.o)
                              /opt/devkitpro/wut/lib/libwut.a(devoptab_fs.o) (__wut_fs_utimes)
/opt/devkitpro/wut/lib/libwut.a(devoptab_fs_dirreset.o)
                              /opt/devkitpro/wut/lib/libwut.a(devoptab_fs.o) (__wut_fs_dirreset)
/opt/devkitpro/wut/lib/libwut.a(devoptab_fs_rmdir.o)
                              /opt/devkitpro/wut/lib/libwut.a(devoptab_fs.o) (__wut_fs_rmdir)
/opt/devkitpro/wut/lib/libwut.a(devoptab_fs_open.o)
                              /opt/devkitpro/wut/lib/libwut.a(devoptab_fs.o) (__wut_fs_open)
/opt/devkitpro/wut/lib/libwut.a(devoptab_fs_write.o)
                              /opt/devkitpro/wut/lib/libwut.a(devoptab_fs.o) (__wut_fs_write)
/opt/devkitpro/wut/lib/libwut.a(devoptab_fs_chmod.o)
                              /opt/devkitpro/wut/lib/libwut.a(devoptab_fs.o) (__wut_fs_chmod)
/opt/devkitpro/wut/lib/libwut.a(devoptab_fs_fchmod.o)
                              /opt/devkitpro/wut/lib/libwut.a(devoptab_fs.o) (__wut_fs_fchmod)
/opt/devkitpro/wut/lib/libwut.a(devoptab_fs_dirnext.o)
                              /opt/devkitpro/wut/lib/libwut.a(devoptab_fs.o) (__wut_fs_dirnext)
/opt/devkitpro/wut/lib/libwut.a(devoptab_fs_close.o)
                              /opt/devkitpro/wut/lib/libwut.a(devoptab_fs.o) (__wut_fs_close)
/opt/devkitpro/wut/lib/libwut.a(devoptab_fs_truncate.o)
                              /opt/devkitpro/wut/lib/libwut.a(devoptab_fs.o) (__wut_fs_ftruncate)
/opt/devkitpro/wut/lib/libwut.a(devoptab_fs_statvfs.o)
                              /opt/devkitpro/wut/lib/libwut.a(devoptab_fs.o) (__wut_fs_statvfs)
/opt/devkitpro/wut/lib/libwut.a(devoptab_fs_rename.o)
                              /opt/devkitpro/wut/lib/libwut.a(devoptab_fs.o) (__wut_fs_rename)
/opt/devkitpro/wut/lib/libwut.a(devoptab_fs_seek.o)
[...]
Memory Configuration

Name             Origin             Length             Attributes
codemem          0x0000000002000000 0x000000000e000000 xrw
datamem          0x0000000010000000 0x0000000032000000 rw
loadmem          0x00000000c0000000 0x0000000008000000 xrw
*default*        0x0000000000000000 0xffffffffffffffff

Linker script and memory map

                0x0000000002000000                . = ORIGIN (codemem)

.syscall
 *(.syscall .syscall.*)

.text           0x0000000002000000    0x167e4
 *(.crt0)
 *(SORT_NONE(.init))
 .init          0x0000000002000000        0xc /opt/devkitpro/devkitPPC/bin/../lib/gcc/powerpc-eabi/12.1.0/ecrti.o
                0x0000000002000000                __init
 .init          0x000000000200000c        0x4 /opt/devkitpro/devkitPPC/bin/../lib/gcc/powerpc-eabi/12.1.0/crtbegin.o
 .init          0x0000000002000010        0x4 /opt/devkitpro/devkitPPC/bin/../lib/gcc/powerpc-eabi/12.1.0/crtend.o
 .init          0x0000000002000014       0x10 /opt/devkitpro/devkitPPC/bin/../lib/gcc/powerpc-eabi/12.1.0/ecrtn.o
 *(.text.unlikely .text.*_unlikely .text.unlikely.*)
 .text.unlikely.abort
                0x0000000002000024       0x2c main.o
                                         0x1c (size before relaxing)
                0x0000000002000024                abort
 .text.unlikely._ZN9__gnu_cxx30__throw_concurrence_lock_errorEv
                0x0000000002000050       0x34 /opt/devkitpro/devkitPPC/bin/../lib/gcc/powerpc-eabi/12.1.0/../../../../powerpc-eabi/lib/libstdc++.a(eh_alloc.o)
                0x0000000002000050                _ZN9__gnu_cxx30__throw_concurrence_lock_errorEv
 .text.unlikely._ZN9__gnu_cxx32__throw_concurrence_unlock_errorEv
                0x0000000002000084       0x34 /opt/devkitpro/devkitPPC/bin/../lib/gcc/powerpc-eabi/12.1.0/../../../../powerpc-eabi/lib/libstdc++.a(eh_alloc.o)
                0x0000000002000084                _ZN9__gnu_cxx32__throw_concurrence_unlock_errorEv
 *(.text.exit .text.exit.*)
 .text.exit._GLOBAL__sub_D_sDefaultValues
                0x00000000020000b8        0xc /opt/devkitpro/wums/lib/libnotifications.a(utils.o)
 .text.exit._GLOBAL__sub_D__ZN9__gnu_cxx9__freeresEv
                0x00000000020000c4       0x38 /opt/devkitpro/devkitPPC/bin/../lib/gcc/powerpc-eabi/12.1.0/../../../../powerpc-eabi/lib/libstdc++.a(eh_alloc.o)
 .text.exit._GLOBAL__sub_D___cxa_get_globals_fast
                0x00000000020000fc       0x40 /opt/devkitpro/devkitPPC/bin/../lib/gcc/powerpc-eabi/12.1.0/../../../../powerpc-eabi/lib/libstdc++.a(eh_globals.o)
 *(.text.startup .text.startup.*)
 .text.startup._GLOBAL__sub_I_sDefaultValues
                0x000000000200013c       0x28 /opt/devkitpro/wums/lib/libnotifications.a(utils.o)
 .text.startup._GLOBAL__sub_I__ZN9__gnu_cxx9__freeresEv
                0x0000000002000164       0x80 /opt/devkitpro/devkitPPC/bin/../lib/gcc/powerpc-eabi/12.1.0/../../../../powerpc-eabi/lib/libstdc++.a(eh_alloc.o)
 .text.startup._GLOBAL__sub_I___cxa_get_globals_fast
                0x00000000020001e4       0x60 /opt/devkitpro/devkitPPC/bin/../lib/gcc/powerpc-eabi/12.1.0/../../../../powerpc-eabi/lib/libstdc++.a(eh_globals.o)
 *(.text.hot .text.hot.*)
 *(SORT_BY_NAME(.text.sorted.*))
 *(.text .stub .text.* .gnu.linkonce.t.*)
 .text.__do_global_dtors_aux
                0x0000000002000244       0xcc /opt/devkitpro/devkitPPC/bin/../lib/gcc/powerpc-eabi/12.1.0/crtbegin.o
 .text.frame_dummy
                0x0000000002000310       0x24 /opt/devkitpro/devkitPPC/bin/../lib/gcc/powerpc-eabi/12.1.0/crtbegin.o
 .text._Z13deinit_pluginv
                0x0000000002000334        0x4 main.o
                0x0000000002000334                _Z13deinit_pluginv
 .text._Z18on_init_wut_mallocv
                0x0000000002000338        0x4 main.o
                0x0000000002000338                _Z18on_init_wut_mallocv
 .text._Z18on_fini_wut_mallocv
                0x000000000200033c        0x4 main.o
                0x000000000200033c                _Z18on_fini_wut_mallocv
 .text._Z19on_init_wut_socketsv
                0x0000000002000340       0x14 main.o
                0x0000000002000340                _Z19on_init_wut_socketsv
 .text._Z19on_fini_wut_socketsv
                0x0000000002000354       0x14 main.o
                0x0000000002000354                _Z19on_fini_wut_socketsv
 .text._Z18on_init_wut_newlibv
                0x0000000002000368        0x4 main.o
                0x0000000002000368                _Z18on_init_wut_newlibv
 .text._Z18on_fini_wut_newlibv
                0x000000000200036c        0x4 main.o
                0x000000000200036c                _Z18on_fini_wut_newlibv
 .text._Z18on_init_wut_stdcppv
                0x0000000002000370        0x4 main.o
                0x0000000002000370                _Z18on_init_wut_stdcppv
 .text._Z18on_fini_wut_stdcppv
                0x0000000002000374        0x4 main.o
                0x0000000002000374                _Z18on_fini_wut_stdcppv
 .text._Z14__init_wrapperv
                0x0000000002000378        0x4 main.o
                0x0000000002000378                _Z14__init_wrapperv
 .text._Z14__fini_wrapperv
                0x000000000200037c        0x4 main.o
                0x000000000200037c                _Z14__fini_wrapperv
 .text._Z20on_init_wut_devoptabv
                0x0000000002000380        0x4 main.o
                0x0000000002000380                _Z20on_init_wut_devoptabv
 .text._Z20on_fini_wut_devoptabv
                0x0000000002000384        0x4 main.o
                0x0000000002000384                _Z20on_fini_wut_devoptabv
 .text._Z12init_storage32wups_loader_init_storage_args_t_
                0x0000000002000388       0x40 main.o
                0x0000000002000388                _Z12init_storage32wups_loader_init_storage_args_t_
 .text._Z11init_pluginv
                0x00000000020003c8       0x24 main.o
                0x00000000020003c8                _Z11init_pluginv
 .text._Z13on_app_endingv
                0x00000000020003ec        0x4 main.o
                0x00000000020003ec                _Z13on_app_endingv
 .text._Z15on_app_startingv
                0x00000000020003f0       0x28 main.o
                0x00000000020003f0                _Z15on_app_startingv
 .text._Z20on_app_requests_exitv
                0x0000000002000418       0x44 main.o
                                         0x34 (size before relaxing)
                0x0000000002000418                _Z20on_app_requests_exitv
 .text._Z13my_FSOpenFileP8FSClientP10FSCmdBlockPKcS4_Pii
                0x000000000200045c       0xc0 main.o
                                         0xb0 (size before relaxing)
                0x000000000200045c                _Z13my_FSOpenFileP8FSClientP10FSCmdBlockPKcS4_Pii
 .text._Z16logFSOpenChangedP17ConfigItemBooleanb
                0x000000000200051c       0x88 main.o
                                         0x78 (size before relaxing)
                0x000000000200051c                _Z16logFSOpenChangedP17ConfigItemBooleanb
 .text._Z18on_get_wups_configv
                0x00000000020005a4       0xdc main.o
                                         0xac (size before relaxing)
                0x00000000020005a4                _Z18on_get_wups_configv
 .text._Z21on_wups_config_closedv
                0x0000000002000680       0x78 main.o
                                         0x68 (size before relaxing)
                0x0000000002000680                _Z21on_wups_config_closedv
 .text.initLogging
                0x00000000020006f8        0x4 logger.o
                0x00000000020006f8                initLogging
 .text.deinitLogging
                0x00000000020006fc        0x4 logger.o
                0x00000000020006fc                deinitLogging
 .text._ZL9closeItemP20wups_storage_item_t_
                0x0000000002000700       0xb0 /opt/devkitpro/wups/lib/libwups.a(storage.o)
 .text._ZL7addItemP20wups_storage_item_t_PKc20wups_storage_type_t_P16WUPSStorageError
                0x00000000020007b0      0x1f8 /opt/devkitpro/wups/lib/libwups.a(storage.o)
 .text.WUPS_InitStorage
                0x00000000020009a8       0x94 /opt/devkitpro/wups/lib/libwups.a(storage.o)
                0x00000000020009a8                WUPS_InitStorage
 .text.WUPS_OpenStorage
                0x0000000002000a3c       0xac /opt/devkitpro/wups/lib/libwups.a(storage.o)
                0x0000000002000a3c                WUPS_OpenStorage
 .text.WUPS_CloseStorage
                0x0000000002000ae8      0x154 /opt/devkitpro/wups/lib/libwups.a(storage.o)
                0x0000000002000ae8                WUPS_CloseStorage
 .text.WUPS_StoreInt
                0x0000000002000c3c      0x150 /opt/devkitpro/wups/lib/libwups.a(storage.o)
                0x0000000002000c3c                WUPS_StoreInt
 .text._Z34WUPSConfigItemBoolean_callCallbackPv
                0x0000000002000d8c       0x48 /opt/devkitpro/wups/lib/libwups.a(WUPSConfigItemBoolean.o)
                0x0000000002000d8c                _Z34WUPSConfigItemBoolean_callCallbackPv
 .text._Z39WUPSConfigItemBoolean_isMovementAllowedPv
                0x0000000002000dd4        0x8 /opt/devkitpro/wups/lib/libwups.a(WUPSConfigItemBoolean.o)
                0x0000000002000dd4                _Z39WUPSConfigItemBoolean_isMovementAllowedPv
 .text._Z36WUPSConfigItemBoolean_restoreDefaultPv
                0x0000000002000ddc        0xc /opt/devkitpro/wups/lib/libwups.a(WUPSConfigItemBoolean.o)
                0x0000000002000ddc                _Z36WUPSConfigItemBoolean_restoreDefaultPv
 .text._Z32WUPSConfigItemBoolean_onSelectedPvb
                0x0000000002000de8        0x4 /opt/devkitpro/wups/lib/libwups.a(WUPSConfigItemBoolean.o)
                0x0000000002000de8                _Z32WUPSConfigItemBoolean_onSelectedPvb
 .text._Z44WUPSConfigItemBoolean_getCurrentValueDisplayPvPci
                0x0000000002000dec       0x74 /opt/devkitpro/wups/lib/libwups.a(WUPSConfigItemBoolean.o)
                0x0000000002000dec                _Z44WUPSConfigItemBoolean_getCurrentValueDisplayPvPci
 .text._Z52WUPSConfigItemBoolean_getCurrentValueSelectedDisplayPvPci
                0x0000000002000e60       0x74 /opt/devkitpro/wups/lib/libwups.a(WUPSConfigItemBoolean.o)
                0x0000000002000e60                _Z52WUPSConfigItemBoolean_getCurrentValueSelectedDisplayPvPci
 .text._Z30WUPSConfigItemBoolean_onDeletePv
                0x0000000002000ed4       0x34 /opt/devkitpro/wups/lib/libwups.a(WUPSConfigItemBoolean.o)
                0x0000000002000ed4                _Z30WUPSConfigItemBoolean_onDeletePv
 .text._Z37WUPSConfigItemBoolean_onButtonPressedPvi
                0x0000000002000f08       0x64 /opt/devkitpro/wups/lib/libwups.a(WUPSConfigItemBoolean.o)
                0x0000000002000f08                _Z37WUPSConfigItemBoolean_onButtonPressedPvi
 .text.WUPSConfigItemBoolean_AddToCategoryEx
                0x0000000002000f6c      0x22c /opt/devkitpro/wups/lib/libwups.a(WUPSConfigItemBoolean.o)
                                        0x1fc (size before relaxing)
                0x0000000002000f6c                WUPSConfigItemBoolean_AddToCategoryEx
 .text.WUPSConfigItemBoolean_AddToCategory
                0x0000000002001198       0x14 /opt/devkitpro/wups/lib/libwups.a(WUPSConfigItemBoolean.o)
                0x0000000002001198                WUPSConfigItemBoolean_AddToCategory
 .text.__wups_start
                0x00000000020011ac       0x1c /opt/devkitpro/wups/lib/libwups.a(main.o)
                                          0xc (size before relaxing)
                0x00000000020011ac                __wups_start
 .text.__syscall_lock_init
                0x00000000020011c8        0x4 /opt/devkitpro/wut/lib/libwut.a(wut_newlib.o)
                0x00000000020011c8                __syscall_lock_init
 .text.__syscall_lock_close
                0x00000000020011cc        0x4 /opt/devkitpro/wut/lib/libwut.a(wut_newlib.o)
                0x00000000020011cc                __syscall_lock_close
 .text.__syscall_lock_release
                0x00000000020011d0        0x4 /opt/devkitpro/wut/lib/libwut.a(wut_newlib.o)
                0x00000000020011d0                __syscall_lock_release
 .text.__syscall_lock_acquire
                0x00000000020011d4        0x4 /opt/devkitpro/wut/lib/libwut.a(wut_newlib.o)
                0x00000000020011d4                __syscall_lock_acquire
 .text.__init_wut_newlib
                0x00000000020011d8       0x14 /opt/devkitpro/wut/lib/libwut.a(wut_newlib.o)
                0x00000000020011d8                __init_wut_newlib
 .text.__fini_wut_newlib
                0x00000000020011ec        0x4 /opt/devkitpro/wut/lib/libwut.a(wut_newlib.o)
                0x00000000020011ec                __fini_wut_newlib
 .text.__fini_wut_sbrk_heap
                0x00000000020011f0       0x70 /opt/devkitpro/wut/lib/libwut.a(wut_sbrk.o)
                                         0x60 (size before relaxing)
                0x00000000020011f0                __fini_wut_sbrk_heap
 .text.__init_wut_malloc
                0x0000000002001260        0x4 /opt/devkitpro/wut/lib/libwut.a(wut_malloc.o)
                0x0000000002001260                __init_wut_malloc
 .text.__fini_wut_malloc
                0x0000000002001264        0x4 /opt/devkitpro/wut/lib/libwut.a(wut_malloc.o)
                0x0000000002001264                __fini_wut_malloc
 .text._malloc_r
                0x0000000002001268       0x60 /opt/devkitpro/wut/lib/libwut.a(wut_malloc.o)
                0x0000000002001268                _malloc_r
 .text._free_r  0x00000000020012c8       0x18 /opt/devkitpro/wut/lib/libwut.a(wut_malloc.o)
                0x00000000020012c8                _free_r
 .text._realloc_r
                0x00000000020012e0       0xe4 /opt/devkitpro/wut/lib/libwut.a(wut_malloc.o)
                                         0xd4 (size before relaxing)
                0x00000000020012e0                _realloc_r
 .text._calloc_r
                0x00000000020013c4       0x90 /opt/devkitpro/wut/lib/libwut.a(wut_malloc.o)
                0x00000000020013c4                _calloc_r
 .text._memalign_r
                0x0000000002001454       0x20 /opt/devkitpro/wut/lib/libwut.a(wut_malloc.o)
                0x0000000002001454                _memalign_r
 .text.__init_wut_devoptab
                0x0000000002001474      0x1dc /opt/devkitpro/wut/lib/libwut.a(devoptab_fs.o)
                                        0x17c (size before relaxing)
                0x0000000002001474                __init_wut_devoptab
 .text.__fini_wut_devoptab
                0x0000000002001650       0xe4 /opt/devkitpro/wut/lib/libwut.a(devoptab_fs.o)
                                         0xb4 (size before relaxing)
                0x0000000002001650                __fini_wut_devoptab
 .text.__wut_fs_chdir
                0x0000000002001734       0xec /opt/devkitpro/wut/lib/libwut.a(devoptab_fs_chdir.o)
                                         0xcc (size before relaxing)
                0x0000000002001734                __wut_fs_chdir
 .text.__wut_fs_fstat
                0x0000000002001820       0xd8 /opt/devkitpro/wut/lib/libwut.a(devoptab_fs_fstat.o)
                                         0xb8 (size before relaxing)
                0x0000000002001820                __wut_fs_fstat
 .text.__wut_fs_mkdir
                0x00000000020018f8       0xec /opt/devkitpro/wut/lib/libwut.a(devoptab_fs_mkdir.o)
                                         0xcc (size before relaxing)
                0x00000000020018f8                __wut_fs_mkdir
 .text.__wut_fs_read
                0x00000000020019e4      0x1e0 /opt/devkitpro/wut/lib/libwut.a(devoptab_fs_read.o)
                                        0x1c0 (size before relaxing)
                0x00000000020019e4                __wut_fs_read
 .text.__wut_fs_fixpath
                0x0000000002001bc4       0xe4 /opt/devkitpro/wut/lib/libwut.a(devoptab_fs_utils.o)
                0x0000000002001bc4                __wut_fs_fixpath
 .text.__wut_fs_translate_stat_mode
                0x0000000002001ca8       0xa4 /opt/devkitpro/wut/lib/libwut.a(devoptab_fs_utils.o)
                0x0000000002001ca8                __wut_fs_translate_stat_mode
 .text.__wut_fs_translate_permission_mode
                0x0000000002001d4c       0x18 /opt/devkitpro/wut/lib/libwut.a(devoptab_fs_utils.o)
                0x0000000002001d4c                __wut_fs_translate_permission_mode
 .text.__wut_fs_translate_stat
                0x0000000002001d64      0x138 /opt/devkitpro/wut/lib/libwut.a(devoptab_fs_utils.o)
                0x0000000002001d64                __wut_fs_translate_stat
 .text.__wut_fs_translate_error
                0x0000000002001e9c       0x98 /opt/devkitpro/wut/lib/libwut.a(devoptab_fs_utils.o)
                0x0000000002001e9c                __wut_fs_translate_error
 .text.__wut_fs_unlink
                0x0000000002001f34       0xf8 /opt/devkitpro/wut/lib/libwut.a(devoptab_fs_unlink.o)
                                         0xd8 (size before relaxing)
                0x0000000002001f34                __wut_fs_unlink
 .text.__wut_fs_fsync
                0x000000000200202c       0xa8 /opt/devkitpro/wut/lib/libwut.a(devoptab_fs_fsync.o)
                                         0x88 (size before relaxing)
                0x000000000200202c                __wut_fs_fsync
 .text.__wut_fs_diropen
                0x00000000020020d4      0x144 /opt/devkitpro/wut/lib/libwut.a(devoptab_fs_diropen.o)
                                        0x124 (size before relaxing)
                0x00000000020020d4                __wut_fs_diropen
 .text.__wut_fs_link
                0x0000000002002218       0x10 /opt/devkitpro/wut/lib/libwut.a(devoptab_fs_link.o)
                0x0000000002002218                __wut_fs_link
 .text.__wut_fs_dirclose
                0x0000000002002228       0xac /opt/devkitpro/wut/lib/libwut.a(devoptab_fs_dirclose.o)
                                         0x8c (size before relaxing)
                0x0000000002002228                __wut_fs_dirclose
 .text.__wut_fs_utimes
                0x00000000020022d4       0x10 /opt/devkitpro/wut/lib/libwut.a(devoptab_fs_utimes.o)
                0x00000000020022d4                __wut_fs_utimes
 .text.__wut_fs_dirreset
                0x00000000020022e4       0xac /opt/devkitpro/wut/lib/libwut.a(devoptab_fs_dirreset.o)
                                         0x8c (size before relaxing)
                0x00000000020022e4                __wut_fs_dirreset
 .text.__wut_fs_rmdir
                0x0000000002002390       0xf8 /opt/devkitpro/wut/lib/libwut.a(devoptab_fs_rmdir.o)
                                         0xd8 (size before relaxing)
                0x0000000002002390                __wut_fs_rmdir
 .text.__wut_fs_open
                0x0000000002002488      0x4b8 /opt/devkitpro/wut/lib/libwut.a(devoptab_fs_open.o)
                                        0x468 (size before relaxing)
                0x0000000002002488                __wut_fs_open
 .text.__wut_fs_write
                0x0000000002002940      0x1f8 /opt/devkitpro/wut/lib/libwut.a(devoptab_fs_write.o)
                                        0x1d8 (size before relaxing)
                0x0000000002002940                __wut_fs_write
 .text.__wut_fs_chmod
                0x0000000002002b38      0x108 /opt/devkitpro/wut/lib/libwut.a(devoptab_fs_chmod.o)
                                         0xe8 (size before relaxing)
                0x0000000002002b38                __wut_fs_chmod
 .text.__wut_fs_fchmod
                0x0000000002002c40       0x10 /opt/devkitpro/wut/lib/libwut.a(devoptab_fs_fchmod.o)
                0x0000000002002c40                __wut_fs_fchmod
 .text.__wut_fs_dirnext
                0x0000000002002c50      0x140 /opt/devkitpro/wut/lib/libwut.a(devoptab_fs_dirnext.o)
                                        0x120 (size before relaxing)
                0x0000000002002c50                __wut_fs_dirnext
 .text.__wut_fs_close
                0x0000000002002d90       0xa8 /opt/devkitpro/wut/lib/libwut.a(devoptab_fs_close.o)
                                         0x88 (size before relaxing)
                0x0000000002002d90                __wut_fs_close
 .text.__wut_fs_ftruncate
                0x0000000002002e38       0xfc /opt/devkitpro/wut/lib/libwut.a(devoptab_fs_truncate.o)
                                         0xcc (size before relaxing)
                0x0000000002002e38                __wut_fs_ftruncate
 .text.__wut_fs_statvfs
                0x0000000002002f34       0x10 /opt/devkitpro/wut/lib/libwut.a(devoptab_fs_statvfs.o)
                0x0000000002002f34                __wut_fs_statvfs
 .text.__wut_fs_rename
                0x0000000002002f44      0x144 /opt/devkitpro/wut/lib/libwut.a(devoptab_fs_rename.o)
                                        0x124 (size before relaxing)
                0x0000000002002f44                __wut_fs_rename
 .text.__wut_fs_seek
                0x0000000002003088      0x1bc /opt/devkitpro/wut/lib/libwut.a(devoptab_fs_seek.o)
                                        0x18c (size before relaxing)
                0x0000000002003088                __wut_fs_seek
 .text.__gthr_impl_active
                0x0000000002003244        0x8 /opt/devkitpro/wut/lib/libwut.a(wut_gthread.o)
                0x0000000002003244                __gthr_impl_active
 .text.__gthr_impl_once
                0x000000000200324c        0x4 /opt/devkitpro/wut/lib/libwut.a(wut_gthread.o)
                0x000000000200324c                __gthr_impl_once
 .text.__gthr_impl_key_delete
                0x0000000002003250       0x30 /opt/devkitpro/wut/lib/libwut.a(wut_gthread.o)
                0x0000000002003250                __gthr_impl_key_delete
 .text.__gthr_impl_getspecific
                0x0000000002003280       0x30 /opt/devkitpro/wut/lib/libwut.a(wut_gthread.o)
                0x0000000002003280                __gthr_impl_getspecific
 .text.__gthr_impl_setspecific
                0x00000000020032b0       0x30 /opt/devkitpro/wut/lib/libwut.a(wut_gthread.o)
                0x00000000020032b0                __gthr_impl_setspecific
 .text.__gthr_impl_mutex_init_function
                0x00000000020032e0        0x4 /opt/devkitpro/wut/lib/libwut.a(wut_gthread.o)
                0x00000000020032e0                __gthr_impl_mutex_init_function
 .text.__gthr_impl_mutex_destroy
                0x00000000020032e4        0x4 /opt/devkitpro/wut/lib/libwut.a(wut_gthread.o)
                0x00000000020032e4                __gthr_impl_mutex_destroy
 .text.__gthr_impl_mutex_lock
                0x00000000020032e8        0x4 /opt/devkitpro/wut/lib/libwut.a(wut_gthread.o)
                0x00000000020032e8                __gthr_impl_mutex_lock
 .text.__gthr_impl_mutex_unlock
                0x00000000020032ec        0x4 /opt/devkitpro/wut/lib/libwut.a(wut_gthread.o)
                0x00000000020032ec                __gthr_impl_mutex_unlock
 .text.__init_wut_stdcpp
                0x00000000020032f0        0x4 /opt/devkitpro/wut/lib/libwut.a(wut_gthread.o)
                0x00000000020032f0                __init_wut_stdcpp
 .text.__fini_wut_stdcpp
                0x00000000020032f4        0x4 /opt/devkitpro/wut/lib/libwut.a(wut_gthread.o)
                0x00000000020032f4                __fini_wut_stdcpp
 .text.__wut_lock_init
                0x00000000020032f8       0xec /opt/devkitpro/wut/lib/libwut.a(wut_lock.o)
                                         0xcc (size before relaxing)
                0x00000000020032f8                __wut_lock_init
 .text.__wut_lock_close
                0x00000000020033e4       0xd0 /opt/devkitpro/wut/lib/libwut.a(wut_lock.o)
                                         0xc0 (size before relaxing)
                0x00000000020033e4                __wut_lock_close
 .text.__wut_lock_acquire
                0x00000000020034b4       0x64 /opt/devkitpro/wut/lib/libwut.a(wut_lock.o)
                                         0x54 (size before relaxing)
                0x00000000020034b4                __wut_lock_acquire
 .text.__wut_lock_release
                0x0000000002003518       0x64 /opt/devkitpro/wut/lib/libwut.a(wut_lock.o)
                                         0x54 (size before relaxing)
                0x0000000002003518                __wut_lock_release
 .text.__wut_fs_stat
                0x000000000200357c      0x11c /opt/devkitpro/wut/lib/libwut.a(devoptab_fs_stat.o)
                                         0xfc (size before relaxing)
                0x000000000200357c                __wut_fs_stat
 .text._Z25__wut_mutex_init_functionP7OSMutex
                0x0000000002003698       0x14 /opt/devkitpro/wut/lib/libwut.a(wut_gthread_mutex.o)
                                          0x4 (size before relaxing)
                0x0000000002003698                _Z25__wut_mutex_init_functionP7OSMutex
 .text._Z16__wut_mutex_lockP7OSMutex
                0x00000000020036ac       0x34 /opt/devkitpro/wut/lib/libwut.a(wut_gthread_mutex.o)
                                         0x24 (size before relaxing)
                0x00000000020036ac                _Z16__wut_mutex_lockP7OSMutex
 .text._Z18__wut_mutex_unlockP7OSMutex
                0x00000000020036e0       0x34 /opt/devkitpro/wut/lib/libwut.a(wut_gthread_mutex.o)
                                         0x24 (size before relaxing)
                0x00000000020036e0                _Z18__wut_mutex_unlockP7OSMutex
 .text._Z19__wut_mutex_destroyP7OSMutex
                0x0000000002003714        0x8 /opt/devkitpro/wut/lib/libwut.a(wut_gthread_mutex.o)
                0x0000000002003714                _Z19__wut_mutex_destroyP7OSMutex
 .text._Z10__wut_oncePVjPFvvE
                0x000000000200371c       0xdc /opt/devkitpro/wut/lib/libwut.a(wut_gthread_once.o)
                                         0xac (size before relaxing)
                0x000000000200371c                _Z10__wut_oncePVjPFvvE
 .text._Z16__wut_key_delete11__wut_key_t
                0x00000000020037f8       0x6c /opt/devkitpro/wut/lib/libwut.a(wut_gthread_keys.o)
                0x00000000020037f8                _Z16__wut_key_delete11__wut_key_t
 .text._Z17__wut_getspecific11__wut_key_t
                0x0000000002003864       0x94 /opt/devkitpro/wut/lib/libwut.a(wut_gthread_keys.o)
                                         0x74 (size before relaxing)
                0x0000000002003864                _Z17__wut_getspecific11__wut_key_t
 .text._Z17__wut_setspecific11__wut_key_tPKv
                0x00000000020038f8       0xa8 /opt/devkitpro/wut/lib/libwut.a(wut_gthread_keys.o)
                                         0x88 (size before relaxing)
                0x00000000020038f8                _Z17__wut_setspecific11__wut_key_tPKv
 .text._ZNSt8_Rb_treeI34NotificationModuleNotificationTypeSt4pairIKS0_19NMDefaultValueStoreESt10_Select1stIS4_ESt4lessIS0_ESaIS4_EE24_M_get_insert_unique_posERS2_.isra.0
                0x00000000020039a0       0xec /opt/devkitpro/wums/lib/libnotifications.a(utils.o)
 .text._ZNSt8_Rb_treeI34NotificationModuleNotificationTypeSt4pairIKS0_19NMDefaultValueStoreESt10_Select1stIS4_ESt4lessIS0_ESaIS4_EE29_M_get_insert_hint_unique_posESt23_Rb_tree_const_iteratorIS4_ERS2_.isra.0
                0x0000000002003a8c      0x178 /opt/devkitpro/wums/lib/libnotifications.a(utils.o)
 .text._ZNSt8_Rb_treeI34NotificationModuleNotificationTypeSt4pairIKS0_19NMDefaultValueStoreESt10_Select1stIS4_ESt4lessIS0_ESaIS4_EE22_M_emplace_hint_uniqueIJRKSt21piecewise_construct_tSt5tupleIJOS0_EESF_IJEEEEESt17_Rb_tree_iteratorIS4_ESt23_Rb_tree_const_iteratorIS4_EDpOT_.isra.0
                0x0000000002003c04      0x13c /opt/devkitpro/wums/lib/libnotifications.a(utils.o)
 .text._ZNSt8_Rb_treeI34NotificationModuleNotificationTypeSt4pairIKS0_19NMDefaultValueStoreESt10_Select1stIS4_ESt4lessIS0_ESaIS4_EE8_M_eraseEPSt13_Rb_tree_nodeIS4_E.isra.0
                0x0000000002003d40      0x1ac /opt/devkitpro/wums/lib/libnotifications.a(utils.o)
 .text.NotificationModule_GetVersion
                0x0000000002003eec      0x178 /opt/devkitpro/wums/lib/libnotifications.a(utils.o)
                                        0x148 (size before relaxing)
                0x0000000002003eec                NotificationModule_GetVersion
 .text.NotificationModule_InitLibrary
                0x0000000002004064      0x5ac /opt/devkitpro/wums/lib/libnotifications.a(utils.o)
                                        0x57c (size before relaxing)
                0x0000000002004064                NotificationModule_InitLibrary
 .text.NotificationModule_AddInfoNotification
                0x0000000002004610      0x138 /opt/devkitpro/wums/lib/libnotifications.a(utils.o)
                0x0000000002004610                NotificationModule_AddInfoNotification
 .text._ZdlPvj  0x0000000002004748        0x4 /opt/devkitpro/devkitPPC/bin/../lib/gcc/powerpc-eabi/12.1.0/../../../../powerpc-eabi/lib/libstdc++.a(del_ops.o)
                0x0000000002004748                _ZdlPvj
 .text._Znwj    0x000000000200474c       0x80 /opt/devkitpro/devkitPPC/bin/../lib/gcc/powerpc-eabi/12.1.0/../../../../powerpc-eabi/lib/libstdc++.a(new_op.o)
                0x000000000200474c                _Znwj
 .text._ZSt18_Rb_tree_incrementPSt18_Rb_tree_node_base
                0x00000000020047cc       0x68 /opt/devkitpro/devkitPPC/bin/../lib/gcc/powerpc-eabi/12.1.0/../../../../powerpc-eabi/lib/libstdc++.a(tree.o)
                0x00000000020047cc                _ZSt18_Rb_tree_incrementPSt18_Rb_tree_node_base
 .text._ZSt18_Rb_tree_decrementPSt18_Rb_tree_node_base
                0x0000000002004834       0x94 /opt/devkitpro/devkitPPC/bin/../lib/gcc/powerpc-eabi/12.1.0/../../../../powerpc-eabi/lib/libstdc++.a(tree.o)
                0x0000000002004834                _ZSt18_Rb_tree_decrementPSt18_Rb_tree_node_base
 .text._ZSt29_Rb_tree_insert_and_rebalancebPSt18_Rb_tree_node_baseS0_RS_
                0x00000000020048c8      0x2d4 /opt/devkitpro/devkitPPC/bin/../lib/gcc/powerpc-eabi/12.1.0/../../../../powerpc-eabi/lib/libstdc++.a(tree.o)
                0x00000000020048c8                _ZSt29_Rb_tree_insert_and_rebalancebPSt18_Rb_tree_node_baseS0_RS_
 .text._ZNKSt9bad_alloc4whatEv
                0x0000000002004b9c        0xc /opt/devkitpro/devkitPPC/bin/../lib/gcc/powerpc-eabi/12.1.0/../../../../powerpc-eabi/lib/libstdc++.a(bad_alloc.o)
                0x0000000002004b9c                _ZNKSt9bad_alloc4whatEv
 .text._ZNSt9bad_allocD2Ev
                0x0000000002004ba8       0x10 /opt/devkitpro/devkitPPC/bin/../lib/gcc/powerpc-eabi/12.1.0/../../../../powerpc-eabi/lib/libstdc++.a(bad_alloc.o)
                0x0000000002004ba8                _ZNSt9bad_allocD2Ev
                0x0000000002004ba8                _ZNSt9bad_allocD1Ev
 .text._ZNSt9bad_allocD0Ev
                0x0000000002004bb8       0x40 /opt/devkitpro/devkitPPC/bin/../lib/gcc/powerpc-eabi/12.1.0/../../../../powerpc-eabi/lib/libstdc++.a(bad_alloc.o)
                0x0000000002004bb8                _ZNSt9bad_allocD0Ev
 .text._ZdlPv   0x0000000002004bf8        0x4 /opt/devkitpro/devkitPPC/bin/../lib/gcc/powerpc-eabi/12.1.0/../../../../powerpc-eabi/lib/libstdc++.a(del_op.o)
                0x0000000002004bf8                _ZdlPv
 .text._ZNK9__gnu_cxx24__concurrence_lock_error4whatEv
                0x0000000002004bfc        0xc /opt/devkitpro/devkitPPC/bin/../lib/gcc/powerpc-eabi/12.1.0/../../../../powerpc-eabi/lib/libstdc++.a(eh_alloc.o)
                0x0000000002004bfc                _ZNK9__gnu_cxx24__concurrence_lock_error4whatEv
 .text._ZNK9__gnu_cxx26__concurrence_unlock_error4whatEv
                0x0000000002004c08        0xc /opt/devkitpro/devkitPPC/bin/../lib/gcc/powerpc-eabi/12.1.0/../../../../powerpc-eabi/lib/libstdc++.a(eh_alloc.o)
                0x0000000002004c08                _ZNK9__gnu_cxx26__concurrence_unlock_error4whatEv
 .text._ZN9__gnu_cxx24__concurrence_lock_errorD2Ev
                0x0000000002004c14       0x10 /opt/devkitpro/devkitPPC/bin/../lib/gcc/powerpc-eabi/12.1.0/../../../../powerpc-eabi/lib/libstdc++.a(eh_alloc.o)
                0x0000000002004c14                _ZN9__gnu_cxx24__concurrence_lock_errorD2Ev
                0x0000000002004c14                _ZN9__gnu_cxx24__concurrence_lock_errorD1Ev
 .text._ZN9__gnu_cxx26__concurrence_unlock_errorD2Ev
                0x0000000002004c24       0x10 /opt/devkitpro/devkitPPC/bin/../lib/gcc/powerpc-eabi/12.1.0/../../../../powerpc-eabi/lib/libstdc++.a(eh_alloc.o)
                0x0000000002004c24                _ZN9__gnu_cxx26__concurrence_unlock_errorD1Ev
                0x0000000002004c24                _ZN9__gnu_cxx26__concurrence_unlock_errorD2Ev
 .text._ZN9__gnu_cxx24__concurrence_lock_errorD0Ev
                0x0000000002004c34       0x40 /opt/devkitpro/devkitPPC/bin/../lib/gcc/powerpc-eabi/12.1.0/../../../../powerpc-eabi/lib/libstdc++.a(eh_alloc.o)
                0x0000000002004c34                _ZN9__gnu_cxx24__concurrence_lock_errorD0Ev
 .text._ZN9__gnu_cxx26__concurrence_unlock_errorD0Ev
                0x0000000002004c74       0x40 /opt/devkitpro/devkitPPC/bin/../lib/gcc/powerpc-eabi/12.1.0/../../../../powerpc-eabi/lib/libstdc++.a(eh_alloc.o)
                0x0000000002004c74                _ZN9__gnu_cxx26__concurrence_unlock_errorD0Ev
 .text._ZN12_GLOBAL__N_14pool4freeEPv.constprop.0
                0x0000000002004cb4      0x144 /opt/devkitpro/devkitPPC/bin/../lib/gcc/powerpc-eabi/12.1.0/../../../../powerpc-eabi/lib/libstdc++.a(eh_alloc.o)
 .text._ZN12_GLOBAL__N_14pool8allocateEj.constprop.0
                0x0000000002004df8       0xfc /opt/devkitpro/devkitPPC/bin/../lib/gcc/powerpc-eabi/12.1.0/../../../../powerpc-eabi/lib/libstdc++.a(eh_alloc.o)
 .text.__cxa_allocate_exception
                0x0000000002004ef4       0x64 /opt/devkitpro/devkitPPC/bin/../lib/gcc/powerpc-eabi/12.1.0/../../../../powerpc-eabi/lib/libstdc++.a(eh_alloc.o)
                0x0000000002004ef4                __cxa_allocate_exception
 .text.__cxa_free_exception
                0x0000000002004f58       0x4c /opt/devkitpro/devkitPPC/bin/../lib/gcc/powerpc-eabi/12.1.0/../../../../powerpc-eabi/lib/libstdc++.a(eh_alloc.o)
                0x0000000002004f58                __cxa_free_exception
 .text._ZNSt9exceptionD2Ev
                0x0000000002004fa4        0x4 /opt/devkitpro/devkitPPC/bin/../lib/gcc/powerpc-eabi/12.1.0/../../../../powerpc-eabi/lib/libstdc++.a(eh_exception.o)
                0x0000000002004fa4                _ZNSt9exceptionD2Ev
                0x0000000002004fa4                _ZNSt9exceptionD1Ev
 .text._ZL16get_adjusted_ptrPKSt9type_infoS1_PPv
                0x0000000002004fa8       0xa0 /opt/devkitpro/devkitPPC/bin/../lib/gcc/powerpc-eabi/12.1.0/../../../../powerpc-eabi/lib/libstdc++.a(eh_personality.o)
 .text._ZL28read_encoded_value_with_basehjPKhPj
                0x0000000002005048      0x13c /opt/devkitpro/devkitPPC/bin/../lib/gcc/powerpc-eabi/12.1.0/../../../../powerpc-eabi/lib/libstdc++.a(eh_personality.o)
 .text._ZL21base_of_encoded_valuehP15_Unwind_Context
                0x0000000002005184       0x68 /opt/devkitpro/devkitPPC/bin/../lib/gcc/powerpc-eabi/12.1.0/../../../../powerpc-eabi/lib/libstdc++.a(eh_personality.o)
 .text._ZL17parse_lsda_headerP15_Unwind_ContextPKhP16lsda_header_info
                0x00000000020051ec      0x11c /opt/devkitpro/devkitPPC/bin/../lib/gcc/powerpc-eabi/12.1.0/../../../../powerpc-eabi/lib/libstdc++.a(eh_personality.o)
 .text._ZL20check_exception_specP16lsda_header_infoPKSt9type_infoPvl
                0x0000000002005308      0x138 /opt/devkitpro/devkitPPC/bin/../lib/gcc/powerpc-eabi/12.1.0/../../../../powerpc-eabi/lib/libstdc++.a(eh_personality.o)
 .text.__gxx_personality_v0
                0x0000000002005440      0x7a4 /opt/devkitpro/devkitPPC/bin/../lib/gcc/powerpc-eabi/12.1.0/../../../../powerpc-eabi/lib/libstdc++.a(eh_personality.o)
                0x0000000002005440                __gxx_personality_v0
 .text._ZN10__cxxabiv111__terminateEPFvvE
                0x0000000002005be4       0x20 /opt/devkitpro/devkitPPC/bin/../lib/gcc/powerpc-eabi/12.1.0/../../../../powerpc-eabi/lib/libstdc++.a(eh_terminate.o)
                0x0000000002005be4                _ZN10__cxxabiv111__terminateEPFvvE
 .text._ZSt9terminatev
                0x0000000002005c04       0x24 /opt/devkitpro/devkitPPC/bin/../lib/gcc/powerpc-eabi/12.1.0/../../../../powerpc-eabi/lib/libstdc++.a(eh_terminate.o)
                0x0000000002005c04                _ZSt9terminatev
 .text._ZN10__cxxabiv112__unexpectedEPFvvE
                0x0000000002005c28       0x18 /opt/devkitpro/devkitPPC/bin/../lib/gcc/powerpc-eabi/12.1.0/../../../../powerpc-eabi/lib/libstdc++.a(eh_terminate.o)
                0x0000000002005c28                _ZN10__cxxabiv112__unexpectedEPFvvE
 .text._ZSt10unexpectedv
                0x0000000002005c40       0x24 /opt/devkitpro/devkitPPC/bin/../lib/gcc/powerpc-eabi/12.1.0/../../../../powerpc-eabi/lib/libstdc++.a(eh_terminate.o)
                0x0000000002005c40                _ZSt10unexpectedv
 .text._ZSt13get_terminatev
                0x0000000002005c64       0x18 /opt/devkitpro/devkitPPC/bin/../lib/gcc/powerpc-eabi/12.1.0/../../../../powerpc-eabi/lib/libstdc++.a(eh_terminate.o)
                0x0000000002005c64                _ZSt13get_terminatev
 .text._ZSt14get_unexpectedv
                0x0000000002005c7c       0x18 /opt/devkitpro/devkitPPC/bin/../lib/gcc/powerpc-eabi/12.1.0/../../../../powerpc-eabi/lib/libstdc++.a(eh_terminate.o)
                0x0000000002005c7c                _ZSt14get_unexpectedv
 .text._ZL23__gxx_exception_cleanup19_Unwind_Reason_CodeP17_Unwind_Exception
                0x0000000002005c94       0x8c /opt/devkitpro/devkitPPC/bin/../lib/gcc/powerpc-eabi/12.1.0/../../../../powerpc-eabi/lib/libstdc++.a(eh_throw.o)
 .text.__cxa_init_primary_exception
                0x0000000002005d20       0x70 /opt/devkitpro/devkitPPC/bin/../lib/gcc/powerpc-eabi/12.1.0/../../../../powerpc-eabi/lib/libstdc++.a(eh_throw.o)
                0x0000000002005d20                __cxa_init_primary_exception
 .text.__cxa_throw
                0x0000000002005d90       0x68 /opt/devkitpro/devkitPPC/bin/../lib/gcc/powerpc-eabi/12.1.0/../../../../powerpc-eabi/lib/libstdc++.a(eh_throw.o)
                0x0000000002005d90                __cxa_throw
 .text._ZSt15get_new_handlerv
                0x0000000002005df8       0x18 /opt/devkitpro/devkitPPC/bin/../lib/gcc/powerpc-eabi/12.1.0/../../../../powerpc-eabi/lib/libstdc++.a(new_handler.o)
                0x0000000002005df8                _ZSt15get_new_handlerv
 .text._ZN10__cxxabiv120__si_class_type_infoD2Ev
                0x0000000002005e10       0x10 /opt/devkitpro/devkitPPC/bin/../lib/gcc/powerpc-eabi/12.1.0/../../../../powerpc-eabi/lib/libstdc++.a(si_class_type_info.o)
                0x0000000002005e10                _ZN10__cxxabiv120__si_class_type_infoD2Ev
                0x0000000002005e10                _ZN10__cxxabiv120__si_class_type_infoD1Ev
 .text._ZN10__cxxabiv120__si_class_type_infoD0Ev
                0x0000000002005e20       0x40 /opt/devkitpro/devkitPPC/bin/../lib/gcc/powerpc-eabi/12.1.0/../../../../powerpc-eabi/lib/libstdc++.a(si_class_type_info.o)
                0x0000000002005e20                _ZN10__cxxabiv120__si_class_type_infoD0Ev
 .text._ZNK10__cxxabiv120__si_class_type_info12__do_dyncastEiNS_17__class_type_info10__sub_kindEPKS1_PKvS4_S6_RNS1_16__dyncast_resultE
                0x0000000002005e60      0x1d4 /opt/devkitpro/devkitPPC/bin/../lib/gcc/powerpc-eabi/12.1.0/../../../../powerpc-eabi/lib/libstdc++.a(si_class_type_info.o)
                0x0000000002005e60                _ZNK10__cxxabiv120__si_class_type_info12__do_dyncastEiNS_17__class_type_info10__sub_kindEPKS1_PKvS4_S6_RNS1_16__dyncast_resultE
 .text._ZNK10__cxxabiv120__si_class_type_info20__do_find_public_srcEiPKvPKNS_17__class_type_infoES2_
                0x0000000002006034       0xb4 /opt/devkitpro/devkitPPC/bin/../lib/gcc/powerpc-eabi/12.1.0/../../../../powerpc-eabi/lib/libstdc++.a(si_class_type_info.o)
                0x0000000002006034                _ZNK10__cxxabiv120__si_class_type_info20__do_find_public_srcEiPKvPKNS_17__class_type_infoES2_
 .text._ZNK10__cxxabiv120__si_class_type_info11__do_upcastEPKNS_17__class_type_infoEPKvRNS1_15__upcast_resultE
                0x00000000020060e8       0x94 /opt/devkitpro/devkitPPC/bin/../lib/gcc/powerpc-eabi/12.1.0/../../../../powerpc-eabi/lib/libstdc++.a(si_class_type_info.o)
                0x00000000020060e8                _ZNK10__cxxabiv120__si_class_type_info11__do_upcastEPKNS_17__class_type_infoEPKvRNS1_15__upcast_resultE
 .text._ZNSt9type_infoD2Ev
                0x000000000200617c        0x4 /opt/devkitpro/devkitPPC/bin/../lib/gcc/powerpc-eabi/12.1.0/../../../../powerpc-eabi/lib/libstdc++.a(tinfo.o)
                0x000000000200617c                _ZNSt9type_infoD1Ev
                0x000000000200617c                _ZNSt9type_infoD2Ev
 .text._ZNKSt9type_info14__is_pointer_pEv
                0x0000000002006180        0x8 /opt/devkitpro/devkitPPC/bin/../lib/gcc/powerpc-eabi/12.1.0/../../../../powerpc-eabi/lib/libstdc++.a(tinfo.o)
                0x0000000002006180                _ZNKSt9type_info15__is_function_pEv
                0x0000000002006180                _ZNKSt9type_info14__is_pointer_pEv
 .text._ZNK10__cxxabiv117__class_type_info11__do_upcastEPKS0_PPv
                0x0000000002006188       0x7c /opt/devkitpro/devkitPPC/bin/../lib/gcc/powerpc-eabi/12.1.0/../../../../powerpc-eabi/lib/libstdc++.a(class_type_info.o)
                0x0000000002006188                _ZNK10__cxxabiv117__class_type_info11__do_upcastEPKS0_PPv
 .text._ZNK10__cxxabiv117__class_type_info20__do_find_public_srcEiPKvPKS0_S2_
                0x0000000002006204       0x18 /opt/devkitpro/devkitPPC/bin/../lib/gcc/powerpc-eabi/12.1.0/../../../../powerpc-eabi/lib/libstdc++.a(class_type_info.o)
                0x0000000002006204                _ZNK10__cxxabiv117__class_type_info20__do_find_public_srcEiPKvPKS0_S2_
 .text._ZN10__cxxabiv117__class_type_infoD2Ev
                0x000000000200621c       0x10 /opt/devkitpro/devkitPPC/bin/../lib/gcc/powerpc-eabi/12.1.0/../../../../powerpc-eabi/lib/libstdc++.a(class_type_info.o)
                0x000000000200621c                _ZN10__cxxabiv117__class_type_infoD1Ev
                0x000000000200621c                _ZN10__cxxabiv117__class_type_infoD2Ev
 .text._ZN10__cxxabiv117__class_type_infoD0Ev
                0x000000000200622c       0x40 /opt/devkitpro/devkitPPC/bin/../lib/gcc/powerpc-eabi/12.1.0/../../../../powerpc-eabi/lib/libstdc++.a(class_type_info.o)
                0x000000000200622c                _ZN10__cxxabiv117__class_type_infoD0Ev
 .text._ZNK10__cxxabiv117__class_type_info11__do_upcastEPKS0_PKvRNS0_15__upcast_resultE
                0x000000000200626c       0x94 /opt/devkitpro/devkitPPC/bin/../lib/gcc/powerpc-eabi/12.1.0/../../../../powerpc-eabi/lib/libstdc++.a(class_type_info.o)
                0x000000000200626c                _ZNK10__cxxabiv117__class_type_info11__do_upcastEPKS0_PKvRNS0_15__upcast_resultE
 .text._ZNK10__cxxabiv117__class_type_info10__do_catchEPKSt9type_infoPPvj
                0x0000000002006300      0x104 /opt/devkitpro/devkitPPC/bin/../lib/gcc/powerpc-eabi/12.1.0/../../../../powerpc-eabi/lib/libstdc++.a(class_type_info.o)
                0x0000000002006300                _ZNK10__cxxabiv117__class_type_info10__do_catchEPKSt9type_infoPPvj
 .text._ZNK10__cxxabiv117__class_type_info12__do_dyncastEiNS0_10__sub_kindEPKS0_PKvS3_S5_RNS0_16__dyncast_resultE
                0x0000000002006404      0x138 /opt/devkitpro/devkitPPC/bin/../lib/gcc/powerpc-eabi/12.1.0/../../../../powerpc-eabi/lib/libstdc++.a(class_type_info.o)
                0x0000000002006404                _ZNK10__cxxabiv117__class_type_info12__do_dyncastEiNS0_10__sub_kindEPKS0_PKvS3_S5_RNS0_16__dyncast_resultE
 .text.__cxa_call_terminate
                0x000000000200653c       0x58 /opt/devkitpro/devkitPPC/bin/../lib/gcc/powerpc-eabi/12.1.0/../../../../powerpc-eabi/lib/libstdc++.a(eh_call.o)
                0x000000000200653c                __cxa_call_terminate
 .text.__cxa_begin_catch
                0x0000000002006594       0xc4 /opt/devkitpro/devkitPPC/bin/../lib/gcc/powerpc-eabi/12.1.0/../../../../powerpc-eabi/lib/libstdc++.a(eh_catch.o)
                0x0000000002006594                __cxa_begin_catch
 .text._ZL15eh_globals_dtorPv
                0x0000000002006658       0x68 /opt/devkitpro/devkitPPC/bin/../lib/gcc/powerpc-eabi/12.1.0/../../../../powerpc-eabi/lib/libstdc++.a(eh_globals.o)
 .text.__cxa_get_globals
                0x00000000020066c0       0xbc /opt/devkitpro/devkitPPC/bin/../lib/gcc/powerpc-eabi/12.1.0/../../../../powerpc-eabi/lib/libstdc++.a(eh_globals.o)
                0x00000000020066c0                __cxa_get_globals
 .text.__divdi3
                0x000000000200677c      0x3f0 /opt/devkitpro/devkitPPC/bin/../lib/gcc/powerpc-eabi/12.1.0/libgcc.a(_divdi3.o)
                0x000000000200677c                __divdi3
 .text.__udivdi3
                0x0000000002006b6c      0x3bc /opt/devkitpro/devkitPPC/bin/../lib/gcc/powerpc-eabi/12.1.0/libgcc.a(_udivdi3.o)
                0x0000000002006b6c                __udivdi3
 .text.__gthread_active_p
                0x0000000002006f28       0x1c /opt/devkitpro/devkitPPC/bin/../lib/gcc/powerpc-eabi/12.1.0/libgcc.a(gthr-dkp.o)
                0x0000000002006f28                __gthread_active_p
 .text.__gthread_once
                0x0000000002006f44       0x1c /opt/devkitpro/devkitPPC/bin/../lib/gcc/powerpc-eabi/12.1.0/libgcc.a(gthr-dkp.o)
                0x0000000002006f44                __gthread_once
 .text.__gthread_key_create
                0x0000000002006f60       0x1c /opt/devkitpro/devkitPPC/bin/../lib/gcc/powerpc-eabi/12.1.0/libgcc.a(gthr-dkp.o)
                0x0000000002006f60                __gthread_key_create
 .text.__gthread_key_delete
                0x0000000002006f7c       0x44 /opt/devkitpro/devkitPPC/bin/../lib/gcc/powerpc-eabi/12.1.0/libgcc.a(gthr-dkp.o)
                0x0000000002006f7c                __gthread_key_delete
 .text.__gthread_getspecific
                0x0000000002006fc0       0x44 /opt/devkitpro/devkitPPC/bin/../lib/gcc/powerpc-eabi/12.1.0/libgcc.a(gthr-dkp.o)
                0x0000000002006fc0                __gthread_getspecific
 .text.__gthread_setspecific
                0x0000000002007004       0x44 /opt/devkitpro/devkitPPC/bin/../lib/gcc/powerpc-eabi/12.1.0/libgcc.a(gthr-dkp.o)
                0x0000000002007004                __gthread_setspecific
 .text.__gthread_mutex_init_function
                0x0000000002007048       0x14 /opt/devkitpro/devkitPPC/bin/../lib/gcc/powerpc-eabi/12.1.0/libgcc.a(gthr-dkp.o)
                0x0000000002007048                __gthread_mutex_init_function
 .text.__gthread_mutex_destroy
                0x000000000200705c       0x1c /opt/devkitpro/devkitPPC/bin/../lib/gcc/powerpc-eabi/12.1.0/libgcc.a(gthr-dkp.o)
                0x000000000200705c                __gthread_mutex_destroy
 .text.__gthread_mutex_lock
                0x0000000002007078       0x1c /opt/devkitpro/devkitPPC/bin/../lib/gcc/powerpc-eabi/12.1.0/libgcc.a(gthr-dkp.o)
                0x0000000002007078                __gthread_mutex_lock
 .text.__gthread_mutex_unlock
                0x0000000002007094       0x1c /opt/devkitpro/devkitPPC/bin/../lib/gcc/powerpc-eabi/12.1.0/libgcc.a(gthr-dkp.o)
                0x0000000002007094                __gthread_mutex_unlock
 .text.init_dwarf_reg_size_table
                0x00000000020070b0      0x1d0 /opt/devkitpro/devkitPPC/bin/../lib/gcc/powerpc-eabi/12.1.0/libgcc.a(unwind-dw2.o)
 .text.uw_install_context_1
                0x0000000002007280      0x1d0 /opt/devkitpro/devkitPPC/bin/../lib/gcc/powerpc-eabi/12.1.0/libgcc.a(unwind-dw2.o)
 .text.read_encoded_value
                0x0000000002007450      0x194 /opt/devkitpro/devkitPPC/bin/../lib/gcc/powerpc-eabi/12.1.0/libgcc.a(unwind-dw2.o)
 .text.execute_stack_op
                0x00000000020075e4      0x88c /opt/devkitpro/devkitPPC/bin/../lib/gcc/powerpc-eabi/12.1.0/libgcc.a(unwind-dw2.o)
 .text.uw_update_context_1
                0x0000000002007e70      0x39c /opt/devkitpro/devkitPPC/bin/../lib/gcc/powerpc-eabi/12.1.0/libgcc.a(unwind-dw2.o)
 .text.execute_cfa_program
                0x000000000200820c      0x934 /opt/devkitpro/devkitPPC/bin/../lib/gcc/powerpc-eabi/12.1.0/libgcc.a(unwind-dw2.o)
 .text.uw_frame_state_for
                0x0000000002008b40      0x4e4 /opt/devkitpro/devkitPPC/bin/../lib/gcc/powerpc-eabi/12.1.0/libgcc.a(unwind-dw2.o)
 .text.uw_init_context_1
                0x0000000002009024      0x2cc /opt/devkitpro/devkitPPC/bin/../lib/gcc/powerpc-eabi/12.1.0/libgcc.a(unwind-dw2.o)
 .text._Unwind_RaiseException_Phase2
                0x00000000020092f0      0x1c8 /opt/devkitpro/devkitPPC/bin/../lib/gcc/powerpc-eabi/12.1.0/libgcc.a(unwind-dw2.o)
 .text._Unwind_SetGR
                0x00000000020094b8       0x68 /opt/devkitpro/devkitPPC/bin/../lib/gcc/powerpc-eabi/12.1.0/libgcc.a(unwind-dw2.o)
                0x00000000020094b8                _Unwind_SetGR
 .text._Unwind_GetIPInfo
                0x0000000002009520       0x14 /opt/devkitpro/devkitPPC/bin/../lib/gcc/powerpc-eabi/12.1.0/libgcc.a(unwind-dw2.o)
                0x0000000002009520                _Unwind_GetIPInfo
 .text._Unwind_SetIP
                0x0000000002009534        0x8 /opt/devkitpro/devkitPPC/bin/../lib/gcc/powerpc-eabi/12.1.0/libgcc.a(unwind-dw2.o)
                0x0000000002009534                _Unwind_SetIP
 .text._Unwind_GetLanguageSpecificData
                0x000000000200953c        0x8 /opt/devkitpro/devkitPPC/bin/../lib/gcc/powerpc-eabi/12.1.0/libgcc.a(unwind-dw2.o)
                0x000000000200953c                _Unwind_GetLanguageSpecificData
 .text._Unwind_GetRegionStart
                0x0000000002009544        0x8 /opt/devkitpro/devkitPPC/bin/../lib/gcc/powerpc-eabi/12.1.0/libgcc.a(unwind-dw2.o)
                0x0000000002009544                _Unwind_GetRegionStart
 .text._Unwind_GetDataRelBase
                0x000000000200954c        0x8 /opt/devkitpro/devkitPPC/bin/../lib/gcc/powerpc-eabi/12.1.0/libgcc.a(unwind-dw2.o)
                0x000000000200954c                _Unwind_GetDataRelBase
 .text._Unwind_GetTextRelBase
                0x0000000002009554        0x8 /opt/devkitpro/devkitPPC/bin/../lib/gcc/powerpc-eabi/12.1.0/libgcc.a(unwind-dw2.o)
                0x0000000002009554                _Unwind_GetTextRelBase
 .text._Unwind_DebugHook
                0x000000000200955c        0x4 /opt/devkitpro/devkitPPC/bin/../lib/gcc/powerpc-eabi/12.1.0/libgcc.a(unwind-dw2.o)
 .text._Unwind_RaiseException
                0x0000000002009560      0x300 /opt/devkitpro/devkitPPC/bin/../lib/gcc/powerpc-eabi/12.1.0/libgcc.a(unwind-dw2.o)
                0x0000000002009560                _Unwind_RaiseException
 .text._Unwind_DeleteException
                0x0000000002009860       0x1c /opt/devkitpro/devkitPPC/bin/../lib/gcc/powerpc-eabi/12.1.0/libgcc.a(unwind-dw2.o)
                0x0000000002009860                _Unwind_DeleteException
 .text.fde_unencoded_compare
                0x000000000200987c       0x20 /opt/devkitpro/devkitPPC/bin/../lib/gcc/powerpc-eabi/12.1.0/libgcc.a(unwind-dw2-fde.o)
 .text.frame_downheap
                0x000000000200989c      0x13c /opt/devkitpro/devkitPPC/bin/../lib/gcc/powerpc-eabi/12.1.0/libgcc.a(unwind-dw2-fde.o)
 .text.frame_heapsort
                0x00000000020099d8      0x118 /opt/devkitpro/devkitPPC/bin/../lib/gcc/powerpc-eabi/12.1.0/libgcc.a(unwind-dw2-fde.o)
 .text.init_object_mutex
                0x0000000002009af0        0xc /opt/devkitpro/devkitPPC/bin/../lib/gcc/powerpc-eabi/12.1.0/libgcc.a(unwind-dw2-fde.o)
 .text.read_encoded_value_with_base
                0x0000000002009afc      0x13c /opt/devkitpro/devkitPPC/bin/../lib/gcc/powerpc-eabi/12.1.0/libgcc.a(unwind-dw2-fde.o)
 .text.__deregister_frame_info_bases.part.0
                0x0000000002009c38      0x15c /opt/devkitpro/devkitPPC/bin/../lib/gcc/powerpc-eabi/12.1.0/libgcc.a(unwind-dw2-fde.o)
 .text.get_cie_encoding
                0x0000000002009d94      0x14c /opt/devkitpro/devkitPPC/bin/../lib/gcc/powerpc-eabi/12.1.0/libgcc.a(unwind-dw2-fde.o)
 .text.classify_object_over_fdes
                0x0000000002009ee0      0x250 /opt/devkitpro/devkitPPC/bin/../lib/gcc/powerpc-eabi/12.1.0/libgcc.a(unwind-dw2-fde.o)
 .text.fde_single_encoding_compare
                0x000000000200a130       0xd0 /opt/devkitpro/devkitPPC/bin/../lib/gcc/powerpc-eabi/12.1.0/libgcc.a(unwind-dw2-fde.o)
 .text.fde_mixed_encoding_compare
                0x000000000200a200      0x15c /opt/devkitpro/devkitPPC/bin/../lib/gcc/powerpc-eabi/12.1.0/libgcc.a(unwind-dw2-fde.o)
 .text.add_fdes
                0x000000000200a35c      0x2b8 /opt/devkitpro/devkitPPC/bin/../lib/gcc/powerpc-eabi/12.1.0/libgcc.a(unwind-dw2-fde.o)
 .text.linear_search_fdes
                0x000000000200a614      0x318 /opt/devkitpro/devkitPPC/bin/../lib/gcc/powerpc-eabi/12.1.0/libgcc.a(unwind-dw2-fde.o)
 .text.search_object
                0x000000000200a92c      0x804 /opt/devkitpro/devkitPPC/bin/../lib/gcc/powerpc-eabi/12.1.0/libgcc.a(unwind-dw2-fde.o)
 .text.__register_frame_info
                0x000000000200b130       0x9c /opt/devkitpro/devkitPPC/bin/../lib/gcc/powerpc-eabi/12.1.0/libgcc.a(unwind-dw2-fde.o)
                0x000000000200b130                __register_frame_info
 .text.__deregister_frame_info
                0x000000000200b1cc       0x20 /opt/devkitpro/devkitPPC/bin/../lib/gcc/powerpc-eabi/12.1.0/libgcc.a(unwind-dw2-fde.o)
                0x000000000200b1cc                __deregister_frame_info
 .text._Unwind_Find_FDE
                0x000000000200b1ec      0x260 /opt/devkitpro/devkitPPC/bin/../lib/gcc/powerpc-eabi/12.1.0/libgcc.a(unwind-dw2-fde.o)
                0x000000000200b1ec                _Unwind_Find_FDE
 .text.null_write
                0x000000000200b44c        0x8 /opt/devkitpro/devkitPPC/bin/../lib/gcc/powerpc-eabi/12.1.0/../../../../powerpc-eabi/lib/libsysbase.a(iosupport.o)
 .text.setDefaultDevice
                0x000000000200b454       0x18 /opt/devkitpro/devkitPPC/bin/../lib/gcc/powerpc-eabi/12.1.0/../../../../powerpc-eabi/lib/libsysbase.a(iosupport.o)
                0x000000000200b454                setDefaultDevice
 .text.FindDevice
                0x000000000200b46c      0x128 /opt/devkitpro/devkitPPC/bin/../lib/gcc/powerpc-eabi/12.1.0/../../../../powerpc-eabi/lib/libsysbase.a(iosupport.o)
                0x000000000200b46c                FindDevice
 .text.RemoveDevice
                0x000000000200b594       0x44 /opt/devkitpro/devkitPPC/bin/../lib/gcc/powerpc-eabi/12.1.0/../../../../powerpc-eabi/lib/libsysbase.a(iosupport.o)
                0x000000000200b594                RemoveDevice
 .text.AddDevice
                0x000000000200b5d8      0x114 /opt/devkitpro/devkitPPC/bin/../lib/gcc/powerpc-eabi/12.1.0/../../../../powerpc-eabi/lib/libsysbase.a(iosupport.o)
                0x000000000200b5d8                AddDevice
 .text._concatenate_path
                0x000000000200b6ec      0x244 /opt/devkitpro/devkitPPC/bin/../lib/gcc/powerpc-eabi/12.1.0/../../../../powerpc-eabi/lib/libsysbase.a(chdir.o)
                0x000000000200b6ec                _concatenate_path
 .text.chdir    0x000000000200b930      0x1b0 /opt/devkitpro/devkitPPC/bin/../lib/gcc/powerpc-eabi/12.1.0/../../../../powerpc-eabi/lib/libsysbase.a(chdir.o)
                0x000000000200b930                chdir
 .text.calloc   0x000000000200bae0       0x18 /opt/devkitpro/devkitPPC/bin/../lib/gcc/powerpc-eabi/12.1.0/../../../../powerpc-eabi/lib/libc.a(lib_a-calloc.o)
                0x000000000200bae0                calloc
 .text.memalign
                0x000000000200baf8       0x18 /opt/devkitpro/devkitPPC/bin/../lib/gcc/powerpc-eabi/12.1.0/../../../../powerpc-eabi/lib/libc.a(lib_a-malign.o)
                0x000000000200baf8                memalign
 .text.malloc   0x000000000200bb10       0x10 /opt/devkitpro/devkitPPC/bin/../lib/gcc/powerpc-eabi/12.1.0/../../../../powerpc-eabi/lib/libc.a(lib_a-malloc.o)
                0x000000000200bb10                malloc
 .text.free     0x000000000200bb20       0x10 /opt/devkitpro/devkitPPC/bin/../lib/gcc/powerpc-eabi/12.1.0/../../../../powerpc-eabi/lib/libc.a(lib_a-malloc.o)
                0x000000000200bb20                free
 .text.memcpy   0x000000000200bb30      0x128 /opt/devkitpro/devkitPPC/bin/../lib/gcc/powerpc-eabi/12.1.0/../../../../powerpc-eabi/lib/libc.a(lib_a-memcpy.o)
                0x000000000200bb30                memcpy
 .text.memset   0x000000000200bc58      0x194 /opt/devkitpro/devkitPPC/bin/../lib/gcc/powerpc-eabi/12.1.0/../../../../powerpc-eabi/lib/libc.a(lib_a-memset.o)
                0x000000000200bc58                memset
 .text.realloc  0x000000000200bdec       0x18 /opt/devkitpro/devkitPPC/bin/../lib/gcc/powerpc-eabi/12.1.0/../../../../powerpc-eabi/lib/libc.a(lib_a-realloc.o)
                0x000000000200bdec                realloc
 .text.snprintf
                0x000000000200be04      0x168 /opt/devkitpro/devkitPPC/bin/../lib/gcc/powerpc-eabi/12.1.0/../../../../powerpc-eabi/lib/libc.a(lib_a-snprintf.o)
                0x000000000200be04                snprintf
 .text.strchr   0x000000000200bf6c      0x154 /opt/devkitpro/devkitPPC/bin/../lib/gcc/powerpc-eabi/12.1.0/../../../../powerpc-eabi/lib/libc.a(lib_a-strchr.o)
                0x000000000200bf6c                strchr
 .text.strcmp   0x000000000200c0c0       0x9c /opt/devkitpro/devkitPPC/bin/../lib/gcc/powerpc-eabi/12.1.0/../../../../powerpc-eabi/lib/libc.a(lib_a-strcmp.o)
                0x000000000200c0c0                strcmp
 .text.strcpy   0x000000000200c15c       0x8c /opt/devkitpro/devkitPPC/bin/../lib/gcc/powerpc-eabi/12.1.0/../../../../powerpc-eabi/lib/libc.a(lib_a-strcpy.o)
                0x000000000200c15c                strcpy
 .text.strdup   0x000000000200c1e8       0x10 /opt/devkitpro/devkitPPC/bin/../lib/gcc/powerpc-eabi/12.1.0/../../../../powerpc-eabi/lib/libc.a(lib_a-strdup.o)
                0x000000000200c1e8                strdup
 .text._strdup_r
                0x000000000200c1f8       0x6c /opt/devkitpro/devkitPPC/bin/../lib/gcc/powerpc-eabi/12.1.0/../../../../powerpc-eabi/lib/libc.a(lib_a-strdup_r.o)
                0x000000000200c1f8                _strdup_r
 .text.strlen   0x000000000200c264       0x80 /opt/devkitpro/devkitPPC/bin/../lib/gcc/powerpc-eabi/12.1.0/../../../../powerpc-eabi/lib/libc.a(lib_a-strlen.o)
                0x000000000200c264                strlen
 .text.strncmp  0x000000000200c2e4       0xcc /opt/devkitpro/devkitPPC/bin/../lib/gcc/powerpc-eabi/12.1.0/../../../../powerpc-eabi/lib/libc.a(lib_a-strncmp.o)
                0x000000000200c2e4                strncmp
 .text.strncpy  0x000000000200c3b0      0x108 /opt/devkitpro/devkitPPC/bin/../lib/gcc/powerpc-eabi/12.1.0/../../../../powerpc-eabi/lib/libc.a(lib_a-strncpy.o)
                0x000000000200c3b0                strncpy
 .text.strnlen  0x000000000200c4b8       0xc8 /opt/devkitpro/devkitPPC/bin/../lib/gcc/powerpc-eabi/12.1.0/../../../../powerpc-eabi/lib/libc.a(lib_a-strnlen.o)
                0x000000000200c4b8                strnlen
 .text.strrchr  0x000000000200c580       0x78 /opt/devkitpro/devkitPPC/bin/../lib/gcc/powerpc-eabi/12.1.0/../../../../powerpc-eabi/lib/libc.a(lib_a-strrchr.o)
                0x000000000200c580                strrchr
 .text._svfprintf_r
                0x000000000200c5f8     0x2eec /opt/devkitpro/devkitPPC/bin/../lib/gcc/powerpc-eabi/12.1.0/../../../../powerpc-eabi/lib/libc.a(lib_a-svfprintf.o)
                0x000000000200c5f8                _svfprintf_r
 .text._wcrtomb_r
                0x000000000200f4e4       0xe4 /opt/devkitpro/devkitPPC/bin/../lib/gcc/powerpc-eabi/12.1.0/../../../../powerpc-eabi/lib/libc.a(lib_a-wcrtomb.o)
                0x000000000200f4e4                _wcrtomb_r
 .text._wcsrtombs_r
                0x000000000200f5c8       0x10 /opt/devkitpro/devkitPPC/bin/../lib/gcc/powerpc-eabi/12.1.0/../../../../powerpc-eabi/lib/libc.a(lib_a-wcsrtombs.o)
                0x000000000200f5c8                _wcsrtombs_r
 .text.quorem   0x000000000200f5d8      0x2ec /opt/devkitpro/devkitPPC/bin/../lib/gcc/powerpc-eabi/12.1.0/../../../../powerpc-eabi/lib/libc.a(lib_a-dtoa.o)
 .text._dtoa_r  0x000000000200f8c4     0x13e4 /opt/devkitpro/devkitPPC/bin/../lib/gcc/powerpc-eabi/12.1.0/../../../../powerpc-eabi/lib/libc.a(lib_a-dtoa.o)
                0x000000000200f8c4                _dtoa_r
 .text._localeconv_r
                0x0000000002010ca8       0x2c /opt/devkitpro/devkitPPC/bin/../lib/gcc/powerpc-eabi/12.1.0/../../../../powerpc-eabi/lib/libc.a(lib_a-localeconv.o)
                0x0000000002010ca8                _localeconv_r
 .text.__locale_mb_cur_max
                0x0000000002010cd4       0x2c /opt/devkitpro/devkitPPC/bin/../lib/gcc/powerpc-eabi/12.1.0/../../../../powerpc-eabi/lib/libc.a(lib_a-locale.o)
                0x0000000002010cd4                __locale_mb_cur_max
 .text.__utf8_mbtowc
                0x0000000002010d00      0x300 /opt/devkitpro/devkitPPC/bin/../lib/gcc/powerpc-eabi/12.1.0/../../../../powerpc-eabi/lib/libc.a(lib_a-mbtowc_r.o)
                0x0000000002010d00                __utf8_mbtowc
 .text.memchr   0x0000000002011000      0x1b4 /opt/devkitpro/devkitPPC/bin/../lib/gcc/powerpc-eabi/12.1.0/../../../../powerpc-eabi/lib/libc.a(lib_a-memchr.o)
                0x0000000002011000                memchr
 .text._Balloc  0x00000000020111b4       0xe0 /opt/devkitpro/devkitPPC/bin/../lib/gcc/powerpc-eabi/12.1.0/../../../../powerpc-eabi/lib/libc.a(lib_a-mprec.o)
                0x00000000020111b4                _Balloc
 .text._Bfree   0x0000000002011294       0x24 /opt/devkitpro/devkitPPC/bin/../lib/gcc/powerpc-eabi/12.1.0/../../../../powerpc-eabi/lib/libc.a(lib_a-mprec.o)
                0x0000000002011294                _Bfree
 .text.__multadd
                0x00000000020112b8      0x158 /opt/devkitpro/devkitPPC/bin/../lib/gcc/powerpc-eabi/12.1.0/../../../../powerpc-eabi/lib/libc.a(lib_a-mprec.o)
                0x00000000020112b8                __multadd
 .text.__hi0bits
                0x0000000002011410       0x7c /opt/devkitpro/devkitPPC/bin/../lib/gcc/powerpc-eabi/12.1.0/../../../../powerpc-eabi/lib/libc.a(lib_a-mprec.o)
                0x0000000002011410                __hi0bits
 .text.__lo0bits
                0x000000000201148c       0xb4 /opt/devkitpro/devkitPPC/bin/../lib/gcc/powerpc-eabi/12.1.0/../../../../powerpc-eabi/lib/libc.a(lib_a-mprec.o)
                0x000000000201148c                __lo0bits
 .text.__i2b    0x0000000002011540      0x108 /opt/devkitpro/devkitPPC/bin/../lib/gcc/powerpc-eabi/12.1.0/../../../../powerpc-eabi/lib/libc.a(lib_a-mprec.o)
                0x0000000002011540                __i2b
 .text.__multiply
                0x0000000002011648      0x308 /opt/devkitpro/devkitPPC/bin/../lib/gcc/powerpc-eabi/12.1.0/../../../../powerpc-eabi/lib/libc.a(lib_a-mprec.o)
                0x0000000002011648                __multiply
 .text.__pow5mult
                0x0000000002011950      0x17c /opt/devkitpro/devkitPPC/bin/../lib/gcc/powerpc-eabi/12.1.0/../../../../powerpc-eabi/lib/libc.a(lib_a-mprec.o)
                0x0000000002011950                __pow5mult
 .text.__lshift
                0x0000000002011acc      0x250 /opt/devkitpro/devkitPPC/bin/../lib/gcc/powerpc-eabi/12.1.0/../../../../powerpc-eabi/lib/libc.a(lib_a-mprec.o)
                0x0000000002011acc                __lshift
 .text.__mcmp   0x0000000002011d1c       0xe0 /opt/devkitpro/devkitPPC/bin/../lib/gcc/powerpc-eabi/12.1.0/../../../../powerpc-eabi/lib/libc.a(lib_a-mprec.o)
                0x0000000002011d1c                __mcmp
 .text.__mdiff  0x0000000002011dfc      0x2ec /opt/devkitpro/devkitPPC/bin/../lib/gcc/powerpc-eabi/12.1.0/../../../../powerpc-eabi/lib/libc.a(lib_a-mprec.o)
                0x0000000002011dfc                __mdiff
 .text.__d2b    0x00000000020120e8      0x1a0 /opt/devkitpro/devkitPPC/bin/../lib/gcc/powerpc-eabi/12.1.0/../../../../powerpc-eabi/lib/libc.a(lib_a-mprec.o)
                0x00000000020120e8                __d2b
 .text.frexp    0x0000000002012288       0x90 /opt/devkitpro/devkitPPC/bin/../lib/gcc/powerpc-eabi/12.1.0/../../../../powerpc-eabi/lib/libc.a(lib_a-s_frexp.o)
                0x0000000002012288                frexp
 .text.__ssprint_r
                0x0000000002012318      0x260 /opt/devkitpro/devkitPPC/bin/../lib/gcc/powerpc-eabi/12.1.0/../../../../powerpc-eabi/lib/libc.a(lib_a-svfiprintf.o)
                0x0000000002012318                __ssprint_r
 .text._wcsnrtombs_l
                0x0000000002012578      0x214 /opt/devkitpro/devkitPPC/bin/../lib/gcc/powerpc-eabi/12.1.0/../../../../powerpc-eabi/lib/libc.a(lib_a-wcsnrtombs.o)
                0x0000000002012578                _wcsnrtombs_l
 .text._wcsnrtombs_r
                0x000000000201278c       0x24 /opt/devkitpro/devkitPPC/bin/../lib/gcc/powerpc-eabi/12.1.0/../../../../powerpc-eabi/lib/libc.a(lib_a-wcsnrtombs.o)
                0x000000000201278c                _wcsnrtombs_r
 .text.__utf8_wctomb
                0x00000000020127b0      0x108 /opt/devkitpro/devkitPPC/bin/../lib/gcc/powerpc-eabi/12.1.0/../../../../powerpc-eabi/lib/libc.a(lib_a-wctomb_r.o)
                0x00000000020127b0                __utf8_wctomb
 .text.__assert_func
                0x00000000020128b8       0x58 /opt/devkitpro/devkitPPC/bin/../lib/gcc/powerpc-eabi/12.1.0/../../../../powerpc-eabi/lib/libc.a(lib_a-assert.o)
                0x00000000020128b8                __assert_func
 .text.fiprintf
                0x0000000002012910       0x94 /opt/devkitpro/devkitPPC/bin/../lib/gcc/powerpc-eabi/12.1.0/../../../../powerpc-eabi/lib/libc.a(lib_a-fiprintf.o)
                0x0000000002012910                fiprintf
 .text.memmove  0x00000000020129a4      0x1c0 /opt/devkitpro/devkitPPC/bin/../lib/gcc/powerpc-eabi/12.1.0/../../../../powerpc-eabi/lib/libc.a(lib_a-memmove.o)
                0x00000000020129a4                memmove
 .text.__sprint_r.part.0
                0x0000000002012b64      0x148 /opt/devkitpro/devkitPPC/bin/../lib/gcc/powerpc-eabi/12.1.0/../../../../powerpc-eabi/lib/libc.a(lib_a-vfiprintf.o)
 .text._vfiprintf_r
                0x0000000002012cac     0x1ca8 /opt/devkitpro/devkitPPC/bin/../lib/gcc/powerpc-eabi/12.1.0/../../../../powerpc-eabi/lib/libc.a(lib_a-vfiprintf.o)
                0x0000000002012cac                _vfiprintf_r
 .text.__sbprintf
                0x0000000002014954      0x100 /opt/devkitpro/devkitPPC/bin/../lib/gcc/powerpc-eabi/12.1.0/../../../../powerpc-eabi/lib/libc.a(lib_a-vfiprintf.o)
 .text.__swsetup_r
                0x0000000002014a54      0x194 /opt/devkitpro/devkitPPC/bin/../lib/gcc/powerpc-eabi/12.1.0/../../../../powerpc-eabi/lib/libc.a(lib_a-wsetup.o)
                0x0000000002014a54                __swsetup_r
 .text.__sflush_r
                0x0000000002014be8      0x2f4 /opt/devkitpro/devkitPPC/bin/../lib/gcc/powerpc-eabi/12.1.0/../../../../powerpc-eabi/lib/libc.a(lib_a-fflush.o)
                0x0000000002014be8                __sflush_r
 .text._fflush_r
                0x0000000002014edc      0x108 /opt/devkitpro/devkitPPC/bin/../lib/gcc/powerpc-eabi/12.1.0/../../../../powerpc-eabi/lib/libc.a(lib_a-fflush.o)
                0x0000000002014edc                _fflush_r
 .text._cleanup_r
                0x0000000002014fe4        0xc /opt/devkitpro/devkitPPC/bin/../lib/gcc/powerpc-eabi/12.1.0/../../../../powerpc-eabi/lib/libc.a(lib_a-findfp.o)
                0x0000000002014fe4                _cleanup_r
 .text.__sinit  0x0000000002014ff0      0x1f8 /opt/devkitpro/devkitPPC/bin/../lib/gcc/powerpc-eabi/12.1.0/../../../../powerpc-eabi/lib/libc.a(lib_a-findfp.o)
                0x0000000002014ff0                __sinit
 .text.__sfp_lock_acquire
                0x00000000020151e8       0x58 /opt/devkitpro/devkitPPC/bin/../lib/gcc/powerpc-eabi/12.1.0/../../../../powerpc-eabi/lib/libc.a(lib_a-findfp.o)
                0x00000000020151e8                __sfp_lock_acquire
 .text.__sfp_lock_release
                0x0000000002015240        0xc /opt/devkitpro/devkitPPC/bin/../lib/gcc/powerpc-eabi/12.1.0/../../../../powerpc-eabi/lib/libc.a(lib_a-findfp.o)
                0x0000000002015240                __sfp_lock_release
 .text.__fputwc
                0x000000000201524c      0x170 /opt/devkitpro/devkitPPC/bin/../lib/gcc/powerpc-eabi/12.1.0/../../../../powerpc-eabi/lib/libc.a(lib_a-fputwc.o)
                0x000000000201524c                __fputwc
 .text._fputwc_r
                0x00000000020153bc       0xd0 /opt/devkitpro/devkitPPC/bin/../lib/gcc/powerpc-eabi/12.1.0/../../../../powerpc-eabi/lib/libc.a(lib_a-fputwc.o)
                0x00000000020153bc                _fputwc_r
 .text.__sfvwrite_r
                0x000000000201548c      0x5b0 /opt/devkitpro/devkitPPC/bin/../lib/gcc/powerpc-eabi/12.1.0/../../../../powerpc-eabi/lib/libc.a(lib_a-fvwrite.o)
                0x000000000201548c                __sfvwrite_r
 .text._fwalk_reent
                0x0000000002015a3c       0xb4 /opt/devkitpro/devkitPPC/bin/../lib/gcc/powerpc-eabi/12.1.0/../../../../powerpc-eabi/lib/libc.a(lib_a-fwalk.o)
                0x0000000002015a3c                _fwalk_reent
 .text.__smakebuf_r
                0x0000000002015af0      0x188 /opt/devkitpro/devkitPPC/bin/../lib/gcc/powerpc-eabi/12.1.0/../../../../powerpc-eabi/lib/libc.a(lib_a-makebuf.o)
                0x0000000002015af0                __smakebuf_r
 .text.__sread  0x0000000002015c78       0x74 /opt/devkitpro/devkitPPC/bin/../lib/gcc/powerpc-eabi/12.1.0/../../../../powerpc-eabi/lib/libc.a(lib_a-stdio.o)
                0x0000000002015c78                __sread
 .text.__swrite
                0x0000000002015cec       0xb8 /opt/devkitpro/devkitPPC/bin/../lib/gcc/powerpc-eabi/12.1.0/../../../../powerpc-eabi/lib/libc.a(lib_a-stdio.o)
                0x0000000002015cec                __swrite
 .text.__sseek  0x0000000002015da4       0x70 /opt/devkitpro/devkitPPC/bin/../lib/gcc/powerpc-eabi/12.1.0/../../../../powerpc-eabi/lib/libc.a(lib_a-stdio.o)
                0x0000000002015da4                __sseek
 .text.__sclose
                0x0000000002015e14        0x8 /opt/devkitpro/devkitPPC/bin/../lib/gcc/powerpc-eabi/12.1.0/../../../../powerpc-eabi/lib/libc.a(lib_a-stdio.o)
                0x0000000002015e14                __sclose
 .text.__swbuf_r
                0x0000000002015e1c      0x18c /opt/devkitpro/devkitPPC/bin/../lib/gcc/powerpc-eabi/12.1.0/../../../../powerpc-eabi/lib/libc.a(lib_a-wbuf.o)
                0x0000000002015e1c                __swbuf_r
 .text._fclose_r
                0x0000000002015fa8      0x1ec /opt/devkitpro/devkitPPC/bin/../lib/gcc/powerpc-eabi/12.1.0/../../../../powerpc-eabi/lib/libc.a(lib_a-fclose.o)
                0x0000000002015fa8                _fclose_r
 .text._close_r
                0x0000000002016194       0xec /opt/devkitpro/devkitPPC/bin/../lib/gcc/powerpc-eabi/12.1.0/../../../../powerpc-eabi/lib/libsysbase.a(close.o)
                0x0000000002016194                _close_r
 .text._fstat_r
                0x0000000002016280       0xb0 /opt/devkitpro/devkitPPC/bin/../lib/gcc/powerpc-eabi/12.1.0/../../../../powerpc-eabi/lib/libsysbase.a(fstat.o)
                0x0000000002016280                _fstat_r
 .text._isatty_r
                0x0000000002016330        0x8 /opt/devkitpro/devkitPPC/bin/../lib/gcc/powerpc-eabi/12.1.0/../../../../powerpc-eabi/lib/libsysbase.a(isatty.o)
                0x0000000002016330                _isatty_r
 .text._lseek_r
                0x0000000002016338       0xe0 /opt/devkitpro/devkitPPC/bin/../lib/gcc/powerpc-eabi/12.1.0/../../../../powerpc-eabi/lib/libsysbase.a(lseek.o)
                0x0000000002016338                _lseek_r
 .text._read_r  0x0000000002016418       0xc4 /opt/devkitpro/devkitPPC/bin/../lib/gcc/powerpc-eabi/12.1.0/../../../../powerpc-eabi/lib/libsysbase.a(read.o)
                0x0000000002016418                _read_r
 .text._write_r
                0x00000000020164dc       0xc4 /opt/devkitpro/devkitPPC/bin/../lib/gcc/powerpc-eabi/12.1.0/../../../../powerpc-eabi/lib/libsysbase.a(write.o)
                0x00000000020164dc                _write_r
 .text.__flockfile
                0x00000000020165a0       0x54 /opt/devkitpro/devkitPPC/bin/../lib/gcc/powerpc-eabi/12.1.0/../../../../powerpc-eabi/lib/libsysbase.a(flock.o)
                0x00000000020165a0                __flockfile
 .text.__funlockfile
                0x00000000020165f4        0x8 /opt/devkitpro/devkitPPC/bin/../lib/gcc/powerpc-eabi/12.1.0/../../../../powerpc-eabi/lib/libsysbase.a(flock.o)
                0x00000000020165f4                __funlockfile
 .text.__release_handle
                0x00000000020165fc       0xe4 /opt/devkitpro/devkitPPC/bin/../lib/gcc/powerpc-eabi/12.1.0/../../../../powerpc-eabi/lib/libsysbase.a(handle_manager.o)
                0x00000000020165fc                __release_handle
 .text.__get_handle
                0x00000000020166e0       0x24 /opt/devkitpro/devkitPPC/bin/../lib/gcc/powerpc-eabi/12.1.0/../../../../powerpc-eabi/lib/libsysbase.a(handle_manager.o)
                0x00000000020166e0                __get_handle
 .text.__libc_lock_init
                0x0000000002016704       0x1c /opt/devkitpro/devkitPPC/bin/../lib/gcc/powerpc-eabi/12.1.0/../../../../powerpc-eabi/lib/libsysbase.a(syscall_support.o)
                0x0000000002016704                __libc_lock_init
 .text.__libc_lock_close
                0x0000000002016720       0x1c /opt/devkitpro/devkitPPC/bin/../lib/gcc/powerpc-eabi/12.1.0/../../../../powerpc-eabi/lib/libsysbase.a(syscall_support.o)
                0x0000000002016720                __libc_lock_close
 .text.__libc_lock_release
                0x000000000201673c       0x1c /opt/devkitpro/devkitPPC/bin/../lib/gcc/powerpc-eabi/12.1.0/../../../../powerpc-eabi/lib/libsysbase.a(syscall_support.o)
                0x000000000201673c                __libc_lock_release
 .text.__libc_lock_acquire
                0x0000000002016758       0x1c /opt/devkitpro/devkitPPC/bin/../lib/gcc/powerpc-eabi/12.1.0/../../../../powerpc-eabi/lib/libsysbase.a(syscall_support.o)
                0x0000000002016758                __libc_lock_acquire
 .text.__do_global_ctors_aux
                0x0000000002016774       0x50 /opt/devkitpro/devkitPPC/bin/../lib/gcc/powerpc-eabi/12.1.0/crtend.o
 *(.gnu.warning)
 *(.glink)
 .glink         0x00000000020167c4        0x0 /opt/devkitpro/devkitPPC/bin/../lib/gcc/powerpc-eabi/12.1.0/crtbegin.o
 *(SORT_NONE(.fini))
 .fini          0x00000000020167c4        0xc /opt/devkitpro/devkitPPC/bin/../lib/gcc/powerpc-eabi/12.1.0/ecrti.o
                0x00000000020167c4                __fini
 .fini          0x00000000020167d0        0x4 /opt/devkitpro/devkitPPC/bin/../lib/gcc/powerpc-eabi/12.1.0/crtbegin.o
 .fini          0x00000000020167d4       0x10 /opt/devkitpro/devkitPPC/bin/../lib/gcc/powerpc-eabi/12.1.0/ecrtn.o
                0x0000000010000000                . = ORIGIN (datamem)

.rodata         0x0000000010000000     0x174c
 *(.sdata2 .sdata2.* .gnu.linkonce.s2.*)
 .sdata2        0x0000000010000000        0x0 /opt/devkitpro/devkitPPC/bin/../lib/gcc/powerpc-eabi/12.1.0/crtbegin.o
                0x0000000010008000                _SDA2_BASE_
 *(.sbss2 .sbss2.* .gnu.linkonce.sb2.*)
 *(.rodata .rodata.* .gnu.linkonce.r.*)
 .rodata.str1.4
                0x0000000010000000      0x24f main.o
 *fill*         0x000000001000024f        0x1 
 .rodata._Z44WUPSConfigItemBoolean_getCurrentValueDisplayPvPci.str1.4
                0x0000000010000250        0x5 /opt/devkitpro/wups/lib/libwups.a(WUPSConfigItemBoolean.o)
 *fill*         0x0000000010000255        0x3 
 .rodata._Z52WUPSConfigItemBoolean_getCurrentValueSelectedDisplayPvPci.str1.4
                0x0000000010000258        0xf /opt/devkitpro/wups/lib/libwups.a(WUPSConfigItemBoolean.o)
 *fill*         0x0000000010000267        0x1 
 .rodata.WUPSConfigItemBoolean_AddToCategoryEx.str1.4
                0x0000000010000268        0x3 /opt/devkitpro/wups/lib/libwups.a(WUPSConfigItemBoolean.o)
 *fill*         0x000000001000026b        0x1 
 .rodata.WUPSConfigItemBoolean_AddToCategory.str1.4
                0x000000001000026c        0xd /opt/devkitpro/wups/lib/libwups.a(WUPSConfigItemBoolean.o)
 *fill*         0x0000000010000279        0x3 
 .rodata        0x000000001000027c       0x20 /opt/devkitpro/wups/lib/libwups.a(WUPSConfigItemBoolean.o)
 .rodata.__wups_start.str1.4
                0x000000001000029c       0x38 /opt/devkitpro/wups/lib/libwups.a(main.o)
 .rodata.str1.4
                0x00000000100002d4        0x3 /opt/devkitpro/wut/lib/libwut.a(devoptab_fs.o)
 *fill*         0x00000000100002d7        0x1 
 .rodata.__wut_fs_translate_error
                0x00000000100002d8       0x48 /opt/devkitpro/wut/lib/libwut.a(devoptab_fs_utils.o)
 .rodata.__wut_fs_open.str1.4
                0x0000000010000320       0x13 /opt/devkitpro/wut/lib/libwut.a(devoptab_fs_open.o)
                                         0x17 (size before relaxing)
 *fill*         0x0000000010000333        0x1 
 .rodata.NotificationModule_GetVersion.str1.4
                0x0000000010000334      0x109 /opt/devkitpro/wums/lib/libnotifications.a(utils.o)
 *fill*         0x000000001000043d        0x3 
 .rodata.NotificationModule_InitLibrary.str1.4
                0x0000000010000440      0x3f2 /opt/devkitpro/wums/lib/libnotifications.a(utils.o)
 *fill*         0x0000000010000832        0x2 
 .rodata.cst4   0x0000000010000834        0xc /opt/devkitpro/wums/lib/libnotifications.a(utils.o)
 .rodata._ZNKSt9bad_alloc4whatEv.str1.4
                0x0000000010000840        0xf /opt/devkitpro/devkitPPC/bin/../lib/gcc/powerpc-eabi/12.1.0/../../../../powerpc-eabi/lib/libstdc++.a(bad_alloc.o)
 *fill*         0x000000001000084f        0x1 
 .rodata._ZTSSt9bad_alloc
                0x0000000010000850        0xd /opt/devkitpro/devkitPPC/bin/../lib/gcc/powerpc-eabi/12.1.0/../../../../powerpc-eabi/lib/libstdc++.a(bad_alloc.o)
                0x0000000010000850                _ZTSSt9bad_alloc
 *fill*         0x000000001000085d        0x3 
 .rodata._ZTISt9bad_alloc
                0x0000000010000860        0xc /opt/devkitpro/devkitPPC/bin/../lib/gcc/powerpc-eabi/12.1.0/../../../../powerpc-eabi/lib/libstdc++.a(bad_alloc.o)
                0x0000000010000860                _ZTISt9bad_alloc
 .rodata._ZTVSt9bad_alloc
                0x000000001000086c       0x14 /opt/devkitpro/devkitPPC/bin/../lib/gcc/powerpc-eabi/12.1.0/../../../../powerpc-eabi/lib/libstdc++.a(bad_alloc.o)
                0x000000001000086c                _ZTVSt9bad_alloc
 .rodata._ZNK9__gnu_cxx24__concurrence_lock_error4whatEv.str1.4
                0x0000000010000880       0x24 /opt/devkitpro/devkitPPC/bin/../lib/gcc/powerpc-eabi/12.1.0/../../../../powerpc-eabi/lib/libstdc++.a(eh_alloc.o)
 .rodata._ZNK9__gnu_cxx26__concurrence_unlock_error4whatEv.str1.4
                0x00000000100008a4       0x26 /opt/devkitpro/devkitPPC/bin/../lib/gcc/powerpc-eabi/12.1.0/../../../../powerpc-eabi/lib/libstdc++.a(eh_alloc.o)
 *fill*         0x00000000100008ca        0x2 
 .rodata._ZTSN9__gnu_cxx24__concurrence_lock_errorE
                0x00000000100008cc       0x27 /opt/devkitpro/devkitPPC/bin/../lib/gcc/powerpc-eabi/12.1.0/../../../../powerpc-eabi/lib/libstdc++.a(eh_alloc.o)
                0x00000000100008cc                _ZTSN9__gnu_cxx24__concurrence_lock_errorE
 *fill*         0x00000000100008f3        0x1 
 .rodata._ZTIN9__gnu_cxx24__concurrence_lock_errorE
                0x00000000100008f4        0xc /opt/devkitpro/devkitPPC/bin/../lib/gcc/powerpc-eabi/12.1.0/../../../../powerpc-eabi/lib/libstdc++.a(eh_alloc.o)
                0x00000000100008f4                _ZTIN9__gnu_cxx24__concurrence_lock_errorE
 .rodata._ZTSN9__gnu_cxx26__concurrence_unlock_errorE
                0x0000000010000900       0x29 /opt/devkitpro/devkitPPC/bin/../lib/gcc/powerpc-eabi/12.1.0/../../../../powerpc-eabi/lib/libstdc++.a(eh_alloc.o)
                0x0000000010000900                _ZTSN9__gnu_cxx26__concurrence_unlock_errorE
 *fill*         0x0000000010000929        0x3 
 .rodata._ZTIN9__gnu_cxx26__concurrence_unlock_errorE
                0x000000001000092c        0xc /opt/devkitpro/devkitPPC/bin/../lib/gcc/powerpc-eabi/12.1.0/../../../../powerpc-eabi/lib/libstdc++.a(eh_alloc.o)
                0x000000001000092c                _ZTIN9__gnu_cxx26__concurrence_unlock_errorE
 .rodata._ZTVN9__gnu_cxx24__concurrence_lock_errorE
                0x0000000010000938       0x14 /opt/devkitpro/devkitPPC/bin/../lib/gcc/powerpc-eabi/12.1.0/../../../../powerpc-eabi/lib/libstdc++.a(eh_alloc.o)
                0x0000000010000938                _ZTVN9__gnu_cxx24__concurrence_lock_errorE
 .rodata._ZTVN9__gnu_cxx26__concurrence_unlock_errorE
                0x000000001000094c       0x14 /opt/devkitpro/devkitPPC/bin/../lib/gcc/powerpc-eabi/12.1.0/../../../../powerpc-eabi/lib/libstdc++.a(eh_alloc.o)
                0x000000001000094c                _ZTVN9__gnu_cxx26__concurrence_unlock_errorE
 .rodata._ZTSSt9exception
                0x0000000010000960        0xd /opt/devkitpro/devkitPPC/bin/../lib/gcc/powerpc-eabi/12.1.0/../../../../powerpc-eabi/lib/libstdc++.a(eh_exception.o)
                0x0000000010000960                _ZTSSt9exception
 *fill*         0x000000001000096d        0x3 
 .rodata._ZTSN10__cxxabiv115__forced_unwindE
                0x0000000010000970       0x20 /opt/devkitpro/devkitPPC/bin/../lib/gcc/powerpc-eabi/12.1.0/../../../../powerpc-eabi/lib/libstdc++.a(eh_exception.o)
                0x0000000010000970                _ZTSN10__cxxabiv115__forced_unwindE
 .rodata._ZTSN10__cxxabiv119__foreign_exceptionE
                0x0000000010000990       0x24 /opt/devkitpro/devkitPPC/bin/../lib/gcc/powerpc-eabi/12.1.0/../../../../powerpc-eabi/lib/libstdc++.a(eh_exception.o)
                0x0000000010000990                _ZTSN10__cxxabiv119__foreign_exceptionE
 .rodata._ZL28read_encoded_value_with_basehjPKhPj
                0x00000000100009b4       0x34 /opt/devkitpro/devkitPPC/bin/../lib/gcc/powerpc-eabi/12.1.0/../../../../powerpc-eabi/lib/libstdc++.a(eh_personality.o)
 .rodata._ZTSN10__cxxabiv120__si_class_type_infoE
                0x00000000100009e8       0x25 /opt/devkitpro/devkitPPC/bin/../lib/gcc/powerpc-eabi/12.1.0/../../../../powerpc-eabi/lib/libstdc++.a(si_class_type_info.o)
                0x00000000100009e8                _ZTSN10__cxxabiv120__si_class_type_infoE
 *fill*         0x0000000010000a0d        0x3 
 .rodata._ZTIN10__cxxabiv120__si_class_type_infoE
                0x0000000010000a10        0xc /opt/devkitpro/devkitPPC/bin/../lib/gcc/powerpc-eabi/12.1.0/../../../../powerpc-eabi/lib/libstdc++.a(si_class_type_info.o)
                0x0000000010000a10                _ZTIN10__cxxabiv120__si_class_type_infoE
 .rodata._ZTVN10__cxxabiv120__si_class_type_infoE
                0x0000000010000a1c       0x2c /opt/devkitpro/devkitPPC/bin/../lib/gcc/powerpc-eabi/12.1.0/../../../../powerpc-eabi/lib/libstdc++.a(si_class_type_info.o)
                0x0000000010000a1c                _ZTVN10__cxxabiv120__si_class_type_infoE
 .rodata._ZTSSt9type_info
                0x0000000010000a48        0xd /opt/devkitpro/devkitPPC/bin/../lib/gcc/powerpc-eabi/12.1.0/../../../../powerpc-eabi/lib/libstdc++.a(tinfo.o)
                0x0000000010000a48                _ZTSSt9type_info
 *fill*         0x0000000010000a55        0x3 
 .rodata._ZTSN10__cxxabiv117__class_type_infoE
                0x0000000010000a58       0x22 /opt/devkitpro/devkitPPC/bin/../lib/gcc/powerpc-eabi/12.1.0/../../../../powerpc-eabi/lib/libstdc++.a(class_type_info.o)
                0x0000000010000a58                _ZTSN10__cxxabiv117__class_type_infoE
 *fill*         0x0000000010000a7a        0x2 
 .rodata._ZTIN10__cxxabiv117__class_type_infoE
                0x0000000010000a7c        0xc /opt/devkitpro/devkitPPC/bin/../lib/gcc/powerpc-eabi/12.1.0/../../../../powerpc-eabi/lib/libstdc++.a(class_type_info.o)
                0x0000000010000a7c                _ZTIN10__cxxabiv117__class_type_infoE
 .rodata._ZTVN10__cxxabiv117__class_type_infoE
                0x0000000010000a88       0x2c /opt/devkitpro/devkitPPC/bin/../lib/gcc/powerpc-eabi/12.1.0/../../../../powerpc-eabi/lib/libstdc++.a(class_type_info.o)
                0x0000000010000a88                _ZTVN10__cxxabiv117__class_type_infoE
 .rodata.read_encoded_value
                0x0000000010000ab4       0x34 /opt/devkitpro/devkitPPC/bin/../lib/gcc/powerpc-eabi/12.1.0/libgcc.a(unwind-dw2.o)
 .rodata.execute_stack_op
                0x0000000010000ae8      0x29c /opt/devkitpro/devkitPPC/bin/../lib/gcc/powerpc-eabi/12.1.0/libgcc.a(unwind-dw2.o)
 .rodata.uw_update_context_1
                0x0000000010000d84       0x18 /opt/devkitpro/devkitPPC/bin/../lib/gcc/powerpc-eabi/12.1.0/libgcc.a(unwind-dw2.o)
 .rodata.execute_cfa_program
                0x0000000010000d9c       0xc0 /opt/devkitpro/devkitPPC/bin/../lib/gcc/powerpc-eabi/12.1.0/libgcc.a(unwind-dw2.o)
 .rodata.uw_frame_state_for
                0x0000000010000e5c       0x48 /opt/devkitpro/devkitPPC/bin/../lib/gcc/powerpc-eabi/12.1.0/libgcc.a(unwind-dw2.o)
 .rodata.read_encoded_value_with_base
                0x0000000010000ea4       0x34 /opt/devkitpro/devkitPPC/bin/../lib/gcc/powerpc-eabi/12.1.0/libgcc.a(unwind-dw2-fde.o)
 .rodata.terminator.1
                0x0000000010000ed8        0x8 /opt/devkitpro/devkitPPC/bin/../lib/gcc/powerpc-eabi/12.1.0/libgcc.a(unwind-dw2-fde.o)
 .rodata.AddDevice.str1.4
                0x0000000010000ee0        0x8 /opt/devkitpro/devkitPPC/bin/../lib/gcc/powerpc-eabi/12.1.0/../../../../powerpc-eabi/lib/libsysbase.a(iosupport.o)
 .rodata.dotab_stdnull
                0x0000000010000ee8       0x70 /opt/devkitpro/devkitPPC/bin/../lib/gcc/powerpc-eabi/12.1.0/../../../../powerpc-eabi/lib/libsysbase.a(iosupport.o)
                0x0000000010000ee8                dotab_stdnull
 .rodata._ctype_
                0x0000000010000f58      0x101 /opt/devkitpro/devkitPPC/bin/../lib/gcc/powerpc-eabi/12.1.0/../../../../powerpc-eabi/lib/libc.a(lib_a-ctype_.o)
                0x0000000010000f58                _ctype_
 *fill*         0x0000000010001059        0x3 
 .rodata._svfprintf_r.str1.4
                0x000000001000105c       0x42 /opt/devkitpro/devkitPPC/bin/../lib/gcc/powerpc-eabi/12.1.0/../../../../powerpc-eabi/lib/libc.a(lib_a-svfprintf.o)
 *fill*         0x000000001000109e        0x2 
 .rodata._svfprintf_r
                0x00000000100010a0      0x204 /opt/devkitpro/devkitPPC/bin/../lib/gcc/powerpc-eabi/12.1.0/../../../../powerpc-eabi/lib/libc.a(lib_a-svfprintf.o)
 .rodata.zeroes.0
                0x00000000100012a4       0x10 /opt/devkitpro/devkitPPC/bin/../lib/gcc/powerpc-eabi/12.1.0/../../../../powerpc-eabi/lib/libc.a(lib_a-svfprintf.o)
 .rodata.blanks.1
                0x00000000100012b4       0x10 /opt/devkitpro/devkitPPC/bin/../lib/gcc/powerpc-eabi/12.1.0/../../../../powerpc-eabi/lib/libc.a(lib_a-svfprintf.o)
 .rodata.cst4   0x00000000100012c4        0xc /opt/devkitpro/devkitPPC/bin/../lib/gcc/powerpc-eabi/12.1.0/../../../../powerpc-eabi/lib/libc.a(lib_a-svfprintf.o)
                                         0x14 (size before relaxing)
 .rodata.cst8   0x00000000100012d0        0x8 /opt/devkitpro/devkitPPC/bin/../lib/gcc/powerpc-eabi/12.1.0/../../../../powerpc-eabi/lib/libc.a(lib_a-svfprintf.o)
 .rodata._dtoa_r.str1.4
                0x00000000100012d8       0x66 /opt/devkitpro/devkitPPC/bin/../lib/gcc/powerpc-eabi/12.1.0/../../../../powerpc-eabi/lib/libc.a(lib_a-dtoa.o)
                                         0x6a (size before relaxing)
 *fill*         0x000000001000133e        0x2 
 .rodata.cst4   0x0000000010001340       0x18 /opt/devkitpro/devkitPPC/bin/../lib/gcc/powerpc-eabi/12.1.0/../../../../powerpc-eabi/lib/libc.a(lib_a-dtoa.o)
                                         0x24 (size before relaxing)
 .rodata.cst8   0x0000000010001358       0x18 /opt/devkitpro/devkitPPC/bin/../lib/gcc/powerpc-eabi/12.1.0/../../../../powerpc-eabi/lib/libc.a(lib_a-dtoa.o)
 .rodata.str1.4
                0x0000000010001370       0x48 /opt/devkitpro/devkitPPC/bin/../lib/gcc/powerpc-eabi/12.1.0/../../../../powerpc-eabi/lib/libc.a(lib_a-locale.o)
                                         0x4c (size before relaxing)
 .rodata.__multadd.str1.4
                0x00000000100013b8       0x43 /opt/devkitpro/devkitPPC/bin/../lib/gcc/powerpc-eabi/12.1.0/../../../../powerpc-eabi/lib/libc.a(lib_a-mprec.o)
                                         0x57 (size before relaxing)
 *fill*         0x00000000100013fb        0x1 
 .rodata.p05.0  0x00000000100013fc        0xc /opt/devkitpro/devkitPPC/bin/../lib/gcc/powerpc-eabi/12.1.0/../../../../powerpc-eabi/lib/libc.a(lib_a-mprec.o)
 .rodata.__mprec_bigtens
                0x0000000010001408       0x28 /opt/devkitpro/devkitPPC/bin/../lib/gcc/powerpc-eabi/12.1.0/../../../../powerpc-eabi/lib/libc.a(lib_a-mprec.o)
                0x0000000010001408                __mprec_bigtens
 .rodata.__mprec_tens
                0x0000000010001430       0xc8 /opt/devkitpro/devkitPPC/bin/../lib/gcc/powerpc-eabi/12.1.0/../../../../powerpc-eabi/lib/libc.a(lib_a-mprec.o)
                0x0000000010001430                __mprec_tens
 .rodata.cst4   0x00000000100014f8        0x4 /opt/devkitpro/devkitPPC/bin/../lib/gcc/powerpc-eabi/12.1.0/../../../../powerpc-eabi/lib/libc.a(lib_a-s_frexp.o)
 .rodata.__assert_func.str1.4
                0x00000000100014fc       0x3f /opt/devkitpro/devkitPPC/bin/../lib/gcc/powerpc-eabi/12.1.0/../../../../powerpc-eabi/lib/libc.a(lib_a-assert.o)
                                         0x43 (size before relaxing)
 .rodata._vfiprintf_r.str1.4
                0x000000001000153b       0x2f /opt/devkitpro/devkitPPC/bin/../lib/gcc/powerpc-eabi/12.1.0/../../../../powerpc-eabi/lib/libc.a(lib_a-vfiprintf.o)
 *fill*         0x000000001000153b        0x1 
 .rodata._vfiprintf_r
                0x000000001000153c      0x16c /opt/devkitpro/devkitPPC/bin/../lib/gcc/powerpc-eabi/12.1.0/../../../../powerpc-eabi/lib/libc.a(lib_a-vfiprintf.o)
 .rodata.zeroes.0
                0x00000000100016a8       0x10 /opt/devkitpro/devkitPPC/bin/../lib/gcc/powerpc-eabi/12.1.0/../../../../powerpc-eabi/lib/libc.a(lib_a-vfiprintf.o)
 .rodata.blanks.1
                0x00000000100016b8       0x10 /opt/devkitpro/devkitPPC/bin/../lib/gcc/powerpc-eabi/12.1.0/../../../../powerpc-eabi/lib/libc.a(lib_a-vfiprintf.o)
 *(.rodata1)
 *(.gcc_except_table .gcc_except_table.*)
 .gcc_except_table._ZN12_GLOBAL__N_14pool4freeEPv.constprop.0
                0x00000000100016c8        0xd /opt/devkitpro/devkitPPC/bin/../lib/gcc/powerpc-eabi/12.1.0/../../../../powerpc-eabi/lib/libstdc++.a(eh_alloc.o)
 .gcc_except_table._ZN12_GLOBAL__N_14pool8allocateEj.constprop.0
                0x00000000100016d5        0xd /opt/devkitpro/devkitPPC/bin/../lib/gcc/powerpc-eabi/12.1.0/../../../../powerpc-eabi/lib/libstdc++.a(eh_alloc.o)
 .gcc_except_table.__cxa_allocate_exception
                0x00000000100016e2        0x4 /opt/devkitpro/devkitPPC/bin/../lib/gcc/powerpc-eabi/12.1.0/../../../../powerpc-eabi/lib/libstdc++.a(eh_alloc.o)
 .gcc_except_table.__cxa_free_exception
                0x00000000100016e6        0x4 /opt/devkitpro/devkitPPC/bin/../lib/gcc/powerpc-eabi/12.1.0/../../../../powerpc-eabi/lib/libstdc++.a(eh_alloc.o)
 .gcc_except_table._GLOBAL__sub_D__ZN9__gnu_cxx9__freeresEv
                0x00000000100016ea        0x4 /opt/devkitpro/devkitPPC/bin/../lib/gcc/powerpc-eabi/12.1.0/../../../../powerpc-eabi/lib/libstdc++.a(eh_alloc.o)
 *fill*         0x00000000100016ee        0x2 
 .gcc_except_table.__gxx_personality_v0
                0x00000000100016f0       0x1c /opt/devkitpro/devkitPPC/bin/../lib/gcc/powerpc-eabi/12.1.0/../../../../powerpc-eabi/lib/libstdc++.a(eh_personality.o)
 .gcc_except_table._ZN10__cxxabiv111__terminateEPFvvE
                0x000000001000170c       0x10 /opt/devkitpro/devkitPPC/bin/../lib/gcc/powerpc-eabi/12.1.0/../../../../powerpc-eabi/lib/libstdc++.a(eh_terminate.o)
 .gcc_except_table.__cxa_get_globals
                0x000000001000171c        0x4 /opt/devkitpro/devkitPPC/bin/../lib/gcc/powerpc-eabi/12.1.0/../../../../powerpc-eabi/lib/libstdc++.a(eh_globals.o)
 .gcc_except_table._GLOBAL__sub_D___cxa_get_globals_fast
                0x0000000010001720        0x4 /opt/devkitpro/devkitPPC/bin/../lib/gcc/powerpc-eabi/12.1.0/../../../../powerpc-eabi/lib/libstdc++.a(eh_globals.o)
 *(.gnu_extab*)
                0x0000000010001724                . = ALIGN (0x4)
                [!provide]                        PROVIDE (__preinit_array_start = .)
 *(.preinit_array)
                [!provide]                        PROVIDE (__preinit_array_end = .)
                [!provide]                        PROVIDE (__init_array_start = .)
 *crtbegin.o(.ctors)
 .ctors         0x0000000010001724        0x4 /opt/devkitpro/devkitPPC/bin/../lib/gcc/powerpc-eabi/12.1.0/crtbegin.o
 *crtbegin?.o(.ctors)
 *(SORT_BY_INIT_PRIORITY(.init_array.*) SORT_BY_INIT_PRIORITY(.ctors.*))
 *(.init_array EXCLUDE_FILE(*crtend?.o *crtend.o *crtbegin?.o *crtbegin.o) .ctors)
 .ctors         0x0000000010001728        0x0 /opt/devkitpro/devkitPPC/bin/../lib/gcc/powerpc-eabi/12.1.0/ecrti.o
                0x0000000010001728                __CTOR_LIST__
 .ctors         0x0000000010001728        0x4 /opt/devkitpro/wums/lib/libnotifications.a(utils.o)
 .ctors         0x000000001000172c        0x4 /opt/devkitpro/devkitPPC/bin/../lib/gcc/powerpc-eabi/12.1.0/../../../../powerpc-eabi/lib/libstdc++.a(eh_alloc.o)
 .ctors         0x0000000010001730        0x4 /opt/devkitpro/devkitPPC/bin/../lib/gcc/powerpc-eabi/12.1.0/../../../../powerpc-eabi/lib/libstdc++.a(eh_globals.o)
 .ctors         0x0000000010001734        0x0 /opt/devkitpro/devkitPPC/bin/../lib/gcc/powerpc-eabi/12.1.0/ecrtn.o
                0x0000000010001734                __CTOR_END__
 *(SORT_BY_NAME(.ctors.*))
 *(.ctors)
 .ctors         0x0000000010001734        0x4 /opt/devkitpro/devkitPPC/bin/../lib/gcc/powerpc-eabi/12.1.0/crtend.o
                [!provide]                        PROVIDE (__init_array_end = .)
                [!provide]                        PROVIDE (__fini_array_start = .)
 *crtbegin.o(.dtors)
 .dtors         0x0000000010001738        0x4 /opt/devkitpro/devkitPPC/bin/../lib/gcc/powerpc-eabi/12.1.0/crtbegin.o
 *crtbegin?.o(.dtors)
 *(SORT_BY_INIT_PRIORITY(.fini_array.*) SORT_BY_INIT_PRIORITY(.dtors.*))
 *(.fini_array EXCLUDE_FILE(*crtend?.o *crtend.o *crtbegin?.o *crtbegin.o) .dtors)
 .dtors         0x000000001000173c        0x0 /opt/devkitpro/devkitPPC/bin/../lib/gcc/powerpc-eabi/12.1.0/ecrti.o
                0x000000001000173c                __DTOR_LIST__
 .dtors         0x000000001000173c        0x4 /opt/devkitpro/wums/lib/libnotifications.a(utils.o)