Archive member included to satisfy reference by file (symbol)

/opt/devkitpro/wups/lib/libwups.a(config.o)
                              main.o (WUPSConfig_Create)
/opt/devkitpro/wups/lib/libwups.a(storage.o)
                              main.o (WUPS_InitStorage)
/opt/devkitpro/wups/lib/libwups.a(main.o)
                              (__wups_start)
/opt/devkitpro/wups/lib/libwups.a(WUPSConfigItemBoolean.o)
                              main.o (WUPSConfigItemBoolean_AddToCategory)
/opt/devkitpro/wups/lib/libwups.a(base64.o)
                              /opt/devkitpro/wups/lib/libwups.a(storage.o) (b64_encode)
/opt/devkitpro/wups/lib/libwups.a(wups_thread_specific.o)
                              /opt/devkitpro/wups/lib/libwups.a(main.o) (wups_set_thread_specific)
/opt/devkitpro/wups/lib/libwups.a(wups_reent.o)
                              /opt/devkitpro/wups/lib/libwups.a(main.o) (_Z15__wups_getreentv)
/opt/devkitpro/wut/lib/libwut.a(coreinit.o)
                              main.o (OSFatal)
/opt/devkitpro/wut/lib/libwut.a(wut_newlib.o)
                              main.o (__init_wut_newlib)
/opt/devkitpro/wut/lib/libwut.a(wut_gettod_r.o)
                              /opt/devkitpro/wut/lib/libwut.a(wut_newlib.o) (__wut_gettod_r)
/opt/devkitpro/wut/lib/libwut.a(wut_nanosleep.o)
                              /opt/devkitpro/wut/lib/libwut.a(wut_newlib.o) (__wut_nanosleep)
/opt/devkitpro/wut/lib/libwut.a(wut_sbrk.o)
                              /opt/devkitpro/wut/lib/libwut.a(wut_newlib.o) (__wut_sbrk_r)
/opt/devkitpro/wut/lib/libwut.a(wut_malloc_lock.o)
                              /opt/devkitpro/wut/lib/libwut.a(wut_newlib.o) (__wut_malloc_lock)
/opt/devkitpro/wut/lib/libwut.a(wut_malloc.o)
                              main.o (__init_wut_malloc)
/opt/devkitpro/wut/lib/libwut.a(devoptab_fs.o)
                              main.o (__init_wut_devoptab)
/opt/devkitpro/wut/lib/libwut.a(devoptab_fs_chdir.o)
                              /opt/devkitpro/wut/lib/libwut.a(devoptab_fs.o) (__wut_fs_chdir)
/opt/devkitpro/wut/lib/libwut.a(devoptab_fs_fstat.o)
                              /opt/devkitpro/wut/lib/libwut.a(devoptab_fs.o) (__wut_fs_fstat)
/opt/devkitpro/wut/lib/libwut.a(devoptab_fs_mkdir.o)
                              /opt/devkitpro/wut/lib/libwut.a(devoptab_fs.o) (__wut_fs_mkdir)
/opt/devkitpro/wut/lib/libwut.a(devoptab_fs_read.o)
                              /opt/devkitpro/wut/lib/libwut.a(devoptab_fs.o) (__wut_fs_read)
/opt/devkitpro/wut/lib/libwut.a(devoptab_fs_utils.o)
                              /opt/devkitpro/wut/lib/libwut.a(devoptab_fs_chdir.o) (__wut_fs_fixpath)
/opt/devkitpro/wut/lib/libwut.a(devoptab_fs_unlink.o)
                              /opt/devkitpro/wut/lib/libwut.a(devoptab_fs.o) (__wut_fs_unlink)
/opt/devkitpro/wut/lib/libwut.a(devoptab_fs_fsync.o)
                              /opt/devkitpro/wut/lib/libwut.a(devoptab_fs.o) (__wut_fs_fsync)
/opt/devkitpro/wut/lib/libwut.a(devoptab_fs_diropen.o)
                              /opt/devkitpro/wut/lib/libwut.a(devoptab_fs.o) (__wut_fs_diropen)
/opt/devkitpro/wut/lib/libwut.a(devoptab_fs_link.o)
                              /opt/devkitpro/wut/lib/libwut.a(devoptab_fs.o) (__wut_fs_link)
/opt/devkitpro/wut/lib/libwut.a(devoptab_fs_dirclose.o)
                              /opt/devkitpro/wut/lib/libwut.a(devoptab_fs.o) (__wut_fs_dirclose)
/opt/devkitpro/wut/lib/libwut.a(devoptab_fs_utimes.o)
                              /opt/devkitpro/wut/lib/libwut.a(devoptab_fs.o) (__wut_fs_utimes)
/opt/devkitpro/wut/lib/libwut.a(devoptab_fs_dirreset.o)
                              /opt/devkitpro/wut/lib/libwut.a(devoptab_fs.o) (__wut_fs_dirreset)
/opt/devkitpro/wut/lib/libwut.a(devoptab_fs_rmdir.o)
                              /opt/devkitpro/wut/lib/libwut.a(devoptab_fs.o) (__wut_fs_rmdir)
/opt/devkitpro/wut/lib/libwut.a(devoptab_fs_open.o)
                              /opt/devkitpro/wut/lib/libwut.a(devoptab_fs.o) (__wut_fs_open)
/opt/devkitpro/wut/lib/libwut.a(devoptab_fs_write.o)
                              /opt/devkitpro/wut/lib/libwut.a(devoptab_fs.o) (__wut_fs_write)
/opt/devkitpro/wut/lib/libwut.a(devoptab_fs_chmod.o)
                              /opt/devkitpro/wut/lib/libwut.a(devoptab_fs.o) (__wut_fs_chmod)
/opt/devkitpro/wut/lib/libwut.a(devoptab_fs_fchmod.o)
                              /opt/devkitpro/wut/lib/libwut.a(devoptab_fs.o) (__wut_fs_fchmod)
/opt/devkitpro/wut/lib/libwut.a(devoptab_fs_dirnext.o)
                              /opt/devkitpro/wut/lib/libwut.a(devoptab_fs.o) (__wut_fs_dirnext)
/opt/devkitpro/wut/lib/libwut.a(devoptab_fs_close.o)
                              /opt/devkitpro/wut/lib/libwut.a(devoptab_fs.o) (__wut_fs_close)
/opt/devkitpro/wut/lib/libwut.a(devoptab_fs_truncate.o)
                              /opt/devkitpro/wut/lib/libwut.a(devoptab_fs.o) (__wut_fs_ftruncate)
/opt/devkitpro/wut/lib/libwut.a(devoptab_fs_statvfs.o)
[...]
Memory Configuration

Name             Origin             Length             Attributes
codemem          0x0000000002000000 0x000000000e000000 xrw
datamem          0x0000000010000000 0x0000000032000000 rw
loadmem          0x00000000c0000000 0x0000000008000000 xrw
*default*        0x0000000000000000 0xffffffffffffffff

Linker script and memory map

                0x0000000002000000                . = ORIGIN (codemem)

.syscall
 *(.syscall .syscall.*)

.text           0x0000000002000000    0x168a0
 *(.crt0)
 *(SORT_NONE(.init))
 .init          0x0000000002000000        0xc /opt/devkitpro/devkitPPC/bin/../lib/gcc/powerpc-eabi/12.1.0/ecrti.o
                0x0000000002000000                __init
 .init          0x000000000200000c        0x4 /opt/devkitpro/devkitPPC/bin/../lib/gcc/powerpc-eabi/12.1.0/crtbegin.o
 .init          0x0000000002000010        0x4 /opt/devkitpro/devkitPPC/bin/../lib/gcc/powerpc-eabi/12.1.0/crtend.o
 .init          0x0000000002000014       0x10 /opt/devkitpro/devkitPPC/bin/../lib/gcc/powerpc-eabi/12.1.0/ecrtn.o
 *(.text.unlikely .text.*_unlikely .text.unlikely.*)
 .text.unlikely.abort
                0x0000000002000024       0x2c main.o
                                         0x1c (size before relaxing)
                0x0000000002000024                abort
 .text.unlikely._ZN9__gnu_cxx30__throw_concurrence_lock_errorEv
                0x0000000002000050       0x34 /opt/devkitpro/devkitPPC/bin/../lib/gcc/powerpc-eabi/12.1.0/../../../../powerpc-eabi/lib/libstdc++.a(eh_alloc.o)
                0x0000000002000050                _ZN9__gnu_cxx30__throw_concurrence_lock_errorEv
 .text.unlikely._ZN9__gnu_cxx32__throw_concurrence_unlock_errorEv
                0x0000000002000084       0x34 /opt/devkitpro/devkitPPC/bin/../lib/gcc/powerpc-eabi/12.1.0/../../../../powerpc-eabi/lib/libstdc++.a(eh_alloc.o)
                0x0000000002000084                _ZN9__gnu_cxx32__throw_concurrence_unlock_errorEv
 *(.text.exit .text.exit.*)
 .text.exit._GLOBAL__sub_D_sDefaultValues
                0x00000000020000b8        0xc /opt/devkitpro/wums/lib/libnotifications.a(utils.o)
 .text.exit._GLOBAL__sub_D__ZN9__gnu_cxx9__freeresEv
                0x00000000020000c4       0x38 /opt/devkitpro/devkitPPC/bin/../lib/gcc/powerpc-eabi/12.1.0/../../../../powerpc-eabi/lib/libstdc++.a(eh_alloc.o)
 .text.exit._GLOBAL__sub_D___cxa_get_globals_fast
                0x00000000020000fc       0x40 /opt/devkitpro/devkitPPC/bin/../lib/gcc/powerpc-eabi/12.1.0/../../../../powerpc-eabi/lib/libstdc++.a(eh_globals.o)
 *(.text.startup .text.startup.*)
 .text.startup._GLOBAL__sub_I_sDefaultValues
                0x000000000200013c       0x28 /opt/devkitpro/wums/lib/libnotifications.a(utils.o)
 .text.startup._GLOBAL__sub_I__ZN9__gnu_cxx9__freeresEv
                0x0000000002000164       0x80 /opt/devkitpro/devkitPPC/bin/../lib/gcc/powerpc-eabi/12.1.0/../../../../powerpc-eabi/lib/libstdc++.a(eh_alloc.o)
 .text.startup._GLOBAL__sub_I___cxa_get_globals_fast
                0x00000000020001e4       0x60 /opt/devkitpro/devkitPPC/bin/../lib/gcc/powerpc-eabi/12.1.0/../../../../powerpc-eabi/lib/libstdc++.a(eh_globals.o)
 *(.text.hot .text.hot.*)
 *(SORT_BY_NAME(.text.sorted.*))
 *(.text .stub .text.* .gnu.linkonce.t.*)
 .text.__do_global_dtors_aux
                0x0000000002000244       0xcc /opt/devkitpro/devkitPPC/bin/../lib/gcc/powerpc-eabi/12.1.0/crtbegin.o
 .text.frame_dummy
                0x0000000002000310       0x24 /opt/devkitpro/devkitPPC/bin/../lib/gcc/powerpc-eabi/12.1.0/crtbegin.o
 .text._Z13deinit_pluginv
                0x0000000002000334        0x4 main.o
                0x0000000002000334                _Z13deinit_pluginv
 .text._Z18on_init_wut_mallocv
                0x0000000002000338        0x4 main.o
                0x0000000002000338                _Z18on_init_wut_mallocv
 .text._Z18on_fini_wut_mallocv
                0x000000000200033c        0x4 main.o
                0x000000000200033c                _Z18on_fini_wut_mallocv
 .text._Z19on_init_wut_socketsv
                0x0000000002000340       0x14 main.o
                0x0000000002000340                _Z19on_init_wut_socketsv
 .text._Z19on_fini_wut_socketsv
                0x0000000002000354       0x14 main.o
                0x0000000002000354                _Z19on_fini_wut_socketsv
 .text._Z18on_init_wut_newlibv
                0x0000000002000368        0x4 main.o
                0x0000000002000368                _Z18on_init_wut_newlibv
 .text._Z18on_fini_wut_newlibv
                0x000000000200036c        0x4 main.o
                0x000000000200036c                _Z18on_fini_wut_newlibv
 .text._Z18on_init_wut_stdcppv
                0x0000000002000370        0x4 main.o
                0x0000000002000370                _Z18on_init_wut_stdcppv
 .text._Z18on_fini_wut_stdcppv
                0x0000000002000374        0x4 main.o
                0x0000000002000374                _Z18on_fini_wut_stdcppv
 .text._Z14__init_wrapperv
                0x0000000002000378       0x50 main.o
                                         0x40 (size before relaxing)
                0x0000000002000378                _Z14__init_wrapperv
 .text._Z14__fini_wrapperv
                0x00000000020003c8        0x4 main.o
                0x00000000020003c8                _Z14__fini_wrapperv
 .text._Z20on_init_wut_devoptabv
                0x00000000020003cc        0x4 main.o
                0x00000000020003cc                _Z20on_init_wut_devoptabv
 .text._Z20on_fini_wut_devoptabv
                0x00000000020003d0        0x4 main.o
                0x00000000020003d0                _Z20on_fini_wut_devoptabv
 .text._Z12init_storage32wups_loader_init_storage_args_t_
                0x00000000020003d4       0x40 main.o
                0x00000000020003d4                _Z12init_storage32wups_loader_init_storage_args_t_
 .text._Z15on_app_startingv
                0x0000000002000414        0x4 main.o
                0x0000000002000414                _Z15on_app_startingv
 .text._Z11init_pluginv
                0x0000000002000418       0x24 main.o
                0x0000000002000418                _Z11init_pluginv
 .text._Z13on_app_endingv
                0x000000000200043c        0x4 main.o
                0x000000000200043c                _Z13on_app_endingv
 .text._Z20on_app_requests_exitv
                0x0000000002000440       0x44 main.o
                                         0x34 (size before relaxing)
                0x0000000002000440                _Z20on_app_requests_exitv
 .text._Z13my_FSOpenFileP8FSClientP10FSCmdBlockPKcS4_Pii
                0x0000000002000484       0xc0 main.o
                                         0xb0 (size before relaxing)
                0x0000000002000484                _Z13my_FSOpenFileP8FSClientP10FSCmdBlockPKcS4_Pii
 .text._Z16logFSOpenChangedP17ConfigItemBooleanb
                0x0000000002000544       0x88 main.o
                                         0x78 (size before relaxing)
                0x0000000002000544                _Z16logFSOpenChangedP17ConfigItemBooleanb
 .text._Z18on_get_wups_configv
                0x00000000020005cc       0xdc main.o
                                         0xac (size before relaxing)
                0x00000000020005cc                _Z18on_get_wups_configv
 .text._Z21on_wups_config_closedv
                0x00000000020006a8       0x78 main.o
                                         0x68 (size before relaxing)
                0x00000000020006a8                _Z21on_wups_config_closedv
 .text.initLogging
                0x0000000002000720        0x4 logger.o
                0x0000000002000720                initLogging
 .text.deinitLogging
                0x0000000002000724        0x4 logger.o
                0x0000000002000724                deinitLogging
 .text._ZL9closeItemP20wups_storage_item_t_
                0x0000000002000728       0xb0 /opt/devkitpro/wups/lib/libwups.a(storage.o)
 .text._ZL7addItemP20wups_storage_item_t_PKc20wups_storage_type_t_P16WUPSStorageError
                0x00000000020007d8      0x1f8 /opt/devkitpro/wups/lib/libwups.a(storage.o)
 .text.WUPS_InitStorage
                0x00000000020009d0       0x94 /opt/devkitpro/wups/lib/libwups.a(storage.o)
                0x00000000020009d0                WUPS_InitStorage
 .text.WUPS_OpenStorage
                0x0000000002000a64       0xac /opt/devkitpro/wups/lib/libwups.a(storage.o)
                0x0000000002000a64                WUPS_OpenStorage
 .text.WUPS_CloseStorage
                0x0000000002000b10      0x154 /opt/devkitpro/wups/lib/libwups.a(storage.o)
                0x0000000002000b10                WUPS_CloseStorage
 .text.WUPS_StoreInt
                0x0000000002000c64      0x150 /opt/devkitpro/wups/lib/libwups.a(storage.o)
                0x0000000002000c64                WUPS_StoreInt
 .text.__wups_start
                0x0000000002000db4       0x1c /opt/devkitpro/wups/lib/libwups.a(main.o)
                                          0xc (size before relaxing)
                0x0000000002000db4                __wups_start
 .text.__init_wut_socket
                0x0000000002000dd0       0x70 /opt/devkitpro/wups/lib/libwups.a(main.o)
                0x0000000002000dd0                __init_wut_socket
 .text.__fini_wut_socket
                0x0000000002000e40       0x6c /opt/devkitpro/wups/lib/libwups.a(main.o)
                0x0000000002000e40                __fini_wut_socket
 .text.wut_get_thread_specific
                0x0000000002000eac        0x4 /opt/devkitpro/wups/lib/libwups.a(main.o)
                0x0000000002000eac                wut_get_thread_specific
 .text._Z34WUPSConfigItemBoolean_callCallbackPv
                0x0000000002000eb0       0x48 /opt/devkitpro/wups/lib/libwups.a(WUPSConfigItemBoolean.o)
                0x0000000002000eb0                _Z34WUPSConfigItemBoolean_callCallbackPv
 .text._Z39WUPSConfigItemBoolean_isMovementAllowedPv
                0x0000000002000ef8        0x8 /opt/devkitpro/wups/lib/libwups.a(WUPSConfigItemBoolean.o)
                0x0000000002000ef8                _Z39WUPSConfigItemBoolean_isMovementAllowedPv
 .text._Z36WUPSConfigItemBoolean_restoreDefaultPv
                0x0000000002000f00        0xc /opt/devkitpro/wups/lib/libwups.a(WUPSConfigItemBoolean.o)
                0x0000000002000f00                _Z36WUPSConfigItemBoolean_restoreDefaultPv
 .text._Z32WUPSConfigItemBoolean_onSelectedPvb
                0x0000000002000f0c        0x4 /opt/devkitpro/wups/lib/libwups.a(WUPSConfigItemBoolean.o)
                0x0000000002000f0c                _Z32WUPSConfigItemBoolean_onSelectedPvb
 .text._Z44WUPSConfigItemBoolean_getCurrentValueDisplayPvPci
                0x0000000002000f10       0x74 /opt/devkitpro/wups/lib/libwups.a(WUPSConfigItemBoolean.o)
                0x0000000002000f10                _Z44WUPSConfigItemBoolean_getCurrentValueDisplayPvPci
 .text._Z52WUPSConfigItemBoolean_getCurrentValueSelectedDisplayPvPci
                0x0000000002000f84       0x74 /opt/devkitpro/wups/lib/libwups.a(WUPSConfigItemBoolean.o)
                0x0000000002000f84                _Z52WUPSConfigItemBoolean_getCurrentValueSelectedDisplayPvPci
 .text._Z30WUPSConfigItemBoolean_onDeletePv
                0x0000000002000ff8       0x34 /opt/devkitpro/wups/lib/libwups.a(WUPSConfigItemBoolean.o)
                0x0000000002000ff8                _Z30WUPSConfigItemBoolean_onDeletePv
 .text._Z37WUPSConfigItemBoolean_onButtonPressedPvi
                0x000000000200102c       0x64 /opt/devkitpro/wups/lib/libwups.a(WUPSConfigItemBoolean.o)
                0x000000000200102c                _Z37WUPSConfigItemBoolean_onButtonPressedPvi
 .text.WUPSConfigItemBoolean_AddToCategoryEx
                0x0000000002001090      0x22c /opt/devkitpro/wups/lib/libwups.a(WUPSConfigItemBoolean.o)
                                        0x1fc (size before relaxing)
                0x0000000002001090                WUPSConfigItemBoolean_AddToCategoryEx
 .text.WUPSConfigItemBoolean_AddToCategory
                0x00000000020012bc       0x14 /opt/devkitpro/wups/lib/libwups.a(WUPSConfigItemBoolean.o)
                0x00000000020012bc                WUPSConfigItemBoolean_AddToCategory
 .text.wups_get_thread_specific
                0x00000000020012d0       0xec /opt/devkitpro/wups/lib/libwups.a(wups_thread_specific.o)
                                         0xcc (size before relaxing)
                0x00000000020012d0                wups_get_thread_specific
 .text.__syscall_lock_init
                0x00000000020013bc        0x4 /opt/devkitpro/wut/lib/libwut.a(wut_newlib.o)
                0x00000000020013bc                __syscall_lock_init
 .text.__syscall_lock_close
                0x00000000020013c0        0x4 /opt/devkitpro/wut/lib/libwut.a(wut_newlib.o)
                0x00000000020013c0                __syscall_lock_close
 .text.__syscall_lock_release
                0x00000000020013c4        0x4 /opt/devkitpro/wut/lib/libwut.a(wut_newlib.o)
                0x00000000020013c4                __syscall_lock_release
 .text.__syscall_lock_acquire
                0x00000000020013c8        0x4 /opt/devkitpro/wut/lib/libwut.a(wut_newlib.o)
                0x00000000020013c8                __syscall_lock_acquire
 .text.__init_wut_newlib
                0x00000000020013cc       0x14 /opt/devkitpro/wut/lib/libwut.a(wut_newlib.o)
                0x00000000020013cc                __init_wut_newlib
 .text.__fini_wut_newlib
                0x00000000020013e0        0x4 /opt/devkitpro/wut/lib/libwut.a(wut_newlib.o)
                0x00000000020013e0                __fini_wut_newlib
 .text.__fini_wut_sbrk_heap
                0x00000000020013e4       0x70 /opt/devkitpro/wut/lib/libwut.a(wut_sbrk.o)
                                         0x60 (size before relaxing)
                0x00000000020013e4                __fini_wut_sbrk_heap
 .text.__init_wut_malloc
                0x0000000002001454        0x4 /opt/devkitpro/wut/lib/libwut.a(wut_malloc.o)
                0x0000000002001454                __init_wut_malloc
 .text.__fini_wut_malloc
                0x0000000002001458        0x4 /opt/devkitpro/wut/lib/libwut.a(wut_malloc.o)
                0x0000000002001458                __fini_wut_malloc
 .text._malloc_r
                0x000000000200145c       0x60 /opt/devkitpro/wut/lib/libwut.a(wut_malloc.o)
                0x000000000200145c                _malloc_r
 .text._free_r  0x00000000020014bc       0x18 /opt/devkitpro/wut/lib/libwut.a(wut_malloc.o)
                0x00000000020014bc                _free_r
 .text._realloc_r
                0x00000000020014d4       0xe4 /opt/devkitpro/wut/lib/libwut.a(wut_malloc.o)
                                         0xd4 (size before relaxing)
                0x00000000020014d4                _realloc_r
 .text._calloc_r
                0x00000000020015b8       0x90 /opt/devkitpro/wut/lib/libwut.a(wut_malloc.o)
                0x00000000020015b8                _calloc_r
 .text._memalign_r
                0x0000000002001648       0x20 /opt/devkitpro/wut/lib/libwut.a(wut_malloc.o)
                0x0000000002001648                _memalign_r
 .text.__init_wut_devoptab
                0x0000000002001668      0x1dc /opt/devkitpro/wut/lib/libwut.a(devoptab_fs.o)
                                        0x17c (size before relaxing)
                0x0000000002001668                __init_wut_devoptab
 .text.__fini_wut_devoptab
                0x0000000002001844       0xe4 /opt/devkitpro/wut/lib/libwut.a(devoptab_fs.o)
                                         0xb4 (size before relaxing)
                0x0000000002001844                __fini_wut_devoptab
 .text.__wut_fs_chdir
                0x0000000002001928       0xec /opt/devkitpro/wut/lib/libwut.a(devoptab_fs_chdir.o)
                                         0xcc (size before relaxing)
                0x0000000002001928                __wut_fs_chdir
 .text.__wut_fs_fstat
                0x0000000002001a14       0xd8 /opt/devkitpro/wut/lib/libwut.a(devoptab_fs_fstat.o)
                                         0xb8 (size before relaxing)
                0x0000000002001a14                __wut_fs_fstat
 .text.__wut_fs_mkdir
                0x0000000002001aec       0xec /opt/devkitpro/wut/lib/libwut.a(devoptab_fs_mkdir.o)
                                         0xcc (size before relaxing)
                0x0000000002001aec                __wut_fs_mkdir
 .text.__wut_fs_read
                0x0000000002001bd8      0x1e0 /opt/devkitpro/wut/lib/libwut.a(devoptab_fs_read.o)
                                        0x1c0 (size before relaxing)
                0x0000000002001bd8                __wut_fs_read
 .text.__wut_fs_fixpath
                0x0000000002001db8       0xe4 /opt/devkitpro/wut/lib/libwut.a(devoptab_fs_utils.o)
                0x0000000002001db8                __wut_fs_fixpath
 .text.__wut_fs_translate_stat_mode
                0x0000000002001e9c       0xa4 /opt/devkitpro/wut/lib/libwut.a(devoptab_fs_utils.o)
                0x0000000002001e9c                __wut_fs_translate_stat_mode
 .text.__wut_fs_translate_permission_mode
                0x0000000002001f40       0x18 /opt/devkitpro/wut/lib/libwut.a(devoptab_fs_utils.o)
                0x0000000002001f40                __wut_fs_translate_permission_mode
 .text.__wut_fs_translate_stat
                0x0000000002001f58      0x138 /opt/devkitpro/wut/lib/libwut.a(devoptab_fs_utils.o)
                0x0000000002001f58                __wut_fs_translate_stat
 .text.__wut_fs_translate_error
                0x0000000002002090       0x98 /opt/devkitpro/wut/lib/libwut.a(devoptab_fs_utils.o)
                0x0000000002002090                __wut_fs_translate_error
 .text.__wut_fs_unlink
                0x0000000002002128       0xf8 /opt/devkitpro/wut/lib/libwut.a(devoptab_fs_unlink.o)
                                         0xd8 (size before relaxing)
                0x0000000002002128                __wut_fs_unlink
 .text.__wut_fs_fsync
                0x0000000002002220       0xa8 /opt/devkitpro/wut/lib/libwut.a(devoptab_fs_fsync.o)
                                         0x88 (size before relaxing)
                0x0000000002002220                __wut_fs_fsync
 .text.__wut_fs_diropen
                0x00000000020022c8      0x144 /opt/devkitpro/wut/lib/libwut.a(devoptab_fs_diropen.o)
                                        0x124 (size before relaxing)
                0x00000000020022c8                __wut_fs_diropen
 .text.__wut_fs_link
                0x000000000200240c       0x10 /opt/devkitpro/wut/lib/libwut.a(devoptab_fs_link.o)
                0x000000000200240c                __wut_fs_link
 .text.__wut_fs_dirclose
                0x000000000200241c       0xac /opt/devkitpro/wut/lib/libwut.a(devoptab_fs_dirclose.o)
                                         0x8c (size before relaxing)
                0x000000000200241c                __wut_fs_dirclose
 .text.__wut_fs_utimes
                0x00000000020024c8       0x10 /opt/devkitpro/wut/lib/libwut.a(devoptab_fs_utimes.o)
                0x00000000020024c8                __wut_fs_utimes
 .text.__wut_fs_dirreset
                0x00000000020024d8       0xac /opt/devkitpro/wut/lib/libwut.a(devoptab_fs_dirreset.o)
                                         0x8c (size before relaxing)
                0x00000000020024d8                __wut_fs_dirreset
 .text.__wut_fs_rmdir
                0x0000000002002584       0xf8 /opt/devkitpro/wut/lib/libwut.a(devoptab_fs_rmdir.o)
                                         0xd8 (size before relaxing)
                0x0000000002002584                __wut_fs_rmdir
 .text.__wut_fs_open
                0x000000000200267c      0x4b8 /opt/devkitpro/wut/lib/libwut.a(devoptab_fs_open.o)
                                        0x468 (size before relaxing)
                0x000000000200267c                __wut_fs_open
 .text.__wut_fs_write
                0x0000000002002b34      0x1f8 /opt/devkitpro/wut/lib/libwut.a(devoptab_fs_write.o)
                                        0x1d8 (size before relaxing)
                0x0000000002002b34                __wut_fs_write
 .text.__wut_fs_chmod
                0x0000000002002d2c      0x108 /opt/devkitpro/wut/lib/libwut.a(devoptab_fs_chmod.o)
                                         0xe8 (size before relaxing)
                0x0000000002002d2c                __wut_fs_chmod
 .text.__wut_fs_fchmod
                0x0000000002002e34       0x10 /opt/devkitpro/wut/lib/libwut.a(devoptab_fs_fchmod.o)
                0x0000000002002e34                __wut_fs_fchmod
 .text.__wut_fs_dirnext
                0x0000000002002e44      0x140 /opt/devkitpro/wut/lib/libwut.a(devoptab_fs_dirnext.o)
                                        0x120 (size before relaxing)
                0x0000000002002e44                __wut_fs_dirnext
 .text.__wut_fs_close
                0x0000000002002f84       0xa8 /opt/devkitpro/wut/lib/libwut.a(devoptab_fs_close.o)
                                         0x88 (size before relaxing)
                0x0000000002002f84                __wut_fs_close
 .text.__wut_fs_ftruncate
                0x000000000200302c       0xfc /opt/devkitpro/wut/lib/libwut.a(devoptab_fs_truncate.o)
                                         0xcc (size before relaxing)
                0x000000000200302c                __wut_fs_ftruncate
 .text.__wut_fs_statvfs
                0x0000000002003128       0x10 /opt/devkitpro/wut/lib/libwut.a(devoptab_fs_statvfs.o)
                0x0000000002003128                __wut_fs_statvfs
 .text.__wut_fs_rename
                0x0000000002003138      0x144 /opt/devkitpro/wut/lib/libwut.a(devoptab_fs_rename.o)
                                        0x124 (size before relaxing)
                0x0000000002003138                __wut_fs_rename
 .text.__wut_fs_seek
                0x000000000200327c      0x1bc /opt/devkitpro/wut/lib/libwut.a(devoptab_fs_seek.o)
                                        0x18c (size before relaxing)
                0x000000000200327c                __wut_fs_seek
 .text.__gthr_impl_active
                0x0000000002003438        0x8 /opt/devkitpro/wut/lib/libwut.a(wut_gthread.o)
                0x0000000002003438                __gthr_impl_active
 .text.__gthr_impl_once
                0x0000000002003440        0x4 /opt/devkitpro/wut/lib/libwut.a(wut_gthread.o)
                0x0000000002003440                __gthr_impl_once
 .text.__gthr_impl_key_delete
                0x0000000002003444       0x30 /opt/devkitpro/wut/lib/libwut.a(wut_gthread.o)
                0x0000000002003444                __gthr_impl_key_delete
 .text.__gthr_impl_getspecific
                0x0000000002003474       0x30 /opt/devkitpro/wut/lib/libwut.a(wut_gthread.o)
                0x0000000002003474                __gthr_impl_getspecific
 .text.__gthr_impl_setspecific
                0x00000000020034a4       0x30 /opt/devkitpro/wut/lib/libwut.a(wut_gthread.o)
                0x00000000020034a4                __gthr_impl_setspecific
 .text.__gthr_impl_mutex_init_function
                0x00000000020034d4        0x4 /opt/devkitpro/wut/lib/libwut.a(wut_gthread.o)
                0x00000000020034d4                __gthr_impl_mutex_init_function
 .text.__gthr_impl_mutex_destroy
                0x00000000020034d8        0x4 /opt/devkitpro/wut/lib/libwut.a(wut_gthread.o)
                0x00000000020034d8                __gthr_impl_mutex_destroy
 .text.__gthr_impl_mutex_lock
                0x00000000020034dc        0x4 /opt/devkitpro/wut/lib/libwut.a(wut_gthread.o)
                0x00000000020034dc                __gthr_impl_mutex_lock
 .text.__gthr_impl_mutex_unlock
                0x00000000020034e0        0x4 /opt/devkitpro/wut/lib/libwut.a(wut_gthread.o)
                0x00000000020034e0                __gthr_impl_mutex_unlock
 .text.__init_wut_stdcpp
                0x00000000020034e4        0x4 /opt/devkitpro/wut/lib/libwut.a(wut_gthread.o)
                0x00000000020034e4                __init_wut_stdcpp
 .text.__fini_wut_stdcpp
                0x00000000020034e8        0x4 /opt/devkitpro/wut/lib/libwut.a(wut_gthread.o)
                0x00000000020034e8                __fini_wut_stdcpp
 .text.__wut_lock_init
                0x00000000020034ec       0xec /opt/devkitpro/wut/lib/libwut.a(wut_lock.o)
                                         0xcc (size before relaxing)
                0x00000000020034ec                __wut_lock_init
 .text.__wut_lock_close
                0x00000000020035d8       0xd0 /opt/devkitpro/wut/lib/libwut.a(wut_lock.o)
                                         0xc0 (size before relaxing)
                0x00000000020035d8                __wut_lock_close
 .text.__wut_lock_acquire
                0x00000000020036a8       0x64 /opt/devkitpro/wut/lib/libwut.a(wut_lock.o)
                                         0x54 (size before relaxing)
                0x00000000020036a8                __wut_lock_acquire
 .text.__wut_lock_release
                0x000000000200370c       0x64 /opt/devkitpro/wut/lib/libwut.a(wut_lock.o)
                                         0x54 (size before relaxing)
                0x000000000200370c                __wut_lock_release
 .text.__wut_fs_stat
                0x0000000002003770      0x11c /opt/devkitpro/wut/lib/libwut.a(devoptab_fs_stat.o)
                                         0xfc (size before relaxing)
                0x0000000002003770                __wut_fs_stat
 .text._Z25__wut_mutex_init_functionP7OSMutex
                0x000000000200388c       0x14 /opt/devkitpro/wut/lib/libwut.a(wut_gthread_mutex.o)
                                          0x4 (size before relaxing)
                0x000000000200388c                _Z25__wut_mutex_init_functionP7OSMutex
 .text._Z16__wut_mutex_lockP7OSMutex
                0x00000000020038a0       0x34 /opt/devkitpro/wut/lib/libwut.a(wut_gthread_mutex.o)
                                         0x24 (size before relaxing)
                0x00000000020038a0                _Z16__wut_mutex_lockP7OSMutex
 .text._Z18__wut_mutex_unlockP7OSMutex
                0x00000000020038d4       0x34 /opt/devkitpro/wut/lib/libwut.a(wut_gthread_mutex.o)
                                         0x24 (size before relaxing)
                0x00000000020038d4                _Z18__wut_mutex_unlockP7OSMutex
 .text._Z19__wut_mutex_destroyP7OSMutex
                0x0000000002003908        0x8 /opt/devkitpro/wut/lib/libwut.a(wut_gthread_mutex.o)
                0x0000000002003908                _Z19__wut_mutex_destroyP7OSMutex
 .text._Z10__wut_oncePVjPFvvE
                0x0000000002003910       0xdc /opt/devkitpro/wut/lib/libwut.a(wut_gthread_once.o)
                                         0xac (size before relaxing)
                0x0000000002003910                _Z10__wut_oncePVjPFvvE
 .text._Z16__wut_key_delete11__wut_key_t
                0x00000000020039ec       0x6c /opt/devkitpro/wut/lib/libwut.a(wut_gthread_keys.o)
                0x00000000020039ec                _Z16__wut_key_delete11__wut_key_t
 .text._Z17__wut_getspecific11__wut_key_t
                0x0000000002003a58       0x94 /opt/devkitpro/wut/lib/libwut.a(wut_gthread_keys.o)
                                         0x74 (size before relaxing)
                0x0000000002003a58                _Z17__wut_getspecific11__wut_key_t
 .text._Z17__wut_setspecific11__wut_key_tPKv
                0x0000000002003aec       0xa8 /opt/devkitpro/wut/lib/libwut.a(wut_gthread_keys.o)
                                         0x88 (size before relaxing)
                0x0000000002003aec                _Z17__wut_setspecific11__wut_key_tPKv
 .text._ZNSt8_Rb_treeI34NotificationModuleNotificationTypeSt4pairIKS0_19NMDefaultValueStoreESt10_Select1stIS4_ESt4lessIS0_ESaIS4_EE24_M_get_insert_unique_posERS2_.isra.0
                0x0000000002003b94       0xec /opt/devkitpro/wums/lib/libnotifications.a(utils.o)
 .text._ZNSt8_Rb_treeI34NotificationModuleNotificationTypeSt4pairIKS0_19NMDefaultValueStoreESt10_Select1stIS4_ESt4lessIS0_ESaIS4_EE29_M_get_insert_hint_unique_posESt23_Rb_tree_const_iteratorIS4_ERS2_.isra.0
                0x0000000002003c80      0x178 /opt/devkitpro/wums/lib/libnotifications.a(utils.o)
 .text._ZNSt8_Rb_treeI34NotificationModuleNotificationTypeSt4pairIKS0_19NMDefaultValueStoreESt10_Select1stIS4_ESt4lessIS0_ESaIS4_EE22_M_emplace_hint_uniqueIJRKSt21piecewise_construct_tSt5tupleIJOS0_EESF_IJEEEEESt17_Rb_tree_iteratorIS4_ESt23_Rb_tree_const_iteratorIS4_EDpOT_.isra.0
                0x0000000002003df8      0x13c /opt/devkitpro/wums/lib/libnotifications.a(utils.o)
 .text._ZNSt8_Rb_treeI34NotificationModuleNotificationTypeSt4pairIKS0_19NMDefaultValueStoreESt10_Select1stIS4_ESt4lessIS0_ESaIS4_EE8_M_eraseEPSt13_Rb_tree_nodeIS4_E.isra.0
                0x0000000002003f34      0x1ac /opt/devkitpro/wums/lib/libnotifications.a(utils.o)
 .text.NotificationModule_GetVersion
                0x00000000020040e0      0x178 /opt/devkitpro/wums/lib/libnotifications.a(utils.o)
                                        0x148 (size before relaxing)
                0x00000000020040e0                NotificationModule_GetVersion
 .text.NotificationModule_InitLibrary
                0x0000000002004258      0x5ac /opt/devkitpro/wums/lib/libnotifications.a(utils.o)
                                        0x57c (size before relaxing)
                0x0000000002004258                NotificationModule_InitLibrary
 .text._ZdlPvj  0x0000000002004804        0x4 /opt/devkitpro/devkitPPC/bin/../lib/gcc/powerpc-eabi/12.1.0/../../../../powerpc-eabi/lib/libstdc++.a(del_ops.o)
                0x0000000002004804                _ZdlPvj
 .text._Znwj    0x0000000002004808       0x80 /opt/devkitpro/devkitPPC/bin/../lib/gcc/powerpc-eabi/12.1.0/../../../../powerpc-eabi/lib/libstdc++.a(new_op.o)
                0x0000000002004808                _Znwj
 .text._ZSt18_Rb_tree_incrementPSt18_Rb_tree_node_base
                0x0000000002004888       0x68 /opt/devkitpro/devkitPPC/bin/../lib/gcc/powerpc-eabi/12.1.0/../../../../powerpc-eabi/lib/libstdc++.a(tree.o)
                0x0000000002004888                _ZSt18_Rb_tree_incrementPSt18_Rb_tree_node_base
 .text._ZSt18_Rb_tree_decrementPSt18_Rb_tree_node_base
                0x00000000020048f0       0x94 /opt/devkitpro/devkitPPC/bin/../lib/gcc/powerpc-eabi/12.1.0/../../../../powerpc-eabi/lib/libstdc++.a(tree.o)
                0x00000000020048f0                _ZSt18_Rb_tree_decrementPSt18_Rb_tree_node_base
 .text._ZSt29_Rb_tree_insert_and_rebalancebPSt18_Rb_tree_node_baseS0_RS_
                0x0000000002004984      0x2d4 /opt/devkitpro/devkitPPC/bin/../lib/gcc/powerpc-eabi/12.1.0/../../../../powerpc-eabi/lib/libstdc++.a(tree.o)
                0x0000000002004984                _ZSt29_Rb_tree_insert_and_rebalancebPSt18_Rb_tree_node_baseS0_RS_
 .text._ZNKSt9bad_alloc4whatEv
                0x0000000002004c58        0xc /opt/devkitpro/devkitPPC/bin/../lib/gcc/powerpc-eabi/12.1.0/../../../../powerpc-eabi/lib/libstdc++.a(bad_alloc.o)
                0x0000000002004c58                _ZNKSt9bad_alloc4whatEv
 .text._ZNSt9bad_allocD2Ev
                0x0000000002004c64       0x10 /opt/devkitpro/devkitPPC/bin/../lib/gcc/powerpc-eabi/12.1.0/../../../../powerpc-eabi/lib/libstdc++.a(bad_alloc.o)
                0x0000000002004c64                _ZNSt9bad_allocD2Ev
                0x0000000002004c64                _ZNSt9bad_allocD1Ev
 .text._ZNSt9bad_allocD0Ev
                0x0000000002004c74       0x40 /opt/devkitpro/devkitPPC/bin/../lib/gcc/powerpc-eabi/12.1.0/../../../../powerpc-eabi/lib/libstdc++.a(bad_alloc.o)
                0x0000000002004c74                _ZNSt9bad_allocD0Ev
 .text._ZdlPv   0x0000000002004cb4        0x4 /opt/devkitpro/devkitPPC/bin/../lib/gcc/powerpc-eabi/12.1.0/../../../../powerpc-eabi/lib/libstdc++.a(del_op.o)
                0x0000000002004cb4                _ZdlPv
 .text._ZNK9__gnu_cxx24__concurrence_lock_error4whatEv
                0x0000000002004cb8        0xc /opt/devkitpro/devkitPPC/bin/../lib/gcc/powerpc-eabi/12.1.0/../../../../powerpc-eabi/lib/libstdc++.a(eh_alloc.o)
                0x0000000002004cb8                _ZNK9__gnu_cxx24__concurrence_lock_error4whatEv
 .text._ZNK9__gnu_cxx26__concurrence_unlock_error4whatEv
                0x0000000002004cc4        0xc /opt/devkitpro/devkitPPC/bin/../lib/gcc/powerpc-eabi/12.1.0/../../../../powerpc-eabi/lib/libstdc++.a(eh_alloc.o)
                0x0000000002004cc4                _ZNK9__gnu_cxx26__concurrence_unlock_error4whatEv
 .text._ZN9__gnu_cxx24__concurrence_lock_errorD2Ev
                0x0000000002004cd0       0x10 /opt/devkitpro/devkitPPC/bin/../lib/gcc/powerpc-eabi/12.1.0/../../../../powerpc-eabi/lib/libstdc++.a(eh_alloc.o)
                0x0000000002004cd0                _ZN9__gnu_cxx24__concurrence_lock_errorD2Ev
                0x0000000002004cd0                _ZN9__gnu_cxx24__concurrence_lock_errorD1Ev
 .text._ZN9__gnu_cxx26__concurrence_unlock_errorD2Ev
                0x0000000002004ce0       0x10 /opt/devkitpro/devkitPPC/bin/../lib/gcc/powerpc-eabi/12.1.0/../../../../powerpc-eabi/lib/libstdc++.a(eh_alloc.o)
                0x0000000002004ce0                _ZN9__gnu_cxx26__concurrence_unlock_errorD1Ev
                0x0000000002004ce0                _ZN9__gnu_cxx26__concurrence_unlock_errorD2Ev
 .text._ZN9__gnu_cxx24__concurrence_lock_errorD0Ev
                0x0000000002004cf0       0x40 /opt/devkitpro/devkitPPC/bin/../lib/gcc/powerpc-eabi/12.1.0/../../../../powerpc-eabi/lib/libstdc++.a(eh_alloc.o)
                0x0000000002004cf0                _ZN9__gnu_cxx24__concurrence_lock_errorD0Ev
 .text._ZN9__gnu_cxx26__concurrence_unlock_errorD0Ev
                0x0000000002004d30       0x40 /opt/devkitpro/devkitPPC/bin/../lib/gcc/powerpc-eabi/12.1.0/../../../../powerpc-eabi/lib/libstdc++.a(eh_alloc.o)
                0x0000000002004d30                _ZN9__gnu_cxx26__concurrence_unlock_errorD0Ev
 .text._ZN12_GLOBAL__N_14pool4freeEPv.constprop.0
                0x0000000002004d70      0x144 /opt/devkitpro/devkitPPC/bin/../lib/gcc/powerpc-eabi/12.1.0/../../../../powerpc-eabi/lib/libstdc++.a(eh_alloc.o)
 .text._ZN12_GLOBAL__N_14pool8allocateEj.constprop.0
                0x0000000002004eb4       0xfc /opt/devkitpro/devkitPPC/bin/../lib/gcc/powerpc-eabi/12.1.0/../../../../powerpc-eabi/lib/libstdc++.a(eh_alloc.o)
 .text.__cxa_allocate_exception
                0x0000000002004fb0       0x64 /opt/devkitpro/devkitPPC/bin/../lib/gcc/powerpc-eabi/12.1.0/../../../../powerpc-eabi/lib/libstdc++.a(eh_alloc.o)
                0x0000000002004fb0                __cxa_allocate_exception
 .text.__cxa_free_exception
                0x0000000002005014       0x4c /opt/devkitpro/devkitPPC/bin/../lib/gcc/powerpc-eabi/12.1.0/../../../../powerpc-eabi/lib/libstdc++.a(eh_alloc.o)
                0x0000000002005014                __cxa_free_exception
 .text._ZNSt9exceptionD2Ev
                0x0000000002005060        0x4 /opt/devkitpro/devkitPPC/bin/../lib/gcc/powerpc-eabi/12.1.0/../../../../powerpc-eabi/lib/libstdc++.a(eh_exception.o)
                0x0000000002005060                _ZNSt9exceptionD2Ev
                0x0000000002005060                _ZNSt9exceptionD1Ev
 .text._ZL16get_adjusted_ptrPKSt9type_infoS1_PPv
                0x0000000002005064       0xa0 /opt/devkitpro/devkitPPC/bin/../lib/gcc/powerpc-eabi/12.1.0/../../../../powerpc-eabi/lib/libstdc++.a(eh_personality.o)
 .text._ZL28read_encoded_value_with_basehjPKhPj
                0x0000000002005104      0x13c /opt/devkitpro/devkitPPC/bin/../lib/gcc/powerpc-eabi/12.1.0/../../../../powerpc-eabi/lib/libstdc++.a(eh_personality.o)
 .text._ZL21base_of_encoded_valuehP15_Unwind_Context
                0x0000000002005240       0x68 /opt/devkitpro/devkitPPC/bin/../lib/gcc/powerpc-eabi/12.1.0/../../../../powerpc-eabi/lib/libstdc++.a(eh_personality.o)
 .text._ZL17parse_lsda_headerP15_Unwind_ContextPKhP16lsda_header_info
                0x00000000020052a8      0x11c /opt/devkitpro/devkitPPC/bin/../lib/gcc/powerpc-eabi/12.1.0/../../../../powerpc-eabi/lib/libstdc++.a(eh_personality.o)
 .text._ZL20check_exception_specP16lsda_header_infoPKSt9type_infoPvl
                0x00000000020053c4      0x138 /opt/devkitpro/devkitPPC/bin/../lib/gcc/powerpc-eabi/12.1.0/../../../../powerpc-eabi/lib/libstdc++.a(eh_personality.o)
 .text.__gxx_personality_v0
                0x00000000020054fc      0x7a4 /opt/devkitpro/devkitPPC/bin/../lib/gcc/powerpc-eabi/12.1.0/../../../../powerpc-eabi/lib/libstdc++.a(eh_personality.o)
                0x00000000020054fc                __gxx_personality_v0
 .text._ZN10__cxxabiv111__terminateEPFvvE
                0x0000000002005ca0       0x20 /opt/devkitpro/devkitPPC/bin/../lib/gcc/powerpc-eabi/12.1.0/../../../../powerpc-eabi/lib/libstdc++.a(eh_terminate.o)
                0x0000000002005ca0                _ZN10__cxxabiv111__terminateEPFvvE
 .text._ZSt9terminatev
                0x0000000002005cc0       0x24 /opt/devkitpro/devkitPPC/bin/../lib/gcc/powerpc-eabi/12.1.0/../../../../powerpc-eabi/lib/libstdc++.a(eh_terminate.o)
                0x0000000002005cc0                _ZSt9terminatev
 .text._ZN10__cxxabiv112__unexpectedEPFvvE
                0x0000000002005ce4       0x18 /opt/devkitpro/devkitPPC/bin/../lib/gcc/powerpc-eabi/12.1.0/../../../../powerpc-eabi/lib/libstdc++.a(eh_terminate.o)
                0x0000000002005ce4                _ZN10__cxxabiv112__unexpectedEPFvvE
 .text._ZSt10unexpectedv
                0x0000000002005cfc       0x24 /opt/devkitpro/devkitPPC/bin/../lib/gcc/powerpc-eabi/12.1.0/../../../../powerpc-eabi/lib/libstdc++.a(eh_terminate.o)
                0x0000000002005cfc                _ZSt10unexpectedv
 .text._ZSt13get_terminatev
                0x0000000002005d20       0x18 /opt/devkitpro/devkitPPC/bin/../lib/gcc/powerpc-eabi/12.1.0/../../../../powerpc-eabi/lib/libstdc++.a(eh_terminate.o)
                0x0000000002005d20                _ZSt13get_terminatev
 .text._ZSt14get_unexpectedv
                0x0000000002005d38       0x18 /opt/devkitpro/devkitPPC/bin/../lib/gcc/powerpc-eabi/12.1.0/../../../../powerpc-eabi/lib/libstdc++.a(eh_terminate.o)
                0x0000000002005d38                _ZSt14get_unexpectedv
 .text._ZL23__gxx_exception_cleanup19_Unwind_Reason_CodeP17_Unwind_Exception
                0x0000000002005d50       0x8c /opt/devkitpro/devkitPPC/bin/../lib/gcc/powerpc-eabi/12.1.0/../../../../powerpc-eabi/lib/libstdc++.a(eh_throw.o)
 .text.__cxa_init_primary_exception
                0x0000000002005ddc       0x70 /opt/devkitpro/devkitPPC/bin/../lib/gcc/powerpc-eabi/12.1.0/../../../../powerpc-eabi/lib/libstdc++.a(eh_throw.o)
                0x0000000002005ddc                __cxa_init_primary_exception
 .text.__cxa_throw
                0x0000000002005e4c       0x68 /opt/devkitpro/devkitPPC/bin/../lib/gcc/powerpc-eabi/12.1.0/../../../../powerpc-eabi/lib/libstdc++.a(eh_throw.o)
                0x0000000002005e4c                __cxa_throw
 .text._ZSt15get_new_handlerv
                0x0000000002005eb4       0x18 /opt/devkitpro/devkitPPC/bin/../lib/gcc/powerpc-eabi/12.1.0/../../../../powerpc-eabi/lib/libstdc++.a(new_handler.o)
                0x0000000002005eb4                _ZSt15get_new_handlerv
 .text._ZN10__cxxabiv120__si_class_type_infoD2Ev
                0x0000000002005ecc       0x10 /opt/devkitpro/devkitPPC/bin/../lib/gcc/powerpc-eabi/12.1.0/../../../../powerpc-eabi/lib/libstdc++.a(si_class_type_info.o)
                0x0000000002005ecc                _ZN10__cxxabiv120__si_class_type_infoD2Ev
                0x0000000002005ecc                _ZN10__cxxabiv120__si_class_type_infoD1Ev
 .text._ZN10__cxxabiv120__si_class_type_infoD0Ev
                0x0000000002005edc       0x40 /opt/devkitpro/devkitPPC/bin/../lib/gcc/powerpc-eabi/12.1.0/../../../../powerpc-eabi/lib/libstdc++.a(si_class_type_info.o)
                0x0000000002005edc                _ZN10__cxxabiv120__si_class_type_infoD0Ev
 .text._ZNK10__cxxabiv120__si_class_type_info12__do_dyncastEiNS_17__class_type_info10__sub_kindEPKS1_PKvS4_S6_RNS1_16__dyncast_resultE
                0x0000000002005f1c      0x1d4 /opt/devkitpro/devkitPPC/bin/../lib/gcc/powerpc-eabi/12.1.0/../../../../powerpc-eabi/lib/libstdc++.a(si_class_type_info.o)
                0x0000000002005f1c                _ZNK10__cxxabiv120__si_class_type_info12__do_dyncastEiNS_17__class_type_info10__sub_kindEPKS1_PKvS4_S6_RNS1_16__dyncast_resultE
 .text._ZNK10__cxxabiv120__si_class_type_info20__do_find_public_srcEiPKvPKNS_17__class_type_infoES2_
                0x00000000020060f0       0xb4 /opt/devkitpro/devkitPPC/bin/../lib/gcc/powerpc-eabi/12.1.0/../../../../powerpc-eabi/lib/libstdc++.a(si_class_type_info.o)
                0x00000000020060f0                _ZNK10__cxxabiv120__si_class_type_info20__do_find_public_srcEiPKvPKNS_17__class_type_infoES2_
 .text._ZNK10__cxxabiv120__si_class_type_info11__do_upcastEPKNS_17__class_type_infoEPKvRNS1_15__upcast_resultE
                0x00000000020061a4       0x94 /opt/devkitpro/devkitPPC/bin/../lib/gcc/powerpc-eabi/12.1.0/../../../../powerpc-eabi/lib/libstdc++.a(si_class_type_info.o)
                0x00000000020061a4                _ZNK10__cxxabiv120__si_class_type_info11__do_upcastEPKNS_17__class_type_infoEPKvRNS1_15__upcast_resultE
 .text._ZNSt9type_infoD2Ev
                0x0000000002006238        0x4 /opt/devkitpro/devkitPPC/bin/../lib/gcc/powerpc-eabi/12.1.0/../../../../powerpc-eabi/lib/libstdc++.a(tinfo.o)
                0x0000000002006238                _ZNSt9type_infoD1Ev
                0x0000000002006238                _ZNSt9type_infoD2Ev
 .text._ZNKSt9type_info14__is_pointer_pEv
                0x000000000200623c        0x8 /opt/devkitpro/devkitPPC/bin/../lib/gcc/powerpc-eabi/12.1.0/../../../../powerpc-eabi/lib/libstdc++.a(tinfo.o)
                0x000000000200623c                _ZNKSt9type_info15__is_function_pEv
                0x000000000200623c                _ZNKSt9type_info14__is_pointer_pEv
 .text._ZNK10__cxxabiv117__class_type_info11__do_upcastEPKS0_PPv
                0x0000000002006244       0x7c /opt/devkitpro/devkitPPC/bin/../lib/gcc/powerpc-eabi/12.1.0/../../../../powerpc-eabi/lib/libstdc++.a(class_type_info.o)
                0x0000000002006244                _ZNK10__cxxabiv117__class_type_info11__do_upcastEPKS0_PPv
 .text._ZNK10__cxxabiv117__class_type_info20__do_find_public_srcEiPKvPKS0_S2_
                0x00000000020062c0       0x18 /opt/devkitpro/devkitPPC/bin/../lib/gcc/powerpc-eabi/12.1.0/../../../../powerpc-eabi/lib/libstdc++.a(class_type_info.o)
                0x00000000020062c0                _ZNK10__cxxabiv117__class_type_info20__do_find_public_srcEiPKvPKS0_S2_
 .text._ZN10__cxxabiv117__class_type_infoD2Ev
                0x00000000020062d8       0x10 /opt/devkitpro/devkitPPC/bin/../lib/gcc/powerpc-eabi/12.1.0/../../../../powerpc-eabi/lib/libstdc++.a(class_type_info.o)
                0x00000000020062d8                _ZN10__cxxabiv117__class_type_infoD1Ev
                0x00000000020062d8                _ZN10__cxxabiv117__class_type_infoD2Ev
 .text._ZN10__cxxabiv117__class_type_infoD0Ev
                0x00000000020062e8       0x40 /opt/devkitpro/devkitPPC/bin/../lib/gcc/powerpc-eabi/12.1.0/../../../../powerpc-eabi/lib/libstdc++.a(class_type_info.o)
                0x00000000020062e8                _ZN10__cxxabiv117__class_type_infoD0Ev
 .text._ZNK10__cxxabiv117__class_type_info11__do_upcastEPKS0_PKvRNS0_15__upcast_resultE
                0x0000000002006328       0x94 /opt/devkitpro/devkitPPC/bin/../lib/gcc/powerpc-eabi/12.1.0/../../../../powerpc-eabi/lib/libstdc++.a(class_type_info.o)
                0x0000000002006328                _ZNK10__cxxabiv117__class_type_info11__do_upcastEPKS0_PKvRNS0_15__upcast_resultE
 .text._ZNK10__cxxabiv117__class_type_info10__do_catchEPKSt9type_infoPPvj
                0x00000000020063bc      0x104 /opt/devkitpro/devkitPPC/bin/../lib/gcc/powerpc-eabi/12.1.0/../../../../powerpc-eabi/lib/libstdc++.a(class_type_info.o)
                0x00000000020063bc                _ZNK10__cxxabiv117__class_type_info10__do_catchEPKSt9type_infoPPvj
 .text._ZNK10__cxxabiv117__class_type_info12__do_dyncastEiNS0_10__sub_kindEPKS0_PKvS3_S5_RNS0_16__dyncast_resultE
                0x00000000020064c0      0x138 /opt/devkitpro/devkitPPC/bin/../lib/gcc/powerpc-eabi/12.1.0/../../../../powerpc-eabi/lib/libstdc++.a(class_type_info.o)
                0x00000000020064c0                _ZNK10__cxxabiv117__class_type_info12__do_dyncastEiNS0_10__sub_kindEPKS0_PKvS3_S5_RNS0_16__dyncast_resultE
 .text.__cxa_call_terminate
                0x00000000020065f8       0x58 /opt/devkitpro/devkitPPC/bin/../lib/gcc/powerpc-eabi/12.1.0/../../../../powerpc-eabi/lib/libstdc++.a(eh_call.o)
                0x00000000020065f8                __cxa_call_terminate
 .text.__cxa_begin_catch
                0x0000000002006650       0xc4 /opt/devkitpro/devkitPPC/bin/../lib/gcc/powerpc-eabi/12.1.0/../../../../powerpc-eabi/lib/libstdc++.a(eh_catch.o)
                0x0000000002006650                __cxa_begin_catch
 .text._ZL15eh_globals_dtorPv
                0x0000000002006714       0x68 /opt/devkitpro/devkitPPC/bin/../lib/gcc/powerpc-eabi/12.1.0/../../../../powerpc-eabi/lib/libstdc++.a(eh_globals.o)
 .text.__cxa_get_globals
                0x000000000200677c       0xbc /opt/devkitpro/devkitPPC/bin/../lib/gcc/powerpc-eabi/12.1.0/../../../../powerpc-eabi/lib/libstdc++.a(eh_globals.o)
                0x000000000200677c                __cxa_get_globals
 .text.__divdi3
                0x0000000002006838      0x3f0 /opt/devkitpro/devkitPPC/bin/../lib/gcc/powerpc-eabi/12.1.0/libgcc.a(_divdi3.o)
                0x0000000002006838                __divdi3
 .text.__udivdi3
                0x0000000002006c28      0x3bc /opt/devkitpro/devkitPPC/bin/../lib/gcc/powerpc-eabi/12.1.0/libgcc.a(_udivdi3.o)
                0x0000000002006c28                __udivdi3
 .text.__gthread_active_p
                0x0000000002006fe4       0x1c /opt/devkitpro/devkitPPC/bin/../lib/gcc/powerpc-eabi/12.1.0/libgcc.a(gthr-dkp.o)
                0x0000000002006fe4                __gthread_active_p
 .text.__gthread_once
                0x0000000002007000       0x1c /opt/devkitpro/devkitPPC/bin/../lib/gcc/powerpc-eabi/12.1.0/libgcc.a(gthr-dkp.o)
                0x0000000002007000                __gthread_once
 .text.__gthread_key_create
                0x000000000200701c       0x1c /opt/devkitpro/devkitPPC/bin/../lib/gcc/powerpc-eabi/12.1.0/libgcc.a(gthr-dkp.o)
                0x000000000200701c                __gthread_key_create
 .text.__gthread_key_delete
                0x0000000002007038       0x44 /opt/devkitpro/devkitPPC/bin/../lib/gcc/powerpc-eabi/12.1.0/libgcc.a(gthr-dkp.o)
                0x0000000002007038                __gthread_key_delete
 .text.__gthread_getspecific
                0x000000000200707c       0x44 /opt/devkitpro/devkitPPC/bin/../lib/gcc/powerpc-eabi/12.1.0/libgcc.a(gthr-dkp.o)
                0x000000000200707c                __gthread_getspecific
 .text.__gthread_setspecific
                0x00000000020070c0       0x44 /opt/devkitpro/devkitPPC/bin/../lib/gcc/powerpc-eabi/12.1.0/libgcc.a(gthr-dkp.o)
                0x00000000020070c0                __gthread_setspecific
 .text.__gthread_mutex_init_function
                0x0000000002007104       0x14 /opt/devkitpro/devkitPPC/bin/../lib/gcc/powerpc-eabi/12.1.0/libgcc.a(gthr-dkp.o)
                0x0000000002007104                __gthread_mutex_init_function
 .text.__gthread_mutex_destroy
                0x0000000002007118       0x1c /opt/devkitpro/devkitPPC/bin/../lib/gcc/powerpc-eabi/12.1.0/libgcc.a(gthr-dkp.o)
                0x0000000002007118                __gthread_mutex_destroy
 .text.__gthread_mutex_lock
                0x0000000002007134       0x1c /opt/devkitpro/devkitPPC/bin/../lib/gcc/powerpc-eabi/12.1.0/libgcc.a(gthr-dkp.o)
                0x0000000002007134                __gthread_mutex_lock
 .text.__gthread_mutex_unlock
                0x0000000002007150       0x1c /opt/devkitpro/devkitPPC/bin/../lib/gcc/powerpc-eabi/12.1.0/libgcc.a(gthr-dkp.o)
                0x0000000002007150                __gthread_mutex_unlock
 .text.init_dwarf_reg_size_table
                0x000000000200716c      0x1d0 /opt/devkitpro/devkitPPC/bin/../lib/gcc/powerpc-eabi/12.1.0/libgcc.a(unwind-dw2.o)
 .text.uw_install_context_1
                0x000000000200733c      0x1d0 /opt/devkitpro/devkitPPC/bin/../lib/gcc/powerpc-eabi/12.1.0/libgcc.a(unwind-dw2.o)
 .text.read_encoded_value
                0x000000000200750c      0x194 /opt/devkitpro/devkitPPC/bin/../lib/gcc/powerpc-eabi/12.1.0/libgcc.a(unwind-dw2.o)
 .text.execute_stack_op
                0x00000000020076a0      0x88c /opt/devkitpro/devkitPPC/bin/../lib/gcc/powerpc-eabi/12.1.0/libgcc.a(unwind-dw2.o)
 .text.uw_update_context_1
                0x0000000002007f2c      0x39c /opt/devkitpro/devkitPPC/bin/../lib/gcc/powerpc-eabi/12.1.0/libgcc.a(unwind-dw2.o)
 .text.execute_cfa_program
                0x00000000020082c8      0x934 /opt/devkitpro/devkitPPC/bin/../lib/gcc/powerpc-eabi/12.1.0/libgcc.a(unwind-dw2.o)
 .text.uw_frame_state_for
                0x0000000002008bfc      0x4e4 /opt/devkitpro/devkitPPC/bin/../lib/gcc/powerpc-eabi/12.1.0/libgcc.a(unwind-dw2.o)
 .text.uw_init_context_1
                0x00000000020090e0      0x2cc /opt/devkitpro/devkitPPC/bin/../lib/gcc/powerpc-eabi/12.1.0/libgcc.a(unwind-dw2.o)
 .text._Unwind_RaiseException_Phase2
                0x00000000020093ac      0x1c8 /opt/devkitpro/devkitPPC/bin/../lib/gcc/powerpc-eabi/12.1.0/libgcc.a(unwind-dw2.o)
 .text._Unwind_SetGR
                0x0000000002009574       0x68 /opt/devkitpro/devkitPPC/bin/../lib/gcc/powerpc-eabi/12.1.0/libgcc.a(unwind-dw2.o)
                0x0000000002009574                _Unwind_SetGR
 .text._Unwind_GetIPInfo
                0x00000000020095dc       0x14 /opt/devkitpro/devkitPPC/bin/../lib/gcc/powerpc-eabi/12.1.0/libgcc.a(unwind-dw2.o)
                0x00000000020095dc                _Unwind_GetIPInfo
 .text._Unwind_SetIP
                0x00000000020095f0        0x8 /opt/devkitpro/devkitPPC/bin/../lib/gcc/powerpc-eabi/12.1.0/libgcc.a(unwind-dw2.o)
                0x00000000020095f0                _Unwind_SetIP
 .text._Unwind_GetLanguageSpecificData
                0x00000000020095f8        0x8 /opt/devkitpro/devkitPPC/bin/../lib/gcc/powerpc-eabi/12.1.0/libgcc.a(unwind-dw2.o)
                0x00000000020095f8                _Unwind_GetLanguageSpecificData
 .text._Unwind_GetRegionStart
                0x0000000002009600        0x8 /opt/devkitpro/devkitPPC/bin/../lib/gcc/powerpc-eabi/12.1.0/libgcc.a(unwind-dw2.o)
                0x0000000002009600                _Unwind_GetRegionStart
 .text._Unwind_GetDataRelBase
                0x0000000002009608        0x8 /opt/devkitpro/devkitPPC/bin/../lib/gcc/powerpc-eabi/12.1.0/libgcc.a(unwind-dw2.o)
                0x0000000002009608                _Unwind_GetDataRelBase
 .text._Unwind_GetTextRelBase
                0x0000000002009610        0x8 /opt/devkitpro/devkitPPC/bin/../lib/gcc/powerpc-eabi/12.1.0/libgcc.a(unwind-dw2.o)
                0x0000000002009610                _Unwind_GetTextRelBase
 .text._Unwind_DebugHook
                0x0000000002009618        0x4 /opt/devkitpro/devkitPPC/bin/../lib/gcc/powerpc-eabi/12.1.0/libgcc.a(unwind-dw2.o)
 .text._Unwind_RaiseException
                0x000000000200961c      0x300 /opt/devkitpro/devkitPPC/bin/../lib/gcc/powerpc-eabi/12.1.0/libgcc.a(unwind-dw2.o)
                0x000000000200961c                _Unwind_RaiseException
 .text._Unwind_DeleteException
                0x000000000200991c       0x1c /opt/devkitpro/devkitPPC/bin/../lib/gcc/powerpc-eabi/12.1.0/libgcc.a(unwind-dw2.o)
                0x000000000200991c                _Unwind_DeleteException
 .text.fde_unencoded_compare
                0x0000000002009938       0x20 /opt/devkitpro/devkitPPC/bin/../lib/gcc/powerpc-eabi/12.1.0/libgcc.a(unwind-dw2-fde.o)
 .text.frame_downheap
                0x0000000002009958      0x13c /opt/devkitpro/devkitPPC/bin/../lib/gcc/powerpc-eabi/12.1.0/libgcc.a(unwind-dw2-fde.o)
 .text.frame_heapsort
                0x0000000002009a94      0x118 /opt/devkitpro/devkitPPC/bin/../lib/gcc/powerpc-eabi/12.1.0/libgcc.a(unwind-dw2-fde.o)
 .text.init_object_mutex
                0x0000000002009bac        0xc /opt/devkitpro/devkitPPC/bin/../lib/gcc/powerpc-eabi/12.1.0/libgcc.a(unwind-dw2-fde.o)
 .text.read_encoded_value_with_base
                0x0000000002009bb8      0x13c /opt/devkitpro/devkitPPC/bin/../lib/gcc/powerpc-eabi/12.1.0/libgcc.a(unwind-dw2-fde.o)
 .text.__deregister_frame_info_bases.part.0
                0x0000000002009cf4      0x15c /opt/devkitpro/devkitPPC/bin/../lib/gcc/powerpc-eabi/12.1.0/libgcc.a(unwind-dw2-fde.o)
 .text.get_cie_encoding
                0x0000000002009e50      0x14c /opt/devkitpro/devkitPPC/bin/../lib/gcc/powerpc-eabi/12.1.0/libgcc.a(unwind-dw2-fde.o)
 .text.classify_object_over_fdes
                0x0000000002009f9c      0x250 /opt/devkitpro/devkitPPC/bin/../lib/gcc/powerpc-eabi/12.1.0/libgcc.a(unwind-dw2-fde.o)
 .text.fde_single_encoding_compare
                0x000000000200a1ec       0xd0 /opt/devkitpro/devkitPPC/bin/../lib/gcc/powerpc-eabi/12.1.0/libgcc.a(unwind-dw2-fde.o)
 .text.fde_mixed_encoding_compare
                0x000000000200a2bc      0x15c /opt/devkitpro/devkitPPC/bin/../lib/gcc/powerpc-eabi/12.1.0/libgcc.a(unwind-dw2-fde.o)
 .text.add_fdes
                0x000000000200a418      0x2b8 /opt/devkitpro/devkitPPC/bin/../lib/gcc/powerpc-eabi/12.1.0/libgcc.a(unwind-dw2-fde.o)
 .text.linear_search_fdes
                0x000000000200a6d0      0x318 /opt/devkitpro/devkitPPC/bin/../lib/gcc/powerpc-eabi/12.1.0/libgcc.a(unwind-dw2-fde.o)
 .text.search_object
                0x000000000200a9e8      0x804 /opt/devkitpro/devkitPPC/bin/../lib/gcc/powerpc-eabi/12.1.0/libgcc.a(unwind-dw2-fde.o)
 .text.__register_frame_info
                0x000000000200b1ec       0x9c /opt/devkitpro/devkitPPC/bin/../lib/gcc/powerpc-eabi/12.1.0/libgcc.a(unwind-dw2-fde.o)
                0x000000000200b1ec                __register_frame_info
 .text.__deregister_frame_info
                0x000000000200b288       0x20 /opt/devkitpro/devkitPPC/bin/../lib/gcc/powerpc-eabi/12.1.0/libgcc.a(unwind-dw2-fde.o)
                0x000000000200b288                __deregister_frame_info
 .text._Unwind_Find_FDE
                0x000000000200b2a8      0x260 /opt/devkitpro/devkitPPC/bin/../lib/gcc/powerpc-eabi/12.1.0/libgcc.a(unwind-dw2-fde.o)
                0x000000000200b2a8                _Unwind_Find_FDE
 .text.null_write
                0x000000000200b508        0x8 /opt/devkitpro/devkitPPC/bin/../lib/gcc/powerpc-eabi/12.1.0/../../../../powerpc-eabi/lib/libsysbase.a(iosupport.o)
 .text.setDefaultDevice
                0x000000000200b510       0x18 /opt/devkitpro/devkitPPC/bin/../lib/gcc/powerpc-eabi/12.1.0/../../../../powerpc-eabi/lib/libsysbase.a(iosupport.o)
                0x000000000200b510                setDefaultDevice
 .text.FindDevice
                0x000000000200b528      0x128 /opt/devkitpro/devkitPPC/bin/../lib/gcc/powerpc-eabi/12.1.0/../../../../powerpc-eabi/lib/libsysbase.a(iosupport.o)
                0x000000000200b528                FindDevice
 .text.RemoveDevice
                0x000000000200b650       0x44 /opt/devkitpro/devkitPPC/bin/../lib/gcc/powerpc-eabi/12.1.0/../../../../powerpc-eabi/lib/libsysbase.a(iosupport.o)
                0x000000000200b650                RemoveDevice
 .text.AddDevice
                0x000000000200b694      0x114 /opt/devkitpro/devkitPPC/bin/../lib/gcc/powerpc-eabi/12.1.0/../../../../powerpc-eabi/lib/libsysbase.a(iosupport.o)
                0x000000000200b694                AddDevice
 .text._concatenate_path
                0x000000000200b7a8      0x244 /opt/devkitpro/devkitPPC/bin/../lib/gcc/powerpc-eabi/12.1.0/../../../../powerpc-eabi/lib/libsysbase.a(chdir.o)
                0x000000000200b7a8                _concatenate_path
 .text.chdir    0x000000000200b9ec      0x1b0 /opt/devkitpro/devkitPPC/bin/../lib/gcc/powerpc-eabi/12.1.0/../../../../powerpc-eabi/lib/libsysbase.a(chdir.o)
                0x000000000200b9ec                chdir
 .text.calloc   0x000000000200bb9c       0x18 /opt/devkitpro/devkitPPC/bin/../lib/gcc/powerpc-eabi/12.1.0/../../../../powerpc-eabi/lib/libc.a(lib_a-calloc.o)
                0x000000000200bb9c                calloc
 .text.memalign
                0x000000000200bbb4       0x18 /opt/devkitpro/devkitPPC/bin/../lib/gcc/powerpc-eabi/12.1.0/../../../../powerpc-eabi/lib/libc.a(lib_a-malign.o)
                0x000000000200bbb4                memalign
 .text.malloc   0x000000000200bbcc       0x10 /opt/devkitpro/devkitPPC/bin/../lib/gcc/powerpc-eabi/12.1.0/../../../../powerpc-eabi/lib/libc.a(lib_a-malloc.o)
                0x000000000200bbcc                malloc
 .text.free     0x000000000200bbdc       0x10 /opt/devkitpro/devkitPPC/bin/../lib/gcc/powerpc-eabi/12.1.0/../../../../powerpc-eabi/lib/libc.a(lib_a-malloc.o)
                0x000000000200bbdc                free
 .text.memcpy   0x000000000200bbec      0x128 /opt/devkitpro/devkitPPC/bin/../lib/gcc/powerpc-eabi/12.1.0/../../../../powerpc-eabi/lib/libc.a(lib_a-memcpy.o)
                0x000000000200bbec                memcpy
 .text.memset   0x000000000200bd14      0x194 /opt/devkitpro/devkitPPC/bin/../lib/gcc/powerpc-eabi/12.1.0/../../../../powerpc-eabi/lib/libc.a(lib_a-memset.o)
                0x000000000200bd14                memset
 .text.realloc  0x000000000200bea8       0x18 /opt/devkitpro/devkitPPC/bin/../lib/gcc/powerpc-eabi/12.1.0/../../../../powerpc-eabi/lib/libc.a(lib_a-realloc.o)
                0x000000000200bea8                realloc
 .text.snprintf
                0x000000000200bec0      0x168 /opt/devkitpro/devkitPPC/bin/../lib/gcc/powerpc-eabi/12.1.0/../../../../powerpc-eabi/lib/libc.a(lib_a-snprintf.o)
                0x000000000200bec0                snprintf
 .text.strchr   0x000000000200c028      0x154 /opt/devkitpro/devkitPPC/bin/../lib/gcc/powerpc-eabi/12.1.0/../../../../powerpc-eabi/lib/libc.a(lib_a-strchr.o)
                0x000000000200c028                strchr
 .text.strcmp   0x000000000200c17c       0x9c /opt/devkitpro/devkitPPC/bin/../lib/gcc/powerpc-eabi/12.1.0/../../../../powerpc-eabi/lib/libc.a(lib_a-strcmp.o)
                0x000000000200c17c                strcmp
 .text.strcpy   0x000000000200c218       0x8c /opt/devkitpro/devkitPPC/bin/../lib/gcc/powerpc-eabi/12.1.0/../../../../powerpc-eabi/lib/libc.a(lib_a-strcpy.o)
                0x000000000200c218                strcpy
 .text.strdup   0x000000000200c2a4       0x10 /opt/devkitpro/devkitPPC/bin/../lib/gcc/powerpc-eabi/12.1.0/../../../../powerpc-eabi/lib/libc.a(lib_a-strdup.o)
                0x000000000200c2a4                strdup
 .text._strdup_r
                0x000000000200c2b4       0x6c /opt/devkitpro/devkitPPC/bin/../lib/gcc/powerpc-eabi/12.1.0/../../../../powerpc-eabi/lib/libc.a(lib_a-strdup_r.o)
                0x000000000200c2b4                _strdup_r
 .text.strlen   0x000000000200c320       0x80 /opt/devkitpro/devkitPPC/bin/../lib/gcc/powerpc-eabi/12.1.0/../../../../powerpc-eabi/lib/libc.a(lib_a-strlen.o)
                0x000000000200c320                strlen
 .text.strncmp  0x000000000200c3a0       0xcc /opt/devkitpro/devkitPPC/bin/../lib/gcc/powerpc-eabi/12.1.0/../../../../powerpc-eabi/lib/libc.a(lib_a-strncmp.o)
                0x000000000200c3a0                strncmp
 .text.strncpy  0x000000000200c46c      0x108 /opt/devkitpro/devkitPPC/bin/../lib/gcc/powerpc-eabi/12.1.0/../../../../powerpc-eabi/lib/libc.a(lib_a-strncpy.o)
                0x000000000200c46c                strncpy
 .text.strnlen  0x000000000200c574       0xc8 /opt/devkitpro/devkitPPC/bin/../lib/gcc/powerpc-eabi/12.1.0/../../../../powerpc-eabi/lib/libc.a(lib_a-strnlen.o)
                0x000000000200c574                strnlen
 .text.strrchr  0x000000000200c63c       0x78 /opt/devkitpro/devkitPPC/bin/../lib/gcc/powerpc-eabi/12.1.0/../../../../powerpc-eabi/lib/libc.a(lib_a-strrchr.o)
                0x000000000200c63c                strrchr
 .text._svfprintf_r
                0x000000000200c6b4     0x2eec /opt/devkitpro/devkitPPC/bin/../lib/gcc/powerpc-eabi/12.1.0/../../../../powerpc-eabi/lib/libc.a(lib_a-svfprintf.o)
                0x000000000200c6b4                _svfprintf_r
 .text._wcrtomb_r
                0x000000000200f5a0       0xe4 /opt/devkitpro/devkitPPC/bin/../lib/gcc/powerpc-eabi/12.1.0/../../../../powerpc-eabi/lib/libc.a(lib_a-wcrtomb.o)
                0x000000000200f5a0                _wcrtomb_r
 .text._wcsrtombs_r
                0x000000000200f684       0x10 /opt/devkitpro/devkitPPC/bin/../lib/gcc/powerpc-eabi/12.1.0/../../../../powerpc-eabi/lib/libc.a(lib_a-wcsrtombs.o)
                0x000000000200f684                _wcsrtombs_r
 .text.quorem   0x000000000200f694      0x2ec /opt/devkitpro/devkitPPC/bin/../lib/gcc/powerpc-eabi/12.1.0/../../../../powerpc-eabi/lib/libc.a(lib_a-dtoa.o)
 .text._dtoa_r  0x000000000200f980     0x13e4 /opt/devkitpro/devkitPPC/bin/../lib/gcc/powerpc-eabi/12.1.0/../../../../powerpc-eabi/lib/libc.a(lib_a-dtoa.o)
                0x000000000200f980                _dtoa_r
 .text._localeconv_r
                0x0000000002010d64       0x2c /opt/devkitpro/devkitPPC/bin/../lib/gcc/powerpc-eabi/12.1.0/../../../../powerpc-eabi/lib/libc.a(lib_a-localeconv.o)
                0x0000000002010d64                _localeconv_r
 .text.__locale_mb_cur_max
                0x0000000002010d90       0x2c /opt/devkitpro/devkitPPC/bin/../lib/gcc/powerpc-eabi/12.1.0/../../../../powerpc-eabi/lib/libc.a(lib_a-locale.o)
                0x0000000002010d90                __locale_mb_cur_max
 .text.__utf8_mbtowc
                0x0000000002010dbc      0x300 /opt/devkitpro/devkitPPC/bin/../lib/gcc/powerpc-eabi/12.1.0/../../../../powerpc-eabi/lib/libc.a(lib_a-mbtowc_r.o)
                0x0000000002010dbc                __utf8_mbtowc
 .text.memchr   0x00000000020110bc      0x1b4 /opt/devkitpro/devkitPPC/bin/../lib/gcc/powerpc-eabi/12.1.0/../../../../powerpc-eabi/lib/libc.a(lib_a-memchr.o)
                0x00000000020110bc                memchr
 .text._Balloc  0x0000000002011270       0xe0 /opt/devkitpro/devkitPPC/bin/../lib/gcc/powerpc-eabi/12.1.0/../../../../powerpc-eabi/lib/libc.a(lib_a-mprec.o)
                0x0000000002011270                _Balloc
 .text._Bfree   0x0000000002011350       0x24 /opt/devkitpro/devkitPPC/bin/../lib/gcc/powerpc-eabi/12.1.0/../../../../powerpc-eabi/lib/libc.a(lib_a-mprec.o)
                0x0000000002011350                _Bfree
 .text.__multadd
                0x0000000002011374      0x158 /opt/devkitpro/devkitPPC/bin/../lib/gcc/powerpc-eabi/12.1.0/../../../../powerpc-eabi/lib/libc.a(lib_a-mprec.o)
                0x0000000002011374                __multadd
 .text.__hi0bits
                0x00000000020114cc       0x7c /opt/devkitpro/devkitPPC/bin/../lib/gcc/powerpc-eabi/12.1.0/../../../../powerpc-eabi/lib/libc.a(lib_a-mprec.o)
                0x00000000020114cc                __hi0bits
 .text.__lo0bits
                0x0000000002011548       0xb4 /opt/devkitpro/devkitPPC/bin/../lib/gcc/powerpc-eabi/12.1.0/../../../../powerpc-eabi/lib/libc.a(lib_a-mprec.o)
                0x0000000002011548                __lo0bits
 .text.__i2b    0x00000000020115fc      0x108 /opt/devkitpro/devkitPPC/bin/../lib/gcc/powerpc-eabi/12.1.0/../../../../powerpc-eabi/lib/libc.a(lib_a-mprec.o)
                0x00000000020115fc                __i2b
 .text.__multiply
                0x0000000002011704      0x308 /opt/devkitpro/devkitPPC/bin/../lib/gcc/powerpc-eabi/12.1.0/../../../../powerpc-eabi/lib/libc.a(lib_a-mprec.o)
                0x0000000002011704                __multiply
 .text.__pow5mult
                0x0000000002011a0c      0x17c /opt/devkitpro/devkitPPC/bin/../lib/gcc/powerpc-eabi/12.1.0/../../../../powerpc-eabi/lib/libc.a(lib_a-mprec.o)
                0x0000000002011a0c                __pow5mult
 .text.__lshift
                0x0000000002011b88      0x250 /opt/devkitpro/devkitPPC/bin/../lib/gcc/powerpc-eabi/12.1.0/../../../../powerpc-eabi/lib/libc.a(lib_a-mprec.o)
                0x0000000002011b88                __lshift
 .text.__mcmp   0x0000000002011dd8       0xe0 /opt/devkitpro/devkitPPC/bin/../lib/gcc/powerpc-eabi/12.1.0/../../../../powerpc-eabi/lib/libc.a(lib_a-mprec.o)
                0x0000000002011dd8                __mcmp
 .text.__mdiff  0x0000000002011eb8      0x2ec /opt/devkitpro/devkitPPC/bin/../lib/gcc/powerpc-eabi/12.1.0/../../../../powerpc-eabi/lib/libc.a(lib_a-mprec.o)
                0x0000000002011eb8                __mdiff
 .text.__d2b    0x00000000020121a4      0x1a0 /opt/devkitpro/devkitPPC/bin/../lib/gcc/powerpc-eabi/12.1.0/../../../../powerpc-eabi/lib/libc.a(lib_a-mprec.o)
                0x00000000020121a4                __d2b
 .text.frexp    0x0000000002012344       0x90 /opt/devkitpro/devkitPPC/bin/../lib/gcc/powerpc-eabi/12.1.0/../../../../powerpc-eabi/lib/libc.a(lib_a-s_frexp.o)
                0x0000000002012344                frexp
 .text.__ssprint_r
                0x00000000020123d4      0x260 /opt/devkitpro/devkitPPC/bin/../lib/gcc/powerpc-eabi/12.1.0/../../../../powerpc-eabi/lib/libc.a(lib_a-svfiprintf.o)
                0x00000000020123d4                __ssprint_r
 .text._wcsnrtombs_l
                0x0000000002012634      0x214 /opt/devkitpro/devkitPPC/bin/../lib/gcc/powerpc-eabi/12.1.0/../../../../powerpc-eabi/lib/libc.a(lib_a-wcsnrtombs.o)
                0x0000000002012634                _wcsnrtombs_l
 .text._wcsnrtombs_r
                0x0000000002012848       0x24 /opt/devkitpro/devkitPPC/bin/../lib/gcc/powerpc-eabi/12.1.0/../../../../powerpc-eabi/lib/libc.a(lib_a-wcsnrtombs.o)
                0x0000000002012848                _wcsnrtombs_r
 .text.__utf8_wctomb
                0x000000000201286c      0x108 /opt/devkitpro/devkitPPC/bin/../lib/gcc/powerpc-eabi/12.1.0/../../../../powerpc-eabi/lib/libc.a(lib_a-wctomb_r.o)
                0x000000000201286c                __utf8_wctomb
 .text.__assert_func
                0x0000000002012974       0x58 /opt/devkitpro/devkitPPC/bin/../lib/gcc/powerpc-eabi/12.1.0/../../../../powerpc-eabi/lib/libc.a(lib_a-assert.o)
                0x0000000002012974                __assert_func
 .text.fiprintf
                0x00000000020129cc       0x94 /opt/devkitpro/devkitPPC/bin/../lib/gcc/powerpc-eabi/12.1.0/../../../../powerpc-eabi/lib/libc.a(lib_a-fiprintf.o)
                0x00000000020129cc                fiprintf
 .text.memmove  0x0000000002012a60      0x1c0 /opt/devkitpro/devkitPPC/bin/../lib/gcc/powerpc-eabi/12.1.0/../../../../powerpc-eabi/lib/libc.a(lib_a-memmove.o)
                0x0000000002012a60                memmove
 .text.__sprint_r.part.0
                0x0000000002012c20      0x148 /opt/devkitpro/devkitPPC/bin/../lib/gcc/powerpc-eabi/12.1.0/../../../../powerpc-eabi/lib/libc.a(lib_a-vfiprintf.o)
 .text._vfiprintf_r
                0x0000000002012d68     0x1ca8 /opt/devkitpro/devkitPPC/bin/../lib/gcc/powerpc-eabi/12.1.0/../../../../powerpc-eabi/lib/libc.a(lib_a-vfiprintf.o)
                0x0000000002012d68                _vfiprintf_r
 .text.__sbprintf
                0x0000000002014a10      0x100 /opt/devkitpro/devkitPPC/bin/../lib/gcc/powerpc-eabi/12.1.0/../../../../powerpc-eabi/lib/libc.a(lib_a-vfiprintf.o)
 .text.__swsetup_r
                0x0000000002014b10      0x194 /opt/devkitpro/devkitPPC/bin/../lib/gcc/powerpc-eabi/12.1.0/../../../../powerpc-eabi/lib/libc.a(lib_a-wsetup.o)
                0x0000000002014b10                __swsetup_r
 .text.__sflush_r
                0x0000000002014ca4      0x2f4 /opt/devkitpro/devkitPPC/bin/../lib/gcc/powerpc-eabi/12.1.0/../../../../powerpc-eabi/lib/libc.a(lib_a-fflush.o)
                0x0000000002014ca4                __sflush_r
 .text._fflush_r
                0x0000000002014f98      0x108 /opt/devkitpro/devkitPPC/bin/../lib/gcc/powerpc-eabi/12.1.0/../../../../powerpc-eabi/lib/libc.a(lib_a-fflush.o)
                0x0000000002014f98                _fflush_r
 .text._cleanup_r
                0x00000000020150a0        0xc /opt/devkitpro/devkitPPC/bin/../lib/gcc/powerpc-eabi/12.1.0/../../../../powerpc-eabi/lib/libc.a(lib_a-findfp.o)
                0x00000000020150a0                _cleanup_r
 .text.__sinit  0x00000000020150ac      0x1f8 /opt/devkitpro/devkitPPC/bin/../lib/gcc/powerpc-eabi/12.1.0/../../../../powerpc-eabi/lib/libc.a(lib_a-findfp.o)
                0x00000000020150ac                __sinit
 .text.__sfp_lock_acquire
                0x00000000020152a4       0x58 /opt/devkitpro/devkitPPC/bin/../lib/gcc/powerpc-eabi/12.1.0/../../../../powerpc-eabi/lib/libc.a(lib_a-findfp.o)
                0x00000000020152a4                __sfp_lock_acquire
 .text.__sfp_lock_release
                0x00000000020152fc        0xc /opt/devkitpro/devkitPPC/bin/../lib/gcc/powerpc-eabi/12.1.0/../../../../powerpc-eabi/lib/libc.a(lib_a-findfp.o)
                0x00000000020152fc                __sfp_lock_release
 .text.__fputwc
                0x0000000002015308      0x170 /opt/devkitpro/devkitPPC/bin/../lib/gcc/powerpc-eabi/12.1.0/../../../../powerpc-eabi/lib/libc.a(lib_a-fputwc.o)
                0x0000000002015308                __fputwc
 .text._fputwc_r
                0x0000000002015478       0xd0 /opt/devkitpro/devkitPPC/bin/../lib/gcc/powerpc-eabi/12.1.0/../../../../powerpc-eabi/lib/libc.a(lib_a-fputwc.o)
                0x0000000002015478                _fputwc_r
 .text.__sfvwrite_r
                0x0000000002015548      0x5b0 /opt/devkitpro/devkitPPC/bin/../lib/gcc/powerpc-eabi/12.1.0/../../../../powerpc-eabi/lib/libc.a(lib_a-fvwrite.o)
                0x0000000002015548                __sfvwrite_r
 .text._fwalk_reent
                0x0000000002015af8       0xb4 /opt/devkitpro/devkitPPC/bin/../lib/gcc/powerpc-eabi/12.1.0/../../../../powerpc-eabi/lib/libc.a(lib_a-fwalk.o)
                0x0000000002015af8                _fwalk_reent
 .text.__smakebuf_r
                0x0000000002015bac      0x188 /opt/devkitpro/devkitPPC/bin/../lib/gcc/powerpc-eabi/12.1.0/../../../../powerpc-eabi/lib/libc.a(lib_a-makebuf.o)
                0x0000000002015bac                __smakebuf_r
 .text.__sread  0x0000000002015d34       0x74 /opt/devkitpro/devkitPPC/bin/../lib/gcc/powerpc-eabi/12.1.0/../../../../powerpc-eabi/lib/libc.a(lib_a-stdio.o)
                0x0000000002015d34                __sread
 .text.__swrite
                0x0000000002015da8       0xb8 /opt/devkitpro/devkitPPC/bin/../lib/gcc/powerpc-eabi/12.1.0/../../../../powerpc-eabi/lib/libc.a(lib_a-stdio.o)
                0x0000000002015da8                __swrite
 .text.__sseek  0x0000000002015e60       0x70 /opt/devkitpro/devkitPPC/bin/../lib/gcc/powerpc-eabi/12.1.0/../../../../powerpc-eabi/lib/libc.a(lib_a-stdio.o)
                0x0000000002015e60                __sseek
 .text.__sclose
                0x0000000002015ed0        0x8 /opt/devkitpro/devkitPPC/bin/../lib/gcc/powerpc-eabi/12.1.0/../../../../powerpc-eabi/lib/libc.a(lib_a-stdio.o)
                0x0000000002015ed0                __sclose
 .text.__swbuf_r
                0x0000000002015ed8      0x18c /opt/devkitpro/devkitPPC/bin/../lib/gcc/powerpc-eabi/12.1.0/../../../../powerpc-eabi/lib/libc.a(lib_a-wbuf.o)
                0x0000000002015ed8                __swbuf_r
 .text._fclose_r
                0x0000000002016064      0x1ec /opt/devkitpro/devkitPPC/bin/../lib/gcc/powerpc-eabi/12.1.0/../../../../powerpc-eabi/lib/libc.a(lib_a-fclose.o)
                0x0000000002016064                _fclose_r
 .text._close_r
                0x0000000002016250       0xec /opt/devkitpro/devkitPPC/bin/../lib/gcc/powerpc-eabi/12.1.0/../../../../powerpc-eabi/lib/libsysbase.a(close.o)
                0x0000000002016250                _close_r
 .text._fstat_r
                0x000000000201633c       0xb0 /opt/devkitpro/devkitPPC/bin/../lib/gcc/powerpc-eabi/12.1.0/../../../../powerpc-eabi/lib/libsysbase.a(fstat.o)
                0x000000000201633c                _fstat_r
 .text._isatty_r
                0x00000000020163ec        0x8 /opt/devkitpro/devkitPPC/bin/../lib/gcc/powerpc-eabi/12.1.0/../../../../powerpc-eabi/lib/libsysbase.a(isatty.o)
                0x00000000020163ec                _isatty_r
 .text._lseek_r
                0x00000000020163f4       0xe0 /opt/devkitpro/devkitPPC/bin/../lib/gcc/powerpc-eabi/12.1.0/../../../../powerpc-eabi/lib/libsysbase.a(lseek.o)
                0x00000000020163f4                _lseek_r
 .text._read_r  0x00000000020164d4       0xc4 /opt/devkitpro/devkitPPC/bin/../lib/gcc/powerpc-eabi/12.1.0/../../../../powerpc-eabi/lib/libsysbase.a(read.o)
                0x00000000020164d4                _read_r
 .text._write_r
                0x0000000002016598       0xc4 /opt/devkitpro/devkitPPC/bin/../lib/gcc/powerpc-eabi/12.1.0/../../../../powerpc-eabi/lib/libsysbase.a(write.o)
                0x0000000002016598                _write_r
 .text.__flockfile
                0x000000000201665c       0x54 /opt/devkitpro/devkitPPC/bin/../lib/gcc/powerpc-eabi/12.1.0/../../../../powerpc-eabi/lib/libsysbase.a(flock.o)
                0x000000000201665c                __flockfile
 .text.__funlockfile
                0x00000000020166b0        0x8 /opt/devkitpro/devkitPPC/bin/../lib/gcc/powerpc-eabi/12.1.0/../../../../powerpc-eabi/lib/libsysbase.a(flock.o)
                0x00000000020166b0                __funlockfile
 .text.__release_handle
                0x00000000020166b8       0xe4 /opt/devkitpro/devkitPPC/bin/../lib/gcc/powerpc-eabi/12.1.0/../../../../powerpc-eabi/lib/libsysbase.a(handle_manager.o)
                0x00000000020166b8                __release_handle
 .text.__get_handle
                0x000000000201679c       0x24 /opt/devkitpro/devkitPPC/bin/../lib/gcc/powerpc-eabi/12.1.0/../../../../powerpc-eabi/lib/libsysbase.a(handle_manager.o)
                0x000000000201679c                __get_handle
 .text.__libc_lock_init
                0x00000000020167c0       0x1c /opt/devkitpro/devkitPPC/bin/../lib/gcc/powerpc-eabi/12.1.0/../../../../powerpc-eabi/lib/libsysbase.a(syscall_support.o)
                0x00000000020167c0                __libc_lock_init
 .text.__libc_lock_close
                0x00000000020167dc       0x1c /opt/devkitpro/devkitPPC/bin/../lib/gcc/powerpc-eabi/12.1.0/../../../../powerpc-eabi/lib/libsysbase.a(syscall_support.o)
                0x00000000020167dc                __libc_lock_close
 .text.__libc_lock_release
                0x00000000020167f8       0x1c /opt/devkitpro/devkitPPC/bin/../lib/gcc/powerpc-eabi/12.1.0/../../../../powerpc-eabi/lib/libsysbase.a(syscall_support.o)
                0x00000000020167f8                __libc_lock_release
 .text.__libc_lock_acquire
                0x0000000002016814       0x1c /opt/devkitpro/devkitPPC/bin/../lib/gcc/powerpc-eabi/12.1.0/../../../../powerpc-eabi/lib/libsysbase.a(syscall_support.o)
                0x0000000002016814                __libc_lock_acquire
 .text.__do_global_ctors_aux
                0x0000000002016830       0x50 /opt/devkitpro/devkitPPC/bin/../lib/gcc/powerpc-eabi/12.1.0/crtend.o
 *(.gnu.warning)
 *(.glink)
 .glink         0x0000000002016880        0x0 /opt/devkitpro/devkitPPC/bin/../lib/gcc/powerpc-eabi/12.1.0/crtbegin.o
 *(SORT_NONE(.fini))
 .fini          0x0000000002016880        0xc /opt/devkitpro/devkitPPC/bin/../lib/gcc/powerpc-eabi/12.1.0/ecrti.o
                0x0000000002016880                __fini
 .fini          0x000000000201688c        0x4 /opt/devkitpro/devkitPPC/bin/../lib/gcc/powerpc-eabi/12.1.0/crtbegin.o
 .fini          0x0000000002016890       0x10 /opt/devkitpro/devkitPPC/bin/../lib/gcc/powerpc-eabi/12.1.0/ecrtn.o
                0x0000000010000000                . = ORIGIN (datamem)

.rodata         0x0000000010000000     0x17e4
 *(.sdata2 .sdata2.* .gnu.linkonce.s2.*)
 .sdata2        0x0000000010000000        0x0 /opt/devkitpro/devkitPPC/bin/../lib/gcc/powerpc-eabi/12.1.0/crtbegin.o
                0x0000000010008000                _SDA2_BASE_
 *(.sbss2 .sbss2.* .gnu.linkonce.sb2.*)
 *(.rodata .rodata.* .gnu.linkonce.r.*)
 .rodata.str1.4
                0x0000000010000000      0x237 main.o
 *fill*         0x0000000010000237        0x1 
 .rodata.__wups_start.str1.4
                0x0000000010000238       0x38 /opt/devkitpro/wups/lib/libwups.a(main.o)
 .rodata._Z44WUPSConfigItemBoolean_getCurrentValueDisplayPvPci.str1.4
                0x0000000010000270        0x5 /opt/devkitpro/wups/lib/libwups.a(WUPSConfigItemBoolean.o)
 *fill*         0x0000000010000275        0x3 
 .rodata._Z52WUPSConfigItemBoolean_getCurrentValueSelectedDisplayPvPci.str1.4
                0x0000000010000278        0xf /opt/devkitpro/wups/lib/libwups.a(WUPSConfigItemBoolean.o)
 *fill*         0x0000000010000287        0x1 
 .rodata.WUPSConfigItemBoolean_AddToCategoryEx.str1.4
                0x0000000010000288        0x3 /opt/devkitpro/wups/lib/libwups.a(WUPSConfigItemBoolean.o)
 *fill*         0x000000001000028b        0x1 
 .rodata.WUPSConfigItemBoolean_AddToCategory.str1.4
                0x000000001000028c        0xd /opt/devkitpro/wups/lib/libwups.a(WUPSConfigItemBoolean.o)
 *fill*         0x0000000010000299        0x3 
 .rodata        0x000000001000029c       0x20 /opt/devkitpro/wups/lib/libwups.a(WUPSConfigItemBoolean.o)
 .rodata.wups_get_thread_specific.str1.4
                0x00000000100002bc       0xae /opt/devkitpro/wups/lib/libwups.a(wups_thread_specific.o)
 *fill*         0x000000001000036a        0x2 
 .rodata.str1.4
                0x000000001000036c        0x3 /opt/devkitpro/wut/lib/libwut.a(devoptab_fs.o)
 *fill*         0x000000001000036f        0x1 
 .rodata.__wut_fs_translate_error
                0x0000000010000370       0x48 /opt/devkitpro/wut/lib/libwut.a(devoptab_fs_utils.o)
 .rodata.__wut_fs_open.str1.4
                0x00000000100003b8       0x13 /opt/devkitpro/wut/lib/libwut.a(devoptab_fs_open.o)
                                         0x17 (size before relaxing)
 *fill*         0x00000000100003cb        0x1 
 .rodata.NotificationModule_GetVersion.str1.4
                0x00000000100003cc      0x109 /opt/devkitpro/wums/lib/libnotifications.a(utils.o)
 *fill*         0x00000000100004d5        0x3 
 .rodata.NotificationModule_InitLibrary.str1.4
                0x00000000100004d8      0x3f2 /opt/devkitpro/wums/lib/libnotifications.a(utils.o)
 *fill*         0x00000000100008ca        0x2 
 .rodata.cst4   0x00000000100008cc        0xc /opt/devkitpro/wums/lib/libnotifications.a(utils.o)
 .rodata._ZNKSt9bad_alloc4whatEv.str1.4
                0x00000000100008d8        0xf /opt/devkitpro/devkitPPC/bin/../lib/gcc/powerpc-eabi/12.1.0/../../../../powerpc-eabi/lib/libstdc++.a(bad_alloc.o)
 *fill*         0x00000000100008e7        0x1 
 .rodata._ZTSSt9bad_alloc
                0x00000000100008e8        0xd /opt/devkitpro/devkitPPC/bin/../lib/gcc/powerpc-eabi/12.1.0/../../../../powerpc-eabi/lib/libstdc++.a(bad_alloc.o)
                0x00000000100008e8                _ZTSSt9bad_alloc
 *fill*         0x00000000100008f5        0x3 
 .rodata._ZTISt9bad_alloc
                0x00000000100008f8        0xc /opt/devkitpro/devkitPPC/bin/../lib/gcc/powerpc-eabi/12.1.0/../../../../powerpc-eabi/lib/libstdc++.a(bad_alloc.o)
                0x00000000100008f8                _ZTISt9bad_alloc
 .rodata._ZTVSt9bad_alloc
                0x0000000010000904       0x14 /opt/devkitpro/devkitPPC/bin/../lib/gcc/powerpc-eabi/12.1.0/../../../../powerpc-eabi/lib/libstdc++.a(bad_alloc.o)
                0x0000000010000904                _ZTVSt9bad_alloc
 .rodata._ZNK9__gnu_cxx24__concurrence_lock_error4whatEv.str1.4
                0x0000000010000918       0x24 /opt/devkitpro/devkitPPC/bin/../lib/gcc/powerpc-eabi/12.1.0/../../../../powerpc-eabi/lib/libstdc++.a(eh_alloc.o)
 .rodata._ZNK9__gnu_cxx26__concurrence_unlock_error4whatEv.str1.4
                0x000000001000093c       0x26 /opt/devkitpro/devkitPPC/bin/../lib/gcc/powerpc-eabi/12.1.0/../../../../powerpc-eabi/lib/libstdc++.a(eh_alloc.o)
 *fill*         0x0000000010000962        0x2 
 .rodata._ZTSN9__gnu_cxx24__concurrence_lock_errorE
                0x0000000010000964       0x27 /opt/devkitpro/devkitPPC/bin/../lib/gcc/powerpc-eabi/12.1.0/../../../../powerpc-eabi/lib/libstdc++.a(eh_alloc.o)
                0x0000000010000964                _ZTSN9__gnu_cxx24__concurrence_lock_errorE
 *fill*         0x000000001000098b        0x1 
 .rodata._ZTIN9__gnu_cxx24__concurrence_lock_errorE
                0x000000001000098c        0xc /opt/devkitpro/devkitPPC/bin/../lib/gcc/powerpc-eabi/12.1.0/../../../../powerpc-eabi/lib/libstdc++.a(eh_alloc.o)
                0x000000001000098c                _ZTIN9__gnu_cxx24__concurrence_lock_errorE
 .rodata._ZTSN9__gnu_cxx26__concurrence_unlock_errorE
                0x0000000010000998       0x29 /opt/devkitpro/devkitPPC/bin/../lib/gcc/powerpc-eabi/12.1.0/../../../../powerpc-eabi/lib/libstdc++.a(eh_alloc.o)
                0x0000000010000998                _ZTSN9__gnu_cxx26__concurrence_unlock_errorE
 *fill*         0x00000000100009c1        0x3 
 .rodata._ZTIN9__gnu_cxx26__concurrence_unlock_errorE
                0x00000000100009c4        0xc /opt/devkitpro/devkitPPC/bin/../lib/gcc/powerpc-eabi/12.1.0/../../../../powerpc-eabi/lib/libstdc++.a(eh_alloc.o)
                0x00000000100009c4                _ZTIN9__gnu_cxx26__concurrence_unlock_errorE
 .rodata._ZTVN9__gnu_cxx24__concurrence_lock_errorE
                0x00000000100009d0       0x14 /opt/devkitpro/devkitPPC/bin/../lib/gcc/powerpc-eabi/12.1.0/../../../../powerpc-eabi/lib/libstdc++.a(eh_alloc.o)
                0x00000000100009d0                _ZTVN9__gnu_cxx24__concurrence_lock_errorE
 .rodata._ZTVN9__gnu_cxx26__concurrence_unlock_errorE
                0x00000000100009e4       0x14 /opt/devkitpro/devkitPPC/bin/../lib/gcc/powerpc-eabi/12.1.0/../../../../powerpc-eabi/lib/libstdc++.a(eh_alloc.o)
                0x00000000100009e4                _ZTVN9__gnu_cxx26__concurrence_unlock_errorE
 .rodata._ZTSSt9exception
                0x00000000100009f8        0xd /opt/devkitpro/devkitPPC/bin/../lib/gcc/powerpc-eabi/12.1.0/../../../../powerpc-eabi/lib/libstdc++.a(eh_exception.o)
                0x00000000100009f8                _ZTSSt9exception
 *fill*         0x0000000010000a05        0x3 
 .rodata._ZTSN10__cxxabiv115__forced_unwindE
                0x0000000010000a08       0x20 /opt/devkitpro/devkitPPC/bin/../lib/gcc/powerpc-eabi/12.1.0/../../../../powerpc-eabi/lib/libstdc++.a(eh_exception.o)
                0x0000000010000a08                _ZTSN10__cxxabiv115__forced_unwindE
 .rodata._ZTSN10__cxxabiv119__foreign_exceptionE
                0x0000000010000a28       0x24 /opt/devkitpro/devkitPPC/bin/../lib/gcc/powerpc-eabi/12.1.0/../../../../powerpc-eabi/lib/libstdc++.a(eh_exception.o)
                0x0000000010000a28                _ZTSN10__cxxabiv119__foreign_exceptionE
 .rodata._ZL28read_encoded_value_with_basehjPKhPj
                0x0000000010000a4c       0x34 /opt/devkitpro/devkitPPC/bin/../lib/gcc/powerpc-eabi/12.1.0/../../../../powerpc-eabi/lib/libstdc++.a(eh_personality.o)
 .rodata._ZTSN10__cxxabiv120__si_class_type_infoE
                0x0000000010000a80       0x25 /opt/devkitpro/devkitPPC/bin/../lib/gcc/powerpc-eabi/12.1.0/../../../../powerpc-eabi/lib/libstdc++.a(si_class_type_info.o)
                0x0000000010000a80                _ZTSN10__cxxabiv120__si_class_type_infoE
 *fill*         0x0000000010000aa5        0x3 
 .rodata._ZTIN10__cxxabiv120__si_class_type_infoE
                0x0000000010000aa8        0xc /opt/devkitpro/devkitPPC/bin/../lib/gcc/powerpc-eabi/12.1.0/../../../../powerpc-eabi/lib/libstdc++.a(si_class_type_info.o)
                0x0000000010000aa8                _ZTIN10__cxxabiv120__si_class_type_infoE
 .rodata._ZTVN10__cxxabiv120__si_class_type_infoE
                0x0000000010000ab4       0x2c /opt/devkitpro/devkitPPC/bin/../lib/gcc/powerpc-eabi/12.1.0/../../../../powerpc-eabi/lib/libstdc++.a(si_class_type_info.o)
                0x0000000010000ab4                _ZTVN10__cxxabiv120__si_class_type_infoE
 .rodata._ZTSSt9type_info
                0x0000000010000ae0        0xd /opt/devkitpro/devkitPPC/bin/../lib/gcc/powerpc-eabi/12.1.0/../../../../powerpc-eabi/lib/libstdc++.a(tinfo.o)
                0x0000000010000ae0                _ZTSSt9type_info
 *fill*         0x0000000010000aed        0x3 
 .rodata._ZTSN10__cxxabiv117__class_type_infoE
                0x0000000010000af0       0x22 /opt/devkitpro/devkitPPC/bin/../lib/gcc/powerpc-eabi/12.1.0/../../../../powerpc-eabi/lib/libstdc++.a(class_type_info.o)
                0x0000000010000af0                _ZTSN10__cxxabiv117__class_type_infoE
 *fill*         0x0000000010000b12        0x2 
 .rodata._ZTIN10__cxxabiv117__class_type_infoE
                0x0000000010000b14        0xc /opt/devkitpro/devkitPPC/bin/../lib/gcc/powerpc-eabi/12.1.0/../../../../powerpc-eabi/lib/libstdc++.a(class_type_info.o)
                0x0000000010000b14                _ZTIN10__cxxabiv117__class_type_infoE
 .rodata._ZTVN10__cxxabiv117__class_type_infoE
                0x0000000010000b20       0x2c /opt/devkitpro/devkitPPC/bin/../lib/gcc/powerpc-eabi/12.1.0/../../../../powerpc-eabi/lib/libstdc++.a(class_type_info.o)
                0x0000000010000b20                _ZTVN10__cxxabiv117__class_type_infoE
 .rodata.read_encoded_value
                0x0000000010000b4c       0x34 /opt/devkitpro/devkitPPC/bin/../lib/gcc/powerpc-eabi/12.1.0/libgcc.a(unwind-dw2.o)
 .rodata.execute_stack_op
                0x0000000010000b80      0x29c /opt/devkitpro/devkitPPC/bin/../lib/gcc/powerpc-eabi/12.1.0/libgcc.a(unwind-dw2.o)
 .rodata.uw_update_context_1
                0x0000000010000e1c       0x18 /opt/devkitpro/devkitPPC/bin/../lib/gcc/powerpc-eabi/12.1.0/libgcc.a(unwind-dw2.o)
 .rodata.execute_cfa_program
                0x0000000010000e34       0xc0 /opt/devkitpro/devkitPPC/bin/../lib/gcc/powerpc-eabi/12.1.0/libgcc.a(unwind-dw2.o)
 .rodata.uw_frame_state_for
                0x0000000010000ef4       0x48 /opt/devkitpro/devkitPPC/bin/../lib/gcc/powerpc-eabi/12.1.0/libgcc.a(unwind-dw2.o)
 .rodata.read_encoded_value_with_base
                0x0000000010000f3c       0x34 /opt/devkitpro/devkitPPC/bin/../lib/gcc/powerpc-eabi/12.1.0/libgcc.a(unwind-dw2-fde.o)
 .rodata.terminator.1
                0x0000000010000f70        0x8 /opt/devkitpro/devkitPPC/bin/../lib/gcc/powerpc-eabi/12.1.0/libgcc.a(unwind-dw2-fde.o)
 .rodata.AddDevice.str1.4
                0x0000000010000f78        0x8 /opt/devkitpro/devkitPPC/bin/../lib/gcc/powerpc-eabi/12.1.0/../../../../powerpc-eabi/lib/libsysbase.a(iosupport.o)
 .rodata.dotab_stdnull
                0x0000000010000f80       0x70 /opt/devkitpro/devkitPPC/bin/../lib/gcc/powerpc-eabi/12.1.0/../../../../powerpc-eabi/lib/libsysbase.a(iosupport.o)
                0x0000000010000f80                dotab_stdnull
 .rodata._ctype_
                0x0000000010000ff0      0x101 /opt/devkitpro/devkitPPC/bin/../lib/gcc/powerpc-eabi/12.1.0/../../../../powerpc-eabi/lib/libc.a(lib_a-ctype_.o)
                0x0000000010000ff0                _ctype_
 *fill*         0x00000000100010f1        0x3 
 .rodata._svfprintf_r.str1.4
                0x00000000100010f4       0x42 /opt/devkitpro/devkitPPC/bin/../lib/gcc/powerpc-eabi/12.1.0/../../../../powerpc-eabi/lib/libc.a(lib_a-svfprintf.o)
 *fill*         0x0000000010001136        0x2 
 .rodata._svfprintf_r
                0x0000000010001138      0x204 /opt/devkitpro/devkitPPC/bin/../lib/gcc/powerpc-eabi/12.1.0/../../../../powerpc-eabi/lib/libc.a(lib_a-svfprintf.o)
 .rodata.zeroes.0
                0x000000001000133c       0x10 /opt/devkitpro/devkitPPC/bin/../lib/gcc/powerpc-eabi/12.1.0/../../../../powerpc-eabi/lib/libc.a(lib_a-svfprintf.o)
 .rodata.blanks.1
                0x000000001000134c       0x10 /opt/devkitpro/devkitPPC/bin/../lib/gcc/powerpc-eabi/12.1.0/../../../../powerpc-eabi/lib/libc.a(lib_a-svfprintf.o)
 .rodata.cst4   0x000000001000135c        0xc /opt/devkitpro/devkitPPC/bin/../lib/gcc/powerpc-eabi/12.1.0/../../../../powerpc-eabi/lib/libc.a(lib_a-svfprintf.o)
                                         0x14 (size before relaxing)
 .rodata.cst8   0x0000000010001368        0x8 /opt/devkitpro/devkitPPC/bin/../lib/gcc/powerpc-eabi/12.1.0/../../../../powerpc-eabi/lib/libc.a(lib_a-svfprintf.o)
 .rodata._dtoa_r.str1.4
                0x0000000010001370       0x66 /opt/devkitpro/devkitPPC/bin/../lib/gcc/powerpc-eabi/12.1.0/../../../../powerpc-eabi/lib/libc.a(lib_a-dtoa.o)
                                         0x6a (size before relaxing)
 *fill*         0x00000000100013d6        0x2 
 .rodata.cst4   0x00000000100013d8       0x18 /opt/devkitpro/devkitPPC/bin/../lib/gcc/powerpc-eabi/12.1.0/../../../../powerpc-eabi/lib/libc.a(lib_a-dtoa.o)
                                         0x24 (size before relaxing)
 .rodata.cst8   0x00000000100013f0       0x18 /opt/devkitpro/devkitPPC/bin/../lib/gcc/powerpc-eabi/12.1.0/../../../../powerpc-eabi/lib/libc.a(lib_a-dtoa.o)
 .rodata.str1.4
                0x0000000010001408       0x48 /opt/devkitpro/devkitPPC/bin/../lib/gcc/powerpc-eabi/12.1.0/../../../../powerpc-eabi/lib/libc.a(lib_a-locale.o)
                                         0x4c (size before relaxing)
 .rodata.__multadd.str1.4
                0x0000000010001450       0x43 /opt/devkitpro/devkitPPC/bin/../lib/gcc/powerpc-eabi/12.1.0/../../../../powerpc-eabi/lib/libc.a(lib_a-mprec.o)
                                         0x57 (size before relaxing)
 *fill*         0x0000000010001493        0x1 
 .rodata.p05.0  0x0000000010001494        0xc /opt/devkitpro/devkitPPC/bin/../lib/gcc/powerpc-eabi/12.1.0/../../../../powerpc-eabi/lib/libc.a(lib_a-mprec.o)
 .rodata.__mprec_bigtens
                0x00000000100014a0       0x28 /opt/devkitpro/devkitPPC/bin/../lib/gcc/powerpc-eabi/12.1.0/../../../../powerpc-eabi/lib/libc.a(lib_a-mprec.o)
                0x00000000100014a0                __mprec_bigtens
 .rodata.__mprec_tens
                0x00000000100014c8       0xc8 /opt/devkitpro/devkitPPC/bin/../lib/gcc/powerpc-eabi/12.1.0/../../../../powerpc-eabi/lib/libc.a(lib_a-mprec.o)
                0x00000000100014c8                __mprec_tens
 .rodata.cst4   0x0000000010001590        0x4 /opt/devkitpro/devkitPPC/bin/../lib/gcc/powerpc-eabi/12.1.0/../../../../powerpc-eabi/lib/libc.a(lib_a-s_frexp.o)
 .rodata.__assert_func.str1.4
                0x0000000010001594       0x3f /opt/devkitpro/devkitPPC/bin/../lib/gcc/powerpc-eabi/12.1.0/../../../../powerpc-eabi/lib/libc.a(lib_a-assert.o)
                                         0x43 (size before relaxing)
 .rodata._vfiprintf_r.str1.4
                0x00000000100015d3       0x2f /opt/devkitpro/devkitPPC/bin/../lib/gcc/powerpc-eabi/12.1.0/../../../../powerpc-eabi/lib/libc.a(lib_a-vfiprintf.o)
 *fill*         0x00000000100015d3        0x1 
 .rodata._vfiprintf_r
                0x00000000100015d4      0x16c /opt/devkitpro/devkitPPC/bin/../lib/gcc/powerpc-eabi/12.1.0/../../../../powerpc-eabi/lib/libc.a(lib_a-vfiprintf.o)
 .rodata.zeroes.0
                0x0000000010001740       0x10 /opt/devkitpro/devkitPPC/bin/../lib/gcc/powerpc-eabi/12.1.0/../../../../powerpc-eabi/lib/libc.a(lib_a-vfiprintf.o)
 .rodata.blanks.1
                0x0000000010001750       0x10 /opt/devkitpro/devkitPPC/bin/../lib/gcc/powerpc-eabi/12.1.0/../../../../powerpc-eabi/lib/libc.a(lib_a-vfiprintf.o)
 *(.rodata1)
 *(.gcc_except_table .gcc_except_table.*)
 .gcc_except_table._ZN12_GLOBAL__N_14pool4freeEPv.constprop.0
                0x0000000010001760        0xd /opt/devkitpro/devkitPPC/bin/../lib/gcc/powerpc-eabi/12.1.0/../../../../powerpc-eabi/lib/libstdc++.a(eh_alloc.o)
 .gcc_except_table._ZN12_GLOBAL__N_14pool8allocateEj.constprop.0
                0x000000001000176d        0xd /opt/devkitpro/devkitPPC/bin/../lib/gcc/powerpc-eabi/12.1.0/../../../../powerpc-eabi/lib/libstdc++.a(eh_alloc.o)
 .gcc_except_table.__cxa_allocate_exception
                0x000000001000177a        0x4 /opt/devkitpro/devkitPPC/bin/../lib/gcc/powerpc-eabi/12.1.0/../../../../powerpc-eabi/lib/libstdc++.a(eh_alloc.o)
 .gcc_except_table.__cxa_free_exception
                0x000000001000177e        0x4 /opt/devkitpro/devkitPPC/bin/../lib/gcc/powerpc-eabi/12.1.0/../../../../powerpc-eabi/lib/libstdc++.a(eh_alloc.o)
 .gcc_except_table._GLOBAL__sub_D__ZN9__gnu_cxx9__freeresEv
                0x0000000010001782        0x4 /opt/devkitpro/devkitPPC/bin/../lib/gcc/powerpc-eabi/12.1.0/../../../../powerpc-eabi/lib/libstdc++.a(eh_alloc.o)
 *fill*         0x0000000010001786        0x2 
 .gcc_except_table.__gxx_personality_v0
                0x0000000010001788       0x1c /opt/devkitpro/devkitPPC/bin/../lib/gcc/powerpc-eabi/12.1.0/../../../../powerpc-eabi/lib/libstdc++.a(eh_personality.o)
 .gcc_except_table._ZN10__cxxabiv111__terminateEPFvvE
                0x00000000100017a4       0x10 /opt/devkitpro/devkitPPC/bin/../lib/gcc/powerpc-eabi/12.1.0/../../../../powerpc-eabi/lib/libstdc++.a(eh_terminate.o)
 .gcc_except_table.__cxa_get_globals
                0x00000000100017b4        0x4 /opt/devkitpro/devkitPPC/bin/../lib/gcc/powerpc-eabi/12.1.0/../../../../powerpc-eabi/lib/libstdc++.a(eh_globals.o)
 .gcc_except_table._GLOBAL__sub_D___cxa_get_globals_fast
                0x00000000100017b8        0x4 /opt/devkitpro/devkitPPC/bin/../lib/gcc/powerpc-eabi/12.1.0/../../../../powerpc-eabi/lib/libstdc++.a(eh_globals.o)
 *(.gnu_extab*)
                0x00000000100017bc                . = ALIGN (0x4)
                [!provide]                        PROVIDE (__preinit_array_start = .)
 *(.preinit_array)
                [!provide]                        PROVIDE (__preinit_array_end = .)
                [!provide]                        PROVIDE (__init_array_start = .)
 *crtbegin.o(.ctors)
 .ctors         0x00000000100017bc        0x4 /opt/devkitpro/devkitPPC/bin/../lib/gcc/powerpc-eabi/12.1.0/crtbegin.o
 *crtbegin?.o(.ctors)
 *(SORT_BY_INIT_PRIORITY(.init_array.*) SORT_BY_INIT_PRIORITY(.ctors.*))
 *(.init_array EXCLUDE_FILE(*crtend?.o *crtend.o *crtbegin?.o *crtbegin.o) .ctors)
 .ctors         0x00000000100017c0        0x0 /opt/devkitpro/devkitPPC/bin/../lib/gcc/powerpc-eabi/12.1.0/ecrti.o
                0x00000000100017c0                __CTOR_LIST__
 .ctors         0x00000000100017c0        0x4 /opt/devkitpro/wums/lib/libnotifications.a(utils.o)
 .ctors         0x00000000100017c4        0x4 /opt/devkitpro/devkitPPC/bin/../lib/gcc/powerpc-eabi/12.1.0/../../../../powerpc-eabi/lib/libstdc++.a(eh_alloc.o)
 .ctors         0x00000000100017c8        0x4 /opt/devkitpro/devkitPPC/bin/../lib/gcc/powerpc-eabi/12.1.0/../../../../powerpc-eabi/lib/libstdc++.a(eh_globals.o)
 .ctors         0x00000000100017cc        0x0 /opt/devkitpro/devkitPPC/bin/../lib/gcc/powerpc-eabi/12.1.0/ecrtn.o
                0x00000000100017cc                __CTOR_END__
 *(SORT_BY_NAME(.ctors.*))
 *(.ctors)